time_model_single_format config
  model_name=mobilenetv2-12
  format=p16e1
  target_so=./temp/mobilenet11_temp/mobilenetv2-12-qdq-p16e1.so
  target_type=f32
  txt_dir=./temp/imagenette_val_224
  limit=1
  shape=1x3x224x224
  warmup=0
  iters=1
  timeout_sec=0
  baseline=nqdq-f32
  baseline_so=./temp/mobilenet11_temp/mobilenetv2-12-nqdq-f32.so
  label_map=./temp/imagenette_val_224_labels.txt
  mode=no-benchmark

=== sample[1/1] ./temp/imagenette_val_224/img_00000.txt rc=3 ===
dlsym(_mlir_ciface_main_graph) failed: ./temp/mobilenet11_temp/mobilenetv2-12-qdq-p16e1.so: undefined symbol: _mlir_ciface_main_graph

[first-fail] sample=./temp/imagenette_val_224/img_00000.txt rc=3
dlsym(_mlir_ciface_main_graph) failed: ./temp/mobilenet11_temp/mobilenetv2-12-qdq-p16e1.so: undefined symbol: _mlir_ciface_main_graph
ERROR: no valid sample parsed (failed=1)
