time_model_single_format config
  model_name=mobilenetv2-12
  format=nqdq-f32
  target_so=./temp/mobilenet11_temp/mobilenetv2-12-nqdq-f32.so
  target_type=f32
  txt_dir=./temp/imagenette_val_224
  limit=1
  shape=1x3x224x224
  warmup=0
  iters=1
  timeout_sec=0
  baseline=none
  label_map=./temp/imagenette_val_224_labels.txt
  mode=no-benchmark

=== sample[1/1] ./temp/imagenette_val_224/img_00000.txt rc=0 ===
MAIN type=f32 avg=60899.2 us (iters=1, warmup=0)
  top1=0 top5=[0,764,389,150,758]
  label=0 top1_hit=yes top5_hit=yes
COMPARE baseline=f32 so=./temp/mobilenet11_temp/mobilenetv2-12-nqdq-f32.so

[progress] 1/1

Summary
  target=mobilenetv2-12-nqdq-f32
  samples_used=1
  samples_failed=0
  samples_missing_label=0
  avg_latency_us=60899.2
  total_wall_time_sec=0.121261
  GT Top1(%)=100 Top5(%)=100
  log_file=./temp/mobilenet11_temp/nqdq-f32_limit1_after345.log
