time_model_single_format config
  model_name=mobilenetv2-12
  format=p16e1
  target_so=./temp/mobilenet11_temp/mobilenetv2-12-qdq-p16e1.so
  target_type=f32
  txt_dir=./temp/imagenette_val_224
  limit=1
  shape=1x3x224x224
  warmup=0
  iters=1
  timeout_sec=0
  baseline=nqdq-f32
  baseline_so=./temp/mobilenet11_temp/mobilenetv2-12-nqdq-f32.so
  label_map=./temp/imagenette_val_224_labels.txt
  mode=no-benchmark

=== sample[1/1] ./temp/imagenette_val_224/img_00000.txt rc=0 ===
MAIN type=f32 avg=1.45731e+08 us (iters=1, warmup=0)
  top1=0 top5=[0,389,391,395,764]
  label=0 top1_hit=yes top5_hit=yes
CMP#1 type=f32 avg=59802.1 us so=./temp/mobilenet11_temp/mobilenetv2-12-nqdq-f32.so
  top1=0 top5=[0,764,389,150,758]
  label=0 top1_hit=yes top5_hit=yes
COMPARE baseline=f32 so=./temp/mobilenet11_temp/mobilenetv2-12-nqdq-f32.so
  C1 target=f32 so=./temp/mobilenet11_temp/mobilenetv2-12-qdq-p16e1.so N=1000 MAE=0.834083 RMSE=1.06894 MaxAbs=3.95213 RMAE=1.98165 Cosine=0.945847 JS=0.00408214 Top1(0,0)=match Top5Overlap=3 LatencyRatio=2436.89x

[progress] 1/1

Summary
  target=mobilenetv2-12-p16e1
  samples_used=1
  samples_failed=0
  samples_missing_label=0
  avg_latency_us=145731000
  total_wall_time_sec=145.91
  baseline=nqdq-f32
  MAE=0.834083 RMSE=1.06894 MaxAbs=3.95213 Cosine=0.945847 RMAE=1.98165 JS=0.00408214 Top1Match(%)=100 Top5Overlap=3
  GT Top1(%)=100 Top5(%)=100
  log_file=./temp/mobilenet11_temp/p16e1_limit1_after345.log
