time_model_single_format config
  model_name=mobilenetv2-12
  format=p32e2
  target_so=./temp/mobilenet11_temp/mobilenetv2-12-qdq-p32e2.so
  target_type=f32
  txt_dir=./temp/imagenette_val_224
  limit=1000
  shape=1x3x224x224
  warmup=0
  iters=1
  timeout_sec=0
  baseline=none
  label_map=./temp/imagenette_val_224_labels.txt
  mode=no-benchmark

=== sample[1/1000] ./temp/imagenette_val_224/img_00000.txt rc=0 ===
MAIN type=f32 avg=4.40845e+08 us (iters=1, warmup=0)
  top1=836 top5=[836,837,733,633,447]
  label=0 top1_hit=no top5_hit=no
COMPARE baseline=f32 so=./temp/mobilenet11_temp/mobilenetv2-12-qdq-p32e2.so

[progress] 1/1000
=== sample[2/1000] ./temp/imagenette_val_224/img_00001.txt rc=0 ===
MAIN type=f32 avg=4.37847e+08 us (iters=1, warmup=0)
  top1=633 top5=[633,837,836,733,419]
  label=0 top1_hit=no top5_hit=no
COMPARE baseline=f32 so=./temp/mobilenet11_temp/mobilenetv2-12-qdq-p32e2.so

[progress] 2/1000
=== sample[3/1000] ./temp/imagenette_val_224/img_00002.txt rc=0 ===
MAIN type=f32 avg=4.42523e+08 us (iters=1, warmup=0)
  top1=837 top5=[837,836,733,701,447]
  label=0 top1_hit=no top5_hit=no
COMPARE baseline=f32 so=./temp/mobilenet11_temp/mobilenetv2-12-qdq-p32e2.so

[progress] 3/1000
=== sample[4/1000] ./temp/imagenette_val_224/img_00003.txt rc=0 ===
MAIN type=f32 avg=4.40913e+08 us (iters=1, warmup=0)
  top1=837 top5=[837,836,633,733,447]
  label=0 top1_hit=no top5_hit=no
COMPARE baseline=f32 so=./temp/mobilenet11_temp/mobilenetv2-12-qdq-p32e2.so

[progress] 4/1000
=== sample[5/1000] ./temp/imagenette_val_224/img_00004.txt rc=0 ===
MAIN type=f32 avg=4.43958e+08 us (iters=1, warmup=0)
  top1=837 top5=[837,836,633,733,678]
  label=0 top1_hit=no top5_hit=no
COMPARE baseline=f32 so=./temp/mobilenet11_temp/mobilenetv2-12-qdq-p32e2.so

[progress] 5/1000
=== sample[6/1000] ./temp/imagenette_val_224/img_00005.txt rc=0 ===
MAIN type=f32 avg=4.50967e+08 us (iters=1, warmup=0)
  top1=837 top5=[837,836,733,633,447]
  label=0 top1_hit=no top5_hit=no
COMPARE baseline=f32 so=./temp/mobilenet11_temp/mobilenetv2-12-qdq-p32e2.so

[progress] 6/1000
=== sample[7/1000] ./temp/imagenette_val_224/img_00006.txt rc=0 ===
MAIN type=f32 avg=4.47939e+08 us (iters=1, warmup=0)
  top1=836 top5=[836,837,447,733,633]
  label=0 top1_hit=no top5_hit=no
COMPARE baseline=f32 so=./temp/mobilenet11_temp/mobilenetv2-12-qdq-p32e2.so

[progress] 7/1000
