time_model_single_format config
  model_name=mobilenetv2-12
  format=p8e0
  target_so=./temp/mobilenet11_temp/mobilenetv2-12-qdq-p8e0.so
  target_type=f32
  txt_dir=./temp/imagenette_val_224
  limit=1
  shape=1x3x224x224
  warmup=0
  iters=1
  timeout_sec=0
  baseline=nqdq-f32
  baseline_so=./temp/mobilenet11_temp/mobilenetv2-12-nqdq-f32.so
  label_map=./temp/imagenette_val_224_labels.txt
  mode=no-benchmark

=== sample[1/1] ./temp/imagenette_val_224/img_00000.txt rc=0 ===
MAIN type=f32 avg=5.61447e+07 us (iters=1, warmup=0)
  top1=4 top5=[251,4,338,348,333]
  label=0 top1_hit=no top5_hit=no
CMP#1 type=f32 avg=59634 us so=./temp/mobilenet11_temp/mobilenetv2-12-nqdq-f32.so
  top1=0 top5=[0,764,389,150,758]
  label=0 top1_hit=yes top5_hit=yes
COMPARE baseline=f32 so=./temp/mobilenet11_temp/mobilenetv2-12-nqdq-f32.so
  C1 target=f32 so=./temp/mobilenet11_temp/mobilenetv2-12-qdq-p8e0.so N=1000 MAE=3.78038 RMSE=4.7489 MaxAbs=14.5961 RMAE=6.80271 Cosine=0.105107 JS=0.68649 Top1(4,0)=diff Top5Overlap=0 LatencyRatio=941.488x

[progress] 1/1

Summary
  target=mobilenetv2-12-p8e0
  samples_used=1
  samples_failed=0
  samples_missing_label=0
  avg_latency_us=56144700
  total_wall_time_sec=56.3095
  baseline=nqdq-f32
  MAE=3.78038 RMSE=4.7489 MaxAbs=14.5961 Cosine=0.105107 RMAE=6.80271 JS=0.68649 Top1Match(%)=0 Top5Overlap=0
  GT Top1(%)=0 Top5(%)=0
  log_file=./temp/mobilenet11_temp/p8e0_limit1_after345.log
