time_model_single_format config
  model_name=mobilenetv2-12
  format=nqdq-f32
  target_so=./temp/mobilenet11/mobilenetv2-12-nqdq-f32.so
  target_type=f32
  txt_dir=./temp/imagenette_val_224
  limit=100
  shape=1x3x224x224
  warmup=0
  iters=1
  timeout_sec=0
  baseline=none
  label_map=./temp/imagenette_val_224_labels.txt
  mode=no-benchmark

=== sample[1/100] ./temp/imagenette_val_224/img_00000.txt rc=0 ===
MAIN type=f32 avg=60163.3 us (iters=1, warmup=0)
  top1=0 top5=[0,764,389,150,758]
  label=0 top1_hit=yes top5_hit=yes
COMPARE baseline=f32 so=./temp/mobilenet11/mobilenetv2-12-nqdq-f32.so

=== sample[2/100] ./temp/imagenette_val_224/img_00001.txt rc=0 ===
MAIN type=f32 avg=59956.2 us (iters=1, warmup=0)
  top1=0 top5=[0,389,391,394,395]
  label=0 top1_hit=yes top5_hit=yes
COMPARE baseline=f32 so=./temp/mobilenet11/mobilenetv2-12-nqdq-f32.so

=== sample[3/100] ./temp/imagenette_val_224/img_00002.txt rc=0 ===
MAIN type=f32 avg=59574.7 us (iters=1, warmup=0)
  top1=0 top5=[0,390,389,391,103]
  label=0 top1_hit=yes top5_hit=yes
COMPARE baseline=f32 so=./temp/mobilenet11/mobilenetv2-12-nqdq-f32.so

=== sample[4/100] ./temp/imagenette_val_224/img_00003.txt rc=0 ===
MAIN type=f32 avg=59982.6 us (iters=1, warmup=0)
  top1=0 top5=[0,389,391,394,395]
  label=0 top1_hit=yes top5_hit=yes
COMPARE baseline=f32 so=./temp/mobilenet11/mobilenetv2-12-nqdq-f32.so

=== sample[5/100] ./temp/imagenette_val_224/img_00004.txt rc=0 ===
MAIN type=f32 avg=60066.1 us (iters=1, warmup=0)
  top1=0 top5=[0,391,389,363,390]
  label=0 top1_hit=yes top5_hit=yes
COMPARE baseline=f32 so=./temp/mobilenet11/mobilenetv2-12-nqdq-f32.so

=== sample[6/100] ./temp/imagenette_val_224/img_00005.txt rc=0 ===
MAIN type=f32 avg=60062.9 us (iters=1, warmup=0)
  top1=0 top5=[0,389,390,391,395]
  label=0 top1_hit=yes top5_hit=yes
COMPARE baseline=f32 so=./temp/mobilenet11/mobilenetv2-12-nqdq-f32.so

=== sample[7/100] ./temp/imagenette_val_224/img_00006.txt rc=0 ===
MAIN type=f32 avg=59952.5 us (iters=1, warmup=0)
  top1=0 top5=[0,389,391,394,395]
  label=0 top1_hit=yes top5_hit=yes
COMPARE baseline=f32 so=./temp/mobilenet11/mobilenetv2-12-nqdq-f32.so

=== sample[8/100] ./temp/imagenette_val_224/img_00007.txt rc=0 ===
MAIN type=f32 avg=59235.7 us (iters=1, warmup=0)
  top1=0 top5=[0,389,391,395,758]
  label=0 top1_hit=yes top5_hit=yes
COMPARE baseline=f32 so=./temp/mobilenet11/mobilenetv2-12-nqdq-f32.so

=== sample[9/100] ./temp/imagenette_val_224/img_00008.txt rc=0 ===
MAIN type=f32 avg=58097.5 us (iters=1, warmup=0)
  top1=0 top5=[0,389,391,395,394]
  label=0 top1_hit=yes top5_hit=yes
COMPARE baseline=f32 so=./temp/mobilenet11/mobilenetv2-12-nqdq-f32.so

=== sample[10/100] ./temp/imagenette_val_224/img_00009.txt rc=0 ===
MAIN type=f32 avg=58189.9 us (iters=1, warmup=0)
  top1=0 top5=[0,390,389,395,29]
  label=0 top1_hit=yes top5_hit=yes
COMPARE baseline=f32 so=./temp/mobilenet11/mobilenetv2-12-nqdq-f32.so

=== sample[11/100] ./temp/imagenette_val_224/img_00010.txt rc=0 ===
MAIN type=f32 avg=58114.1 us (iters=1, warmup=0)
  top1=0 top5=[0,29,26,27,389]
  label=0 top1_hit=yes top5_hit=yes
COMPARE baseline=f32 so=./temp/mobilenet11/mobilenetv2-12-nqdq-f32.so

=== sample[12/100] ./temp/imagenette_val_224/img_00011.txt rc=0 ===
MAIN type=f32 avg=58154.2 us (iters=1, warmup=0)
  top1=395 top5=[395,389,391,101,341]
  label=0 top1_hit=no top5_hit=no
COMPARE baseline=f32 so=./temp/mobilenet11/mobilenetv2-12-nqdq-f32.so

=== sample[13/100] ./temp/imagenette_val_224/img_00012.txt rc=0 ===
MAIN type=f32 avg=58165.9 us (iters=1, warmup=0)
  top1=0 top5=[0,389,391,103,118]
  label=0 top1_hit=yes top5_hit=yes
COMPARE baseline=f32 so=./temp/mobilenet11/mobilenetv2-12-nqdq-f32.so

=== sample[14/100] ./temp/imagenette_val_224/img_00013.txt rc=0 ===
MAIN type=f32 avg=58443.2 us (iters=1, warmup=0)
  top1=0 top5=[0,389,394,391,103]
  label=0 top1_hit=yes top5_hit=yes
COMPARE baseline=f32 so=./temp/mobilenet11/mobilenetv2-12-nqdq-f32.so

=== sample[15/100] ./temp/imagenette_val_224/img_00014.txt rc=0 ===
MAIN type=f32 avg=58750.8 us (iters=1, warmup=0)
  top1=0 top5=[0,389,391,394,395]
  label=0 top1_hit=yes top5_hit=yes
COMPARE baseline=f32 so=./temp/mobilenet11/mobilenetv2-12-nqdq-f32.so

=== sample[16/100] ./temp/imagenette_val_224/img_00015.txt rc=0 ===
MAIN type=f32 avg=59513.7 us (iters=1, warmup=0)
  top1=0 top5=[0,389,391,38,395]
  label=0 top1_hit=yes top5_hit=yes
COMPARE baseline=f32 so=./temp/mobilenet11/mobilenetv2-12-nqdq-f32.so

=== sample[17/100] ./temp/imagenette_val_224/img_00016.txt rc=0 ===
MAIN type=f32 avg=58802.5 us (iters=1, warmup=0)
  top1=0 top5=[0,389,391,395,758]
  label=0 top1_hit=yes top5_hit=yes
COMPARE baseline=f32 so=./temp/mobilenet11/mobilenetv2-12-nqdq-f32.so

=== sample[18/100] ./temp/imagenette_val_224/img_00017.txt rc=0 ===
MAIN type=f32 avg=58230.1 us (iters=1, warmup=0)
  top1=0 top5=[0,389,395,394,63]
  label=0 top1_hit=yes top5_hit=yes
COMPARE baseline=f32 so=./temp/mobilenet11/mobilenetv2-12-nqdq-f32.so

=== sample[19/100] ./temp/imagenette_val_224/img_00018.txt rc=0 ===
MAIN type=f32 avg=58851.2 us (iters=1, warmup=0)
  top1=0 top5=[0,389,390,955,391]
  label=0 top1_hit=yes top5_hit=yes
COMPARE baseline=f32 so=./temp/mobilenet11/mobilenetv2-12-nqdq-f32.so

=== sample[20/100] ./temp/imagenette_val_224/img_00019.txt rc=0 ===
MAIN type=f32 avg=58985.7 us (iters=1, warmup=0)
  top1=0 top5=[0,389,363,103,395]
  label=0 top1_hit=yes top5_hit=yes
COMPARE baseline=f32 so=./temp/mobilenet11/mobilenetv2-12-nqdq-f32.so

=== sample[21/100] ./temp/imagenette_val_224/img_00020.txt rc=0 ===
MAIN type=f32 avg=58834.5 us (iters=1, warmup=0)
  top1=0 top5=[0,389,395,391,997]
  label=0 top1_hit=yes top5_hit=yes
COMPARE baseline=f32 so=./temp/mobilenet11/mobilenetv2-12-nqdq-f32.so

=== sample[22/100] ./temp/imagenette_val_224/img_00021.txt rc=0 ===
MAIN type=f32 avg=58134.6 us (iters=1, warmup=0)
  top1=389 top5=[389,395,394,397,391]
  label=0 top1_hit=no top5_hit=no
COMPARE baseline=f32 so=./temp/mobilenet11/mobilenetv2-12-nqdq-f32.so

=== sample[23/100] ./temp/imagenette_val_224/img_00022.txt rc=0 ===
MAIN type=f32 avg=57438.6 us (iters=1, warmup=0)
  top1=0 top5=[0,390,114,29,150]
  label=0 top1_hit=yes top5_hit=yes
COMPARE baseline=f32 so=./temp/mobilenet11/mobilenetv2-12-nqdq-f32.so

=== sample[24/100] ./temp/imagenette_val_224/img_00023.txt rc=0 ===
MAIN type=f32 avg=58308.3 us (iters=1, warmup=0)
  top1=0 top5=[0,389,394,391,395]
  label=0 top1_hit=yes top5_hit=yes
COMPARE baseline=f32 so=./temp/mobilenet11/mobilenetv2-12-nqdq-f32.so

=== sample[25/100] ./temp/imagenette_val_224/img_00024.txt rc=0 ===
MAIN type=f32 avg=61061.1 us (iters=1, warmup=0)
  top1=0 top5=[0,394,391,389,103]
  label=0 top1_hit=yes top5_hit=yes
COMPARE baseline=f32 so=./temp/mobilenet11/mobilenetv2-12-nqdq-f32.so

=== sample[26/100] ./temp/imagenette_val_224/img_00025.txt rc=0 ===
MAIN type=f32 avg=62465.5 us (iters=1, warmup=0)
  top1=0 top5=[0,389,382,103,342]
  label=0 top1_hit=yes top5_hit=yes
COMPARE baseline=f32 so=./temp/mobilenet11/mobilenetv2-12-nqdq-f32.so

=== sample[27/100] ./temp/imagenette_val_224/img_00026.txt rc=0 ===
MAIN type=f32 avg=58891.1 us (iters=1, warmup=0)
  top1=0 top5=[0,116,103,36,389]
  label=0 top1_hit=yes top5_hit=yes
COMPARE baseline=f32 so=./temp/mobilenet11/mobilenetv2-12-nqdq-f32.so

=== sample[28/100] ./temp/imagenette_val_224/img_00027.txt rc=0 ===
MAIN type=f32 avg=59432.3 us (iters=1, warmup=0)
  top1=0 top5=[0,395,389,391,390]
  label=0 top1_hit=yes top5_hit=yes
COMPARE baseline=f32 so=./temp/mobilenet11/mobilenetv2-12-nqdq-f32.so

=== sample[29/100] ./temp/imagenette_val_224/img_00028.txt rc=0 ===
MAIN type=f32 avg=58914.6 us (iters=1, warmup=0)
  top1=0 top5=[0,389,391,394,395]
  label=0 top1_hit=yes top5_hit=yes
COMPARE baseline=f32 so=./temp/mobilenet11/mobilenetv2-12-nqdq-f32.so

=== sample[30/100] ./temp/imagenette_val_224/img_00029.txt rc=0 ===
MAIN type=f32 avg=60412.7 us (iters=1, warmup=0)
  top1=0 top5=[0,394,389,395,29]
  label=0 top1_hit=yes top5_hit=yes
COMPARE baseline=f32 so=./temp/mobilenet11/mobilenetv2-12-nqdq-f32.so

=== sample[31/100] ./temp/imagenette_val_224/img_00030.txt rc=0 ===
MAIN type=f32 avg=58305.1 us (iters=1, warmup=0)
  top1=0 top5=[0,389,395,394,390]
  label=0 top1_hit=yes top5_hit=yes
COMPARE baseline=f32 so=./temp/mobilenet11/mobilenetv2-12-nqdq-f32.so

=== sample[32/100] ./temp/imagenette_val_224/img_00031.txt rc=0 ===
MAIN type=f32 avg=58160.9 us (iters=1, warmup=0)
  top1=0 top5=[0,389,103,390,395]
  label=0 top1_hit=yes top5_hit=yes
COMPARE baseline=f32 so=./temp/mobilenet11/mobilenetv2-12-nqdq-f32.so

=== sample[33/100] ./temp/imagenette_val_224/img_00032.txt rc=0 ===
MAIN type=f32 avg=58252.2 us (iters=1, warmup=0)
  top1=0 top5=[0,36,35,114,103]
  label=0 top1_hit=yes top5_hit=yes
COMPARE baseline=f32 so=./temp/mobilenet11/mobilenetv2-12-nqdq-f32.so

=== sample[34/100] ./temp/imagenette_val_224/img_00033.txt rc=0 ===
MAIN type=f32 avg=57816.3 us (iters=1, warmup=0)
  top1=0 top5=[0,103,389,395,391]
  label=0 top1_hit=yes top5_hit=yes
COMPARE baseline=f32 so=./temp/mobilenet11/mobilenetv2-12-nqdq-f32.so

=== sample[35/100] ./temp/imagenette_val_224/img_00034.txt rc=0 ===
MAIN type=f32 avg=58436.7 us (iters=1, warmup=0)
  top1=0 top5=[0,103,389,395,33]
  label=0 top1_hit=yes top5_hit=yes
COMPARE baseline=f32 so=./temp/mobilenet11/mobilenetv2-12-nqdq-f32.so

=== sample[36/100] ./temp/imagenette_val_224/img_00035.txt rc=0 ===
MAIN type=f32 avg=59695.3 us (iters=1, warmup=0)
  top1=0 top5=[0,389,391,363,344]
  label=0 top1_hit=yes top5_hit=yes
COMPARE baseline=f32 so=./temp/mobilenet11/mobilenetv2-12-nqdq-f32.so

=== sample[37/100] ./temp/imagenette_val_224/img_00036.txt rc=0 ===
MAIN type=f32 avg=59045.1 us (iters=1, warmup=0)
  top1=0 top5=[0,390,389,103,29]
  label=0 top1_hit=yes top5_hit=yes
COMPARE baseline=f32 so=./temp/mobilenet11/mobilenetv2-12-nqdq-f32.so

=== sample[38/100] ./temp/imagenette_val_224/img_00037.txt rc=0 ===
MAIN type=f32 avg=59539.7 us (iters=1, warmup=0)
  top1=0 top5=[0,389,103,391,394]
  label=0 top1_hit=yes top5_hit=yes
COMPARE baseline=f32 so=./temp/mobilenet11/mobilenetv2-12-nqdq-f32.so

=== sample[39/100] ./temp/imagenette_val_224/img_00038.txt rc=0 ===
MAIN type=f32 avg=58940.7 us (iters=1, warmup=0)
  top1=0 top5=[0,389,391,394,395]
  label=0 top1_hit=yes top5_hit=yes
COMPARE baseline=f32 so=./temp/mobilenet11/mobilenetv2-12-nqdq-f32.so

=== sample[40/100] ./temp/imagenette_val_224/img_00039.txt rc=0 ===
MAIN type=f32 avg=58718.9 us (iters=1, warmup=0)
  top1=0 top5=[0,389,391,394,395]
  label=0 top1_hit=yes top5_hit=yes
COMPARE baseline=f32 so=./temp/mobilenet11/mobilenetv2-12-nqdq-f32.so

=== sample[41/100] ./temp/imagenette_val_224/img_00040.txt rc=0 ===
MAIN type=f32 avg=59311.9 us (iters=1, warmup=0)
  top1=0 top5=[0,389,395,29,390]
  label=0 top1_hit=yes top5_hit=yes
COMPARE baseline=f32 so=./temp/mobilenet11/mobilenetv2-12-nqdq-f32.so

=== sample[42/100] ./temp/imagenette_val_224/img_00041.txt rc=0 ===
MAIN type=f32 avg=58644.7 us (iters=1, warmup=0)
  top1=0 top5=[0,389,395,394,391]
  label=0 top1_hit=yes top5_hit=yes
COMPARE baseline=f32 so=./temp/mobilenet11/mobilenetv2-12-nqdq-f32.so

=== sample[43/100] ./temp/imagenette_val_224/img_00042.txt rc=0 ===
MAIN type=f32 avg=58341.1 us (iters=1, warmup=0)
  top1=0 top5=[0,389,391,395,394]
  label=0 top1_hit=yes top5_hit=yes
COMPARE baseline=f32 so=./temp/mobilenet11/mobilenetv2-12-nqdq-f32.so

=== sample[44/100] ./temp/imagenette_val_224/img_00043.txt rc=0 ===
MAIN type=f32 avg=58475.7 us (iters=1, warmup=0)
  top1=0 top5=[0,118,389,394,119]
  label=0 top1_hit=yes top5_hit=yes
COMPARE baseline=f32 so=./temp/mobilenet11/mobilenetv2-12-nqdq-f32.so

=== sample[45/100] ./temp/imagenette_val_224/img_00044.txt rc=0 ===
MAIN type=f32 avg=58756.9 us (iters=1, warmup=0)
  top1=0 top5=[0,389,50,120,36]
  label=0 top1_hit=yes top5_hit=yes
COMPARE baseline=f32 so=./temp/mobilenet11/mobilenetv2-12-nqdq-f32.so

=== sample[46/100] ./temp/imagenette_val_224/img_00045.txt rc=0 ===
MAIN type=f32 avg=58681.6 us (iters=1, warmup=0)
  top1=0 top5=[0,389,391,394,395]
  label=0 top1_hit=yes top5_hit=yes
COMPARE baseline=f32 so=./temp/mobilenet11/mobilenetv2-12-nqdq-f32.so

=== sample[47/100] ./temp/imagenette_val_224/img_00046.txt rc=0 ===
MAIN type=f32 avg=60141.5 us (iters=1, warmup=0)
  top1=0 top5=[0,389,391,394,118]
  label=0 top1_hit=yes top5_hit=yes
COMPARE baseline=f32 so=./temp/mobilenet11/mobilenetv2-12-nqdq-f32.so

=== sample[48/100] ./temp/imagenette_val_224/img_00047.txt rc=0 ===
MAIN type=f32 avg=59289.9 us (iters=1, warmup=0)
  top1=0 top5=[0,389,395,394,391]
  label=0 top1_hit=yes top5_hit=yes
COMPARE baseline=f32 so=./temp/mobilenet11/mobilenetv2-12-nqdq-f32.so

=== sample[49/100] ./temp/imagenette_val_224/img_00048.txt rc=0 ===
MAIN type=f32 avg=58116.4 us (iters=1, warmup=0)
  top1=0 top5=[0,389,395,391,997]
  label=0 top1_hit=yes top5_hit=yes
COMPARE baseline=f32 so=./temp/mobilenet11/mobilenetv2-12-nqdq-f32.so

=== sample[50/100] ./temp/imagenette_val_224/img_00049.txt rc=0 ===
MAIN type=f32 avg=58719 us (iters=1, warmup=0)
  top1=0 top5=[0,26,32,114,31]
  label=0 top1_hit=yes top5_hit=yes
COMPARE baseline=f32 so=./temp/mobilenet11/mobilenetv2-12-nqdq-f32.so

=== sample[51/100] ./temp/imagenette_val_224/img_00050.txt rc=0 ===
MAIN type=f32 avg=57828.5 us (iters=1, warmup=0)
  top1=0 top5=[0,389,391,395,758]
  label=0 top1_hit=yes top5_hit=yes
COMPARE baseline=f32 so=./temp/mobilenet11/mobilenetv2-12-nqdq-f32.so

=== sample[52/100] ./temp/imagenette_val_224/img_00051.txt rc=0 ===
MAIN type=f32 avg=57962.2 us (iters=1, warmup=0)
  top1=0 top5=[0,389,394,391,395]
  label=0 top1_hit=yes top5_hit=yes
COMPARE baseline=f32 so=./temp/mobilenet11/mobilenetv2-12-nqdq-f32.so

=== sample[53/100] ./temp/imagenette_val_224/img_00052.txt rc=0 ===
MAIN type=f32 avg=58236.7 us (iters=1, warmup=0)
  top1=0 top5=[0,389,391,395,394]
  label=0 top1_hit=yes top5_hit=yes
COMPARE baseline=f32 so=./temp/mobilenet11/mobilenetv2-12-nqdq-f32.so

=== sample[54/100] ./temp/imagenette_val_224/img_00053.txt rc=0 ===
MAIN type=f32 avg=56945.3 us (iters=1, warmup=0)
  top1=0 top5=[0,391,390,389,394]
  label=0 top1_hit=yes top5_hit=yes
COMPARE baseline=f32 so=./temp/mobilenet11/mobilenetv2-12-nqdq-f32.so

=== sample[55/100] ./temp/imagenette_val_224/img_00054.txt rc=0 ===
MAIN type=f32 avg=57995.9 us (iters=1, warmup=0)
  top1=0 top5=[0,389,103,997,390]
  label=0 top1_hit=yes top5_hit=yes
COMPARE baseline=f32 so=./temp/mobilenet11/mobilenetv2-12-nqdq-f32.so

=== sample[56/100] ./temp/imagenette_val_224/img_00055.txt rc=0 ===
MAIN type=f32 avg=58609.2 us (iters=1, warmup=0)
  top1=0 top5=[0,389,391,997,395]
  label=0 top1_hit=yes top5_hit=yes
COMPARE baseline=f32 so=./temp/mobilenet11/mobilenetv2-12-nqdq-f32.so

=== sample[57/100] ./temp/imagenette_val_224/img_00056.txt rc=0 ===
MAIN type=f32 avg=57577.5 us (iters=1, warmup=0)
  top1=0 top5=[0,830,389,62,394]
  label=0 top1_hit=yes top5_hit=yes
COMPARE baseline=f32 so=./temp/mobilenet11/mobilenetv2-12-nqdq-f32.so

=== sample[58/100] ./temp/imagenette_val_224/img_00057.txt rc=0 ===
MAIN type=f32 avg=57894.4 us (iters=1, warmup=0)
  top1=0 top5=[0,389,391,394,395]
  label=0 top1_hit=yes top5_hit=yes
COMPARE baseline=f32 so=./temp/mobilenet11/mobilenetv2-12-nqdq-f32.so

=== sample[59/100] ./temp/imagenette_val_224/img_00058.txt rc=0 ===
MAIN type=f32 avg=58988.6 us (iters=1, warmup=0)
  top1=0 top5=[0,389,395,394,363]
  label=0 top1_hit=yes top5_hit=yes
COMPARE baseline=f32 so=./temp/mobilenet11/mobilenetv2-12-nqdq-f32.so

=== sample[60/100] ./temp/imagenette_val_224/img_00059.txt rc=0 ===
MAIN type=f32 avg=59044.1 us (iters=1, warmup=0)
  top1=0 top5=[0,389,469,395,394]
  label=0 top1_hit=yes top5_hit=yes
COMPARE baseline=f32 so=./temp/mobilenet11/mobilenetv2-12-nqdq-f32.so

=== sample[61/100] ./temp/imagenette_val_224/img_00060.txt rc=0 ===
MAIN type=f32 avg=58633.7 us (iters=1, warmup=0)
  top1=0 top5=[0,389,391,351,103]
  label=0 top1_hit=yes top5_hit=yes
COMPARE baseline=f32 so=./temp/mobilenet11/mobilenetv2-12-nqdq-f32.so

=== sample[62/100] ./temp/imagenette_val_224/img_00061.txt rc=0 ===
MAIN type=f32 avg=59878.8 us (iters=1, warmup=0)
  top1=0 top5=[0,389,395,394,391]
  label=0 top1_hit=yes top5_hit=yes
COMPARE baseline=f32 so=./temp/mobilenet11/mobilenetv2-12-nqdq-f32.so

=== sample[63/100] ./temp/imagenette_val_224/img_00062.txt rc=0 ===
MAIN type=f32 avg=59727.4 us (iters=1, warmup=0)
  top1=0 top5=[0,389,29,103,391]
  label=0 top1_hit=yes top5_hit=yes
COMPARE baseline=f32 so=./temp/mobilenet11/mobilenetv2-12-nqdq-f32.so

=== sample[64/100] ./temp/imagenette_val_224/img_00063.txt rc=0 ===
MAIN type=f32 avg=58405.2 us (iters=1, warmup=0)
  top1=0 top5=[0,389,103,346,36]
  label=0 top1_hit=yes top5_hit=yes
COMPARE baseline=f32 so=./temp/mobilenet11/mobilenetv2-12-nqdq-f32.so

=== sample[65/100] ./temp/imagenette_val_224/img_00064.txt rc=0 ===
MAIN type=f32 avg=58384.1 us (iters=1, warmup=0)
  top1=0 top5=[0,389,395,391,758]
  label=0 top1_hit=yes top5_hit=yes
COMPARE baseline=f32 so=./temp/mobilenet11/mobilenetv2-12-nqdq-f32.so

=== sample[66/100] ./temp/imagenette_val_224/img_00065.txt rc=0 ===
MAIN type=f32 avg=56991.3 us (iters=1, warmup=0)
  top1=0 top5=[0,389,391,103,395]
  label=0 top1_hit=yes top5_hit=yes
COMPARE baseline=f32 so=./temp/mobilenet11/mobilenetv2-12-nqdq-f32.so

=== sample[67/100] ./temp/imagenette_val_224/img_00066.txt rc=0 ===
MAIN type=f32 avg=58482.5 us (iters=1, warmup=0)
  top1=0 top5=[0,389,390,997,29]
  label=0 top1_hit=yes top5_hit=yes
COMPARE baseline=f32 so=./temp/mobilenet11/mobilenetv2-12-nqdq-f32.so

=== sample[68/100] ./temp/imagenette_val_224/img_00067.txt rc=0 ===
MAIN type=f32 avg=58684.8 us (iters=1, warmup=0)
  top1=0 top5=[0,389,395,394,413]
  label=0 top1_hit=yes top5_hit=yes
COMPARE baseline=f32 so=./temp/mobilenet11/mobilenetv2-12-nqdq-f32.so

=== sample[69/100] ./temp/imagenette_val_224/img_00068.txt rc=0 ===
MAIN type=f32 avg=58500.3 us (iters=1, warmup=0)
  top1=0 top5=[0,390,103,391,389]
  label=0 top1_hit=yes top5_hit=yes
COMPARE baseline=f32 so=./temp/mobilenet11/mobilenetv2-12-nqdq-f32.so

=== sample[70/100] ./temp/imagenette_val_224/img_00069.txt rc=0 ===
MAIN type=f32 avg=58569.4 us (iters=1, warmup=0)
  top1=0 top5=[0,389,391,390,103]
  label=0 top1_hit=yes top5_hit=yes
COMPARE baseline=f32 so=./temp/mobilenet11/mobilenetv2-12-nqdq-f32.so

=== sample[71/100] ./temp/imagenette_val_224/img_00070.txt rc=0 ===
MAIN type=f32 avg=59235.7 us (iters=1, warmup=0)
  top1=0 top5=[0,389,391,394,395]
  label=0 top1_hit=yes top5_hit=yes
COMPARE baseline=f32 so=./temp/mobilenet11/mobilenetv2-12-nqdq-f32.so

=== sample[72/100] ./temp/imagenette_val_224/img_00071.txt rc=0 ===
MAIN type=f32 avg=60279.7 us (iters=1, warmup=0)
  top1=0 top5=[0,389,394,395,33]
  label=0 top1_hit=yes top5_hit=yes
COMPARE baseline=f32 so=./temp/mobilenet11/mobilenetv2-12-nqdq-f32.so

=== sample[73/100] ./temp/imagenette_val_224/img_00072.txt rc=0 ===
MAIN type=f32 avg=58143.8 us (iters=1, warmup=0)
  top1=0 top5=[0,389,394,395,391]
  label=0 top1_hit=yes top5_hit=yes
COMPARE baseline=f32 so=./temp/mobilenet11/mobilenetv2-12-nqdq-f32.so

=== sample[74/100] ./temp/imagenette_val_224/img_00073.txt rc=0 ===
MAIN type=f32 avg=57917.7 us (iters=1, warmup=0)
  top1=0 top5=[0,389,391,395,940]
  label=0 top1_hit=yes top5_hit=yes
COMPARE baseline=f32 so=./temp/mobilenet11/mobilenetv2-12-nqdq-f32.so

=== sample[75/100] ./temp/imagenette_val_224/img_00074.txt rc=0 ===
MAIN type=f32 avg=58392.6 us (iters=1, warmup=0)
  top1=0 top5=[0,394,395,103,351]
  label=0 top1_hit=yes top5_hit=yes
COMPARE baseline=f32 so=./temp/mobilenet11/mobilenetv2-12-nqdq-f32.so

=== sample[76/100] ./temp/imagenette_val_224/img_00075.txt rc=0 ===
MAIN type=f32 avg=57640.3 us (iters=1, warmup=0)
  top1=0 top5=[0,389,395,103,394]
  label=0 top1_hit=yes top5_hit=yes
COMPARE baseline=f32 so=./temp/mobilenet11/mobilenetv2-12-nqdq-f32.so

=== sample[77/100] ./temp/imagenette_val_224/img_00076.txt rc=0 ===
MAIN type=f32 avg=58398.5 us (iters=1, warmup=0)
  top1=0 top5=[0,389,391,395,394]
  label=0 top1_hit=yes top5_hit=yes
COMPARE baseline=f32 so=./temp/mobilenet11/mobilenetv2-12-nqdq-f32.so

=== sample[78/100] ./temp/imagenette_val_224/img_00077.txt rc=0 ===
MAIN type=f32 avg=58713.5 us (iters=1, warmup=0)
  top1=0 top5=[0,389,26,390,103]
  label=0 top1_hit=yes top5_hit=yes
COMPARE baseline=f32 so=./temp/mobilenet11/mobilenetv2-12-nqdq-f32.so

=== sample[79/100] ./temp/imagenette_val_224/img_00078.txt rc=0 ===
MAIN type=f32 avg=57915.8 us (iters=1, warmup=0)
  top1=0 top5=[0,389,395,390,955]
  label=0 top1_hit=yes top5_hit=yes
COMPARE baseline=f32 so=./temp/mobilenet11/mobilenetv2-12-nqdq-f32.so

=== sample[80/100] ./temp/imagenette_val_224/img_00079.txt rc=0 ===
MAIN type=f32 avg=59223.5 us (iters=1, warmup=0)
  top1=0 top5=[0,389,391,390,395]
  label=0 top1_hit=yes top5_hit=yes
COMPARE baseline=f32 so=./temp/mobilenet11/mobilenetv2-12-nqdq-f32.so

=== sample[81/100] ./temp/imagenette_val_224/img_00080.txt rc=0 ===
MAIN type=f32 avg=58675.1 us (iters=1, warmup=0)
  top1=0 top5=[0,389,395,391,390]
  label=0 top1_hit=yes top5_hit=yes
COMPARE baseline=f32 so=./temp/mobilenet11/mobilenetv2-12-nqdq-f32.so

=== sample[82/100] ./temp/imagenette_val_224/img_00081.txt rc=0 ===
MAIN type=f32 avg=59133.2 us (iters=1, warmup=0)
  top1=0 top5=[0,389,390,103,997]
  label=0 top1_hit=yes top5_hit=yes
COMPARE baseline=f32 so=./temp/mobilenet11/mobilenetv2-12-nqdq-f32.so

=== sample[83/100] ./temp/imagenette_val_224/img_00082.txt rc=0 ===
MAIN type=f32 avg=58363.3 us (iters=1, warmup=0)
  top1=0 top5=[0,32,120,26,119]
  label=0 top1_hit=yes top5_hit=yes
COMPARE baseline=f32 so=./temp/mobilenet11/mobilenetv2-12-nqdq-f32.so

=== sample[84/100] ./temp/imagenette_val_224/img_00083.txt rc=0 ===
MAIN type=f32 avg=58053 us (iters=1, warmup=0)
  top1=0 top5=[0,389,395,391,394]
  label=0 top1_hit=yes top5_hit=yes
COMPARE baseline=f32 so=./temp/mobilenet11/mobilenetv2-12-nqdq-f32.so

=== sample[85/100] ./temp/imagenette_val_224/img_00084.txt rc=0 ===
MAIN type=f32 avg=59128.1 us (iters=1, warmup=0)
  top1=0 top5=[0,389,29,394,395]
  label=0 top1_hit=yes top5_hit=yes
COMPARE baseline=f32 so=./temp/mobilenet11/mobilenetv2-12-nqdq-f32.so

=== sample[86/100] ./temp/imagenette_val_224/img_00085.txt rc=0 ===
MAIN type=f32 avg=58309.3 us (iters=1, warmup=0)
  top1=0 top5=[0,389,394,395,391]
  label=0 top1_hit=yes top5_hit=yes
COMPARE baseline=f32 so=./temp/mobilenet11/mobilenetv2-12-nqdq-f32.so

=== sample[87/100] ./temp/imagenette_val_224/img_00086.txt rc=0 ===
MAIN type=f32 avg=57066.1 us (iters=1, warmup=0)
  top1=0 top5=[0,389,395,394,391]
  label=0 top1_hit=yes top5_hit=yes
COMPARE baseline=f32 so=./temp/mobilenet11/mobilenetv2-12-nqdq-f32.so

=== sample[88/100] ./temp/imagenette_val_224/img_00087.txt rc=0 ===
MAIN type=f32 avg=56922.8 us (iters=1, warmup=0)
  top1=0 top5=[0,389,103,211,391]
  label=0 top1_hit=yes top5_hit=yes
COMPARE baseline=f32 so=./temp/mobilenet11/mobilenetv2-12-nqdq-f32.so

=== sample[89/100] ./temp/imagenette_val_224/img_00088.txt rc=0 ===
MAIN type=f32 avg=58836.2 us (iters=1, warmup=0)
  top1=0 top5=[0,389,395,391,103]
  label=0 top1_hit=yes top5_hit=yes
COMPARE baseline=f32 so=./temp/mobilenet11/mobilenetv2-12-nqdq-f32.so

=== sample[90/100] ./temp/imagenette_val_224/img_00089.txt rc=0 ===
MAIN type=f32 avg=59308.1 us (iters=1, warmup=0)
  top1=0 top5=[0,389,395,390,103]
  label=0 top1_hit=yes top5_hit=yes
COMPARE baseline=f32 so=./temp/mobilenet11/mobilenetv2-12-nqdq-f32.so

=== sample[91/100] ./temp/imagenette_val_224/img_00090.txt rc=0 ===
MAIN type=f32 avg=59062.8 us (iters=1, warmup=0)
  top1=29 top5=[29,1,0,26,390]
  label=0 top1_hit=no top5_hit=yes
COMPARE baseline=f32 so=./temp/mobilenet11/mobilenetv2-12-nqdq-f32.so

=== sample[92/100] ./temp/imagenette_val_224/img_00091.txt rc=0 ===
MAIN type=f32 avg=59439.6 us (iters=1, warmup=0)
  top1=0 top5=[0,391,394,389,395]
  label=0 top1_hit=yes top5_hit=yes
COMPARE baseline=f32 so=./temp/mobilenet11/mobilenetv2-12-nqdq-f32.so

=== sample[93/100] ./temp/imagenette_val_224/img_00092.txt rc=0 ===
MAIN type=f32 avg=59373.7 us (iters=1, warmup=0)
  top1=0 top5=[0,391,389,103,394]
  label=0 top1_hit=yes top5_hit=yes
COMPARE baseline=f32 so=./temp/mobilenet11/mobilenetv2-12-nqdq-f32.so

=== sample[94/100] ./temp/imagenette_val_224/img_00093.txt rc=0 ===
MAIN type=f32 avg=59649.8 us (iters=1, warmup=0)
  top1=0 top5=[0,391,389,103,390]
  label=0 top1_hit=yes top5_hit=yes
COMPARE baseline=f32 so=./temp/mobilenet11/mobilenetv2-12-nqdq-f32.so

=== sample[95/100] ./temp/imagenette_val_224/img_00094.txt rc=0 ===
MAIN type=f32 avg=60120.2 us (iters=1, warmup=0)
  top1=0 top5=[0,389,395,29,26]
  label=0 top1_hit=yes top5_hit=yes
COMPARE baseline=f32 so=./temp/mobilenet11/mobilenetv2-12-nqdq-f32.so

=== sample[96/100] ./temp/imagenette_val_224/img_00095.txt rc=0 ===
MAIN type=f32 avg=62191.6 us (iters=1, warmup=0)
  top1=389 top5=[389,0,395,394,391]
  label=0 top1_hit=no top5_hit=yes
COMPARE baseline=f32 so=./temp/mobilenet11/mobilenetv2-12-nqdq-f32.so

=== sample[97/100] ./temp/imagenette_val_224/img_00096.txt rc=0 ===
MAIN type=f32 avg=59580.6 us (iters=1, warmup=0)
  top1=0 top5=[0,389,395,394,390]
  label=0 top1_hit=yes top5_hit=yes
COMPARE baseline=f32 so=./temp/mobilenet11/mobilenetv2-12-nqdq-f32.so

=== sample[98/100] ./temp/imagenette_val_224/img_00097.txt rc=0 ===
MAIN type=f32 avg=58763.5 us (iters=1, warmup=0)
  top1=0 top5=[0,389,103,395,394]
  label=0 top1_hit=yes top5_hit=yes
COMPARE baseline=f32 so=./temp/mobilenet11/mobilenetv2-12-nqdq-f32.so

=== sample[99/100] ./temp/imagenette_val_224/img_00098.txt rc=0 ===
MAIN type=f32 avg=58812.1 us (iters=1, warmup=0)
  top1=0 top5=[0,389,391,395,758]
  label=0 top1_hit=yes top5_hit=yes
COMPARE baseline=f32 so=./temp/mobilenet11/mobilenetv2-12-nqdq-f32.so

=== sample[100/100] ./temp/imagenette_val_224/img_00099.txt rc=0 ===
MAIN type=f32 avg=58966.5 us (iters=1, warmup=0)
  top1=0 top5=[0,389,36,395,391]
  label=0 top1_hit=yes top5_hit=yes
COMPARE baseline=f32 so=./temp/mobilenet11/mobilenetv2-12-nqdq-f32.so


Summary
  target=mobilenetv2-12-nqdq-f32
  samples_used=100
  samples_failed=0
  samples_missing_label=0
  avg_latency_us=58835.4
  total_wall_time_sec=11.0129
  GT Top1(%)=96 Top5(%)=98
  log_file=./temp/mobilenet11/nqdq_f32_label.log
