time_model_single_format config
  model_name=mobilenetv2-12
  format=p16e1
  target_so=./temp/mobilenet11/mobilenetv2-12-qdq-p16e1.so
  target_type=p16e1
  txt_dir=./temp/imagenette_val_224
  limit=100
  shape=1x3x224x224
  warmup=0
  iters=1
  timeout_sec=0
  baseline=none
  label_map=./temp/imagenette_val_224_labels.txt
  mode=no-benchmark

=== sample[1/100] ./temp/imagenette_val_224/img_00000.txt rc=0 ===
MAIN type=p16e1 avg=2.23976e+08 us (iters=1, warmup=0)
  top1=885 top5=[885,646,111,423,529]
  label=0 top1_hit=no top5_hit=no
COMPARE baseline=p16e1 so=./temp/mobilenet11/mobilenetv2-12-qdq-p16e1.so

[progress] 1/100
=== sample[2/100] ./temp/imagenette_val_224/img_00001.txt rc=0 ===
MAIN type=p16e1 avg=2.27148e+08 us (iters=1, warmup=0)
  top1=885 top5=[885,646,111,423,529]
  label=0 top1_hit=no top5_hit=no
COMPARE baseline=p16e1 so=./temp/mobilenet11/mobilenetv2-12-qdq-p16e1.so

[progress] 2/100
=== sample[3/100] ./temp/imagenette_val_224/img_00002.txt rc=0 ===
MAIN type=p16e1 avg=2.20166e+08 us (iters=1, warmup=0)
  top1=885 top5=[885,646,111,423,529]
  label=0 top1_hit=no top5_hit=no
COMPARE baseline=p16e1 so=./temp/mobilenet11/mobilenetv2-12-qdq-p16e1.so

[progress] 3/100
=== sample[4/100] ./temp/imagenette_val_224/img_00003.txt rc=0 ===
MAIN type=p16e1 avg=2.20284e+08 us (iters=1, warmup=0)
  top1=885 top5=[885,646,111,423,529]
  label=0 top1_hit=no top5_hit=no
COMPARE baseline=p16e1 so=./temp/mobilenet11/mobilenetv2-12-qdq-p16e1.so

[progress] 4/100
=== sample[5/100] ./temp/imagenette_val_224/img_00004.txt rc=0 ===
MAIN type=p16e1 avg=2.20534e+08 us (iters=1, warmup=0)
  top1=885 top5=[885,646,111,423,529]
  label=0 top1_hit=no top5_hit=no
COMPARE baseline=p16e1 so=./temp/mobilenet11/mobilenetv2-12-qdq-p16e1.so

[progress] 5/100
=== sample[6/100] ./temp/imagenette_val_224/img_00005.txt rc=0 ===
MAIN type=p16e1 avg=2.21102e+08 us (iters=1, warmup=0)
  top1=885 top5=[885,646,111,423,529]
  label=0 top1_hit=no top5_hit=no
COMPARE baseline=p16e1 so=./temp/mobilenet11/mobilenetv2-12-qdq-p16e1.so

[progress] 6/100
=== sample[7/100] ./temp/imagenette_val_224/img_00006.txt rc=0 ===
MAIN type=p16e1 avg=2.19012e+08 us (iters=1, warmup=0)
  top1=885 top5=[885,646,111,423,529]
  label=0 top1_hit=no top5_hit=no
COMPARE baseline=p16e1 so=./temp/mobilenet11/mobilenetv2-12-qdq-p16e1.so

[progress] 7/100
=== sample[8/100] ./temp/imagenette_val_224/img_00007.txt rc=0 ===
MAIN type=p16e1 avg=2.19345e+08 us (iters=1, warmup=0)
  top1=885 top5=[885,646,111,423,529]
  label=0 top1_hit=no top5_hit=no
COMPARE baseline=p16e1 so=./temp/mobilenet11/mobilenetv2-12-qdq-p16e1.so

[progress] 8/100
=== sample[9/100] ./temp/imagenette_val_224/img_00008.txt rc=0 ===
MAIN type=p16e1 avg=2.19269e+08 us (iters=1, warmup=0)
  top1=885 top5=[885,646,111,423,529]
  label=0 top1_hit=no top5_hit=no
COMPARE baseline=p16e1 so=./temp/mobilenet11/mobilenetv2-12-qdq-p16e1.so

[progress] 9/100
=== sample[10/100] ./temp/imagenette_val_224/img_00009.txt rc=0 ===
MAIN type=p16e1 avg=2.26379e+08 us (iters=1, warmup=0)
  top1=885 top5=[885,646,111,423,529]
  label=0 top1_hit=no top5_hit=no
COMPARE baseline=p16e1 so=./temp/mobilenet11/mobilenetv2-12-qdq-p16e1.so

[progress] 10/100
=== sample[11/100] ./temp/imagenette_val_224/img_00010.txt rc=0 ===
MAIN type=p16e1 avg=2.28076e+08 us (iters=1, warmup=0)
  top1=885 top5=[885,646,111,423,529]
  label=0 top1_hit=no top5_hit=no
COMPARE baseline=p16e1 so=./temp/mobilenet11/mobilenetv2-12-qdq-p16e1.so

[progress] 11/100
=== sample[12/100] ./temp/imagenette_val_224/img_00011.txt rc=0 ===
MAIN type=p16e1 avg=2.28062e+08 us (iters=1, warmup=0)
  top1=885 top5=[885,646,111,423,529]
  label=0 top1_hit=no top5_hit=no
COMPARE baseline=p16e1 so=./temp/mobilenet11/mobilenetv2-12-qdq-p16e1.so

[progress] 12/100
=== sample[13/100] ./temp/imagenette_val_224/img_00012.txt rc=0 ===
MAIN type=p16e1 avg=2.26589e+08 us (iters=1, warmup=0)
  top1=885 top5=[885,646,111,423,529]
  label=0 top1_hit=no top5_hit=no
COMPARE baseline=p16e1 so=./temp/mobilenet11/mobilenetv2-12-qdq-p16e1.so

[progress] 13/100
=== sample[14/100] ./temp/imagenette_val_224/img_00013.txt rc=0 ===
MAIN type=p16e1 avg=2.28595e+08 us (iters=1, warmup=0)
  top1=885 top5=[885,646,111,423,529]
  label=0 top1_hit=no top5_hit=no
COMPARE baseline=p16e1 so=./temp/mobilenet11/mobilenetv2-12-qdq-p16e1.so

[progress] 14/100
=== sample[15/100] ./temp/imagenette_val_224/img_00014.txt rc=0 ===
MAIN type=p16e1 avg=2.24459e+08 us (iters=1, warmup=0)
  top1=885 top5=[885,646,111,423,529]
  label=0 top1_hit=no top5_hit=no
COMPARE baseline=p16e1 so=./temp/mobilenet11/mobilenetv2-12-qdq-p16e1.so

[progress] 15/100
=== sample[16/100] ./temp/imagenette_val_224/img_00015.txt rc=0 ===
MAIN type=p16e1 avg=2.26688e+08 us (iters=1, warmup=0)
  top1=885 top5=[885,646,111,423,529]
  label=0 top1_hit=no top5_hit=no
COMPARE baseline=p16e1 so=./temp/mobilenet11/mobilenetv2-12-qdq-p16e1.so

[progress] 16/100
=== sample[17/100] ./temp/imagenette_val_224/img_00016.txt rc=0 ===
MAIN type=p16e1 avg=2.28189e+08 us (iters=1, warmup=0)
  top1=885 top5=[885,646,111,423,529]
  label=0 top1_hit=no top5_hit=no
COMPARE baseline=p16e1 so=./temp/mobilenet11/mobilenetv2-12-qdq-p16e1.so

[progress] 17/100
=== sample[18/100] ./temp/imagenette_val_224/img_00017.txt rc=0 ===
MAIN type=p16e1 avg=2.27807e+08 us (iters=1, warmup=0)
  top1=885 top5=[885,646,111,423,529]
  label=0 top1_hit=no top5_hit=no
COMPARE baseline=p16e1 so=./temp/mobilenet11/mobilenetv2-12-qdq-p16e1.so

[progress] 18/100
=== sample[19/100] ./temp/imagenette_val_224/img_00018.txt rc=0 ===
MAIN type=p16e1 avg=2.27888e+08 us (iters=1, warmup=0)
  top1=885 top5=[885,646,111,423,529]
  label=0 top1_hit=no top5_hit=no
COMPARE baseline=p16e1 so=./temp/mobilenet11/mobilenetv2-12-qdq-p16e1.so

[progress] 19/100
=== sample[20/100] ./temp/imagenette_val_224/img_00019.txt rc=0 ===
MAIN type=p16e1 avg=2.28306e+08 us (iters=1, warmup=0)
  top1=885 top5=[885,646,111,423,529]
  label=0 top1_hit=no top5_hit=no
COMPARE baseline=p16e1 so=./temp/mobilenet11/mobilenetv2-12-qdq-p16e1.so

[progress] 20/100
=== sample[21/100] ./temp/imagenette_val_224/img_00020.txt rc=0 ===
MAIN type=p16e1 avg=2.25247e+08 us (iters=1, warmup=0)
  top1=885 top5=[885,646,111,423,529]
  label=0 top1_hit=no top5_hit=no
COMPARE baseline=p16e1 so=./temp/mobilenet11/mobilenetv2-12-qdq-p16e1.so

[progress] 21/100
=== sample[22/100] ./temp/imagenette_val_224/img_00021.txt rc=0 ===
MAIN type=p16e1 avg=2.28175e+08 us (iters=1, warmup=0)
  top1=885 top5=[885,646,111,423,529]
  label=0 top1_hit=no top5_hit=no
COMPARE baseline=p16e1 so=./temp/mobilenet11/mobilenetv2-12-qdq-p16e1.so

[progress] 22/100
=== sample[23/100] ./temp/imagenette_val_224/img_00022.txt rc=0 ===
MAIN type=p16e1 avg=2.27814e+08 us (iters=1, warmup=0)
  top1=885 top5=[885,646,111,423,529]
  label=0 top1_hit=no top5_hit=no
COMPARE baseline=p16e1 so=./temp/mobilenet11/mobilenetv2-12-qdq-p16e1.so

[progress] 23/100
=== sample[24/100] ./temp/imagenette_val_224/img_00023.txt rc=0 ===
MAIN type=p16e1 avg=2.2807e+08 us (iters=1, warmup=0)
  top1=885 top5=[885,646,111,423,529]
  label=0 top1_hit=no top5_hit=no
COMPARE baseline=p16e1 so=./temp/mobilenet11/mobilenetv2-12-qdq-p16e1.so

[progress] 24/100
=== sample[25/100] ./temp/imagenette_val_224/img_00024.txt rc=0 ===
MAIN type=p16e1 avg=2.2849e+08 us (iters=1, warmup=0)
  top1=885 top5=[885,646,111,423,529]
  label=0 top1_hit=no top5_hit=no
COMPARE baseline=p16e1 so=./temp/mobilenet11/mobilenetv2-12-qdq-p16e1.so

[progress] 25/100
=== sample[26/100] ./temp/imagenette_val_224/img_00025.txt rc=0 ===
MAIN type=p16e1 avg=2.27572e+08 us (iters=1, warmup=0)
  top1=885 top5=[885,646,111,423,529]
  label=0 top1_hit=no top5_hit=no
COMPARE baseline=p16e1 so=./temp/mobilenet11/mobilenetv2-12-qdq-p16e1.so

[progress] 26/100
=== sample[27/100] ./temp/imagenette_val_224/img_00026.txt rc=0 ===
MAIN type=p16e1 avg=2.27395e+08 us (iters=1, warmup=0)
  top1=885 top5=[885,646,111,423,529]
  label=0 top1_hit=no top5_hit=no
COMPARE baseline=p16e1 so=./temp/mobilenet11/mobilenetv2-12-qdq-p16e1.so

[progress] 27/100
=== sample[28/100] ./temp/imagenette_val_224/img_00027.txt rc=0 ===
MAIN type=p16e1 avg=2.27448e+08 us (iters=1, warmup=0)
  top1=885 top5=[885,646,111,423,529]
  label=0 top1_hit=no top5_hit=no
COMPARE baseline=p16e1 so=./temp/mobilenet11/mobilenetv2-12-qdq-p16e1.so

[progress] 28/100
=== sample[29/100] ./temp/imagenette_val_224/img_00028.txt rc=0 ===
MAIN type=p16e1 avg=2.23189e+08 us (iters=1, warmup=0)
  top1=885 top5=[885,646,111,423,529]
  label=0 top1_hit=no top5_hit=no
COMPARE baseline=p16e1 so=./temp/mobilenet11/mobilenetv2-12-qdq-p16e1.so

[progress] 29/100
=== sample[30/100] ./temp/imagenette_val_224/img_00029.txt rc=0 ===
MAIN type=p16e1 avg=2.21498e+08 us (iters=1, warmup=0)
  top1=885 top5=[885,646,111,423,529]
  label=0 top1_hit=no top5_hit=no
COMPARE baseline=p16e1 so=./temp/mobilenet11/mobilenetv2-12-qdq-p16e1.so

[progress] 30/100
=== sample[31/100] ./temp/imagenette_val_224/img_00030.txt rc=0 ===
MAIN type=p16e1 avg=2.23133e+08 us (iters=1, warmup=0)
  top1=885 top5=[885,646,111,423,529]
  label=0 top1_hit=no top5_hit=no
COMPARE baseline=p16e1 so=./temp/mobilenet11/mobilenetv2-12-qdq-p16e1.so

[progress] 31/100
=== sample[32/100] ./temp/imagenette_val_224/img_00031.txt rc=0 ===
MAIN type=p16e1 avg=2.23599e+08 us (iters=1, warmup=0)
  top1=885 top5=[885,646,111,423,529]
  label=0 top1_hit=no top5_hit=no
COMPARE baseline=p16e1 so=./temp/mobilenet11/mobilenetv2-12-qdq-p16e1.so

[progress] 32/100
=== sample[33/100] ./temp/imagenette_val_224/img_00032.txt rc=0 ===
MAIN type=p16e1 avg=2.22876e+08 us (iters=1, warmup=0)
  top1=885 top5=[885,646,111,423,529]
  label=0 top1_hit=no top5_hit=no
COMPARE baseline=p16e1 so=./temp/mobilenet11/mobilenetv2-12-qdq-p16e1.so

[progress] 33/100
=== sample[34/100] ./temp/imagenette_val_224/img_00033.txt rc=0 ===
MAIN type=p16e1 avg=2.19779e+08 us (iters=1, warmup=0)
  top1=885 top5=[885,646,111,423,529]
  label=0 top1_hit=no top5_hit=no
COMPARE baseline=p16e1 so=./temp/mobilenet11/mobilenetv2-12-qdq-p16e1.so

[progress] 34/100
=== sample[35/100] ./temp/imagenette_val_224/img_00034.txt rc=0 ===
MAIN type=p16e1 avg=2.27164e+08 us (iters=1, warmup=0)
  top1=885 top5=[885,646,111,423,529]
  label=0 top1_hit=no top5_hit=no
COMPARE baseline=p16e1 so=./temp/mobilenet11/mobilenetv2-12-qdq-p16e1.so

[progress] 35/100
=== sample[36/100] ./temp/imagenette_val_224/img_00035.txt rc=0 ===
MAIN type=p16e1 avg=2.22621e+08 us (iters=1, warmup=0)
  top1=885 top5=[885,646,111,423,529]
  label=0 top1_hit=no top5_hit=no
COMPARE baseline=p16e1 so=./temp/mobilenet11/mobilenetv2-12-qdq-p16e1.so

[progress] 36/100
=== sample[37/100] ./temp/imagenette_val_224/img_00036.txt rc=0 ===
MAIN type=p16e1 avg=2.22625e+08 us (iters=1, warmup=0)
  top1=885 top5=[885,646,111,423,529]
  label=0 top1_hit=no top5_hit=no
COMPARE baseline=p16e1 so=./temp/mobilenet11/mobilenetv2-12-qdq-p16e1.so

[progress] 37/100
=== sample[38/100] ./temp/imagenette_val_224/img_00037.txt rc=0 ===
MAIN type=p16e1 avg=2.22008e+08 us (iters=1, warmup=0)
  top1=885 top5=[885,646,111,423,529]
  label=0 top1_hit=no top5_hit=no
COMPARE baseline=p16e1 so=./temp/mobilenet11/mobilenetv2-12-qdq-p16e1.so

[progress] 38/100
=== sample[39/100] ./temp/imagenette_val_224/img_00038.txt rc=0 ===
MAIN type=p16e1 avg=2.21841e+08 us (iters=1, warmup=0)
  top1=885 top5=[885,646,111,423,529]
  label=0 top1_hit=no top5_hit=no
COMPARE baseline=p16e1 so=./temp/mobilenet11/mobilenetv2-12-qdq-p16e1.so

[progress] 39/100
=== sample[40/100] ./temp/imagenette_val_224/img_00039.txt rc=0 ===
MAIN type=p16e1 avg=2.22406e+08 us (iters=1, warmup=0)
  top1=885 top5=[885,646,111,423,529]
  label=0 top1_hit=no top5_hit=no
COMPARE baseline=p16e1 so=./temp/mobilenet11/mobilenetv2-12-qdq-p16e1.so

[progress] 40/100
=== sample[41/100] ./temp/imagenette_val_224/img_00040.txt rc=0 ===
MAIN type=p16e1 avg=2.21382e+08 us (iters=1, warmup=0)
  top1=885 top5=[885,646,111,423,529]
  label=0 top1_hit=no top5_hit=no
COMPARE baseline=p16e1 so=./temp/mobilenet11/mobilenetv2-12-qdq-p16e1.so

[progress] 41/100
=== sample[42/100] ./temp/imagenette_val_224/img_00041.txt rc=0 ===
MAIN type=p16e1 avg=2.22692e+08 us (iters=1, warmup=0)
  top1=885 top5=[885,646,111,423,529]
  label=0 top1_hit=no top5_hit=no
COMPARE baseline=p16e1 so=./temp/mobilenet11/mobilenetv2-12-qdq-p16e1.so

[progress] 42/100
=== sample[43/100] ./temp/imagenette_val_224/img_00042.txt rc=0 ===
MAIN type=p16e1 avg=2.25273e+08 us (iters=1, warmup=0)
  top1=885 top5=[885,646,111,423,529]
  label=0 top1_hit=no top5_hit=no
COMPARE baseline=p16e1 so=./temp/mobilenet11/mobilenetv2-12-qdq-p16e1.so

[progress] 43/100
=== sample[44/100] ./temp/imagenette_val_224/img_00043.txt rc=0 ===
MAIN type=p16e1 avg=2.26894e+08 us (iters=1, warmup=0)
  top1=885 top5=[885,646,111,423,529]
  label=0 top1_hit=no top5_hit=no
COMPARE baseline=p16e1 so=./temp/mobilenet11/mobilenetv2-12-qdq-p16e1.so

[progress] 44/100
=== sample[45/100] ./temp/imagenette_val_224/img_00044.txt rc=0 ===
MAIN type=p16e1 avg=2.26186e+08 us (iters=1, warmup=0)
  top1=885 top5=[885,646,111,423,529]
  label=0 top1_hit=no top5_hit=no
COMPARE baseline=p16e1 so=./temp/mobilenet11/mobilenetv2-12-qdq-p16e1.so

[progress] 45/100
=== sample[46/100] ./temp/imagenette_val_224/img_00045.txt rc=0 ===
MAIN type=p16e1 avg=2.26476e+08 us (iters=1, warmup=0)
  top1=885 top5=[885,646,111,423,529]
  label=0 top1_hit=no top5_hit=no
COMPARE baseline=p16e1 so=./temp/mobilenet11/mobilenetv2-12-qdq-p16e1.so

[progress] 46/100
=== sample[47/100] ./temp/imagenette_val_224/img_00046.txt rc=0 ===
MAIN type=p16e1 avg=2.23777e+08 us (iters=1, warmup=0)
  top1=885 top5=[885,646,111,423,529]
  label=0 top1_hit=no top5_hit=no
COMPARE baseline=p16e1 so=./temp/mobilenet11/mobilenetv2-12-qdq-p16e1.so

[progress] 47/100
=== sample[48/100] ./temp/imagenette_val_224/img_00047.txt rc=0 ===
MAIN type=p16e1 avg=2.19394e+08 us (iters=1, warmup=0)
  top1=885 top5=[885,646,111,423,529]
  label=0 top1_hit=no top5_hit=no
COMPARE baseline=p16e1 so=./temp/mobilenet11/mobilenetv2-12-qdq-p16e1.so

[progress] 48/100
=== sample[49/100] ./temp/imagenette_val_224/img_00048.txt rc=0 ===
MAIN type=p16e1 avg=2.19426e+08 us (iters=1, warmup=0)
  top1=885 top5=[885,646,111,423,529]
  label=0 top1_hit=no top5_hit=no
COMPARE baseline=p16e1 so=./temp/mobilenet11/mobilenetv2-12-qdq-p16e1.so

[progress] 49/100
=== sample[50/100] ./temp/imagenette_val_224/img_00049.txt rc=0 ===
MAIN type=p16e1 avg=2.19658e+08 us (iters=1, warmup=0)
  top1=885 top5=[885,646,111,423,529]
  label=0 top1_hit=no top5_hit=no
COMPARE baseline=p16e1 so=./temp/mobilenet11/mobilenetv2-12-qdq-p16e1.so

[progress] 50/100
=== sample[51/100] ./temp/imagenette_val_224/img_00050.txt rc=0 ===
MAIN type=p16e1 avg=2.19569e+08 us (iters=1, warmup=0)
  top1=885 top5=[885,646,111,423,529]
  label=0 top1_hit=no top5_hit=no
COMPARE baseline=p16e1 so=./temp/mobilenet11/mobilenetv2-12-qdq-p16e1.so

[progress] 51/100
=== sample[52/100] ./temp/imagenette_val_224/img_00051.txt rc=0 ===
MAIN type=p16e1 avg=2.19638e+08 us (iters=1, warmup=0)
  top1=885 top5=[885,646,111,423,529]
  label=0 top1_hit=no top5_hit=no
COMPARE baseline=p16e1 so=./temp/mobilenet11/mobilenetv2-12-qdq-p16e1.so

[progress] 52/100
=== sample[53/100] ./temp/imagenette_val_224/img_00052.txt rc=0 ===
MAIN type=p16e1 avg=2.19205e+08 us (iters=1, warmup=0)
  top1=885 top5=[885,646,111,423,529]
  label=0 top1_hit=no top5_hit=no
COMPARE baseline=p16e1 so=./temp/mobilenet11/mobilenetv2-12-qdq-p16e1.so

[progress] 53/100
=== sample[54/100] ./temp/imagenette_val_224/img_00053.txt rc=0 ===
MAIN type=p16e1 avg=2.19354e+08 us (iters=1, warmup=0)
  top1=885 top5=[885,646,111,423,529]
  label=0 top1_hit=no top5_hit=no
COMPARE baseline=p16e1 so=./temp/mobilenet11/mobilenetv2-12-qdq-p16e1.so

[progress] 54/100
=== sample[55/100] ./temp/imagenette_val_224/img_00054.txt rc=0 ===
MAIN type=p16e1 avg=2.19119e+08 us (iters=1, warmup=0)
  top1=885 top5=[885,646,111,423,529]
  label=0 top1_hit=no top5_hit=no
COMPARE baseline=p16e1 so=./temp/mobilenet11/mobilenetv2-12-qdq-p16e1.so

[progress] 55/100
=== sample[56/100] ./temp/imagenette_val_224/img_00055.txt rc=0 ===
MAIN type=p16e1 avg=2.2099e+08 us (iters=1, warmup=0)
  top1=885 top5=[885,646,111,423,529]
  label=0 top1_hit=no top5_hit=no
COMPARE baseline=p16e1 so=./temp/mobilenet11/mobilenetv2-12-qdq-p16e1.so

[progress] 56/100
=== sample[57/100] ./temp/imagenette_val_224/img_00056.txt rc=0 ===
MAIN type=p16e1 avg=2.19312e+08 us (iters=1, warmup=0)
  top1=885 top5=[885,646,111,423,529]
  label=0 top1_hit=no top5_hit=no
COMPARE baseline=p16e1 so=./temp/mobilenet11/mobilenetv2-12-qdq-p16e1.so

[progress] 57/100
=== sample[58/100] ./temp/imagenette_val_224/img_00057.txt rc=0 ===
MAIN type=p16e1 avg=2.19109e+08 us (iters=1, warmup=0)
  top1=885 top5=[885,646,111,423,529]
  label=0 top1_hit=no top5_hit=no
COMPARE baseline=p16e1 so=./temp/mobilenet11/mobilenetv2-12-qdq-p16e1.so

[progress] 58/100
=== sample[59/100] ./temp/imagenette_val_224/img_00058.txt rc=0 ===
MAIN type=p16e1 avg=2.19068e+08 us (iters=1, warmup=0)
  top1=885 top5=[885,646,111,423,529]
  label=0 top1_hit=no top5_hit=no
COMPARE baseline=p16e1 so=./temp/mobilenet11/mobilenetv2-12-qdq-p16e1.so

[progress] 59/100
=== sample[60/100] ./temp/imagenette_val_224/img_00059.txt rc=0 ===
MAIN type=p16e1 avg=2.18686e+08 us (iters=1, warmup=0)
  top1=885 top5=[885,646,111,423,529]
  label=0 top1_hit=no top5_hit=no
COMPARE baseline=p16e1 so=./temp/mobilenet11/mobilenetv2-12-qdq-p16e1.so

[progress] 60/100
=== sample[61/100] ./temp/imagenette_val_224/img_00060.txt rc=0 ===
MAIN type=p16e1 avg=2.18964e+08 us (iters=1, warmup=0)
  top1=885 top5=[885,646,111,423,529]
  label=0 top1_hit=no top5_hit=no
COMPARE baseline=p16e1 so=./temp/mobilenet11/mobilenetv2-12-qdq-p16e1.so

[progress] 61/100
=== sample[62/100] ./temp/imagenette_val_224/img_00061.txt rc=0 ===
MAIN type=p16e1 avg=2.20048e+08 us (iters=1, warmup=0)
  top1=885 top5=[885,646,111,423,529]
  label=0 top1_hit=no top5_hit=no
COMPARE baseline=p16e1 so=./temp/mobilenet11/mobilenetv2-12-qdq-p16e1.so

[progress] 62/100
=== sample[63/100] ./temp/imagenette_val_224/img_00062.txt rc=0 ===
MAIN type=p16e1 avg=2.19128e+08 us (iters=1, warmup=0)
  top1=885 top5=[885,646,111,423,529]
  label=0 top1_hit=no top5_hit=no
COMPARE baseline=p16e1 so=./temp/mobilenet11/mobilenetv2-12-qdq-p16e1.so

[progress] 63/100
=== sample[64/100] ./temp/imagenette_val_224/img_00063.txt rc=0 ===
MAIN type=p16e1 avg=2.1933e+08 us (iters=1, warmup=0)
  top1=885 top5=[885,646,111,423,529]
  label=0 top1_hit=no top5_hit=no
COMPARE baseline=p16e1 so=./temp/mobilenet11/mobilenetv2-12-qdq-p16e1.so

[progress] 64/100
=== sample[65/100] ./temp/imagenette_val_224/img_00064.txt rc=0 ===
MAIN type=p16e1 avg=2.19415e+08 us (iters=1, warmup=0)
  top1=885 top5=[885,646,111,423,529]
  label=0 top1_hit=no top5_hit=no
COMPARE baseline=p16e1 so=./temp/mobilenet11/mobilenetv2-12-qdq-p16e1.so

[progress] 65/100
=== sample[66/100] ./temp/imagenette_val_224/img_00065.txt rc=0 ===
MAIN type=p16e1 avg=2.19411e+08 us (iters=1, warmup=0)
  top1=885 top5=[885,646,111,423,529]
  label=0 top1_hit=no top5_hit=no
COMPARE baseline=p16e1 so=./temp/mobilenet11/mobilenetv2-12-qdq-p16e1.so

[progress] 66/100
=== sample[67/100] ./temp/imagenette_val_224/img_00066.txt rc=0 ===
MAIN type=p16e1 avg=2.18737e+08 us (iters=1, warmup=0)
  top1=885 top5=[885,646,111,423,529]
  label=0 top1_hit=no top5_hit=no
COMPARE baseline=p16e1 so=./temp/mobilenet11/mobilenetv2-12-qdq-p16e1.so

[progress] 67/100
=== sample[68/100] ./temp/imagenette_val_224/img_00067.txt rc=0 ===
MAIN type=p16e1 avg=2.19785e+08 us (iters=1, warmup=0)
  top1=885 top5=[885,646,111,423,529]
  label=0 top1_hit=no top5_hit=no
COMPARE baseline=p16e1 so=./temp/mobilenet11/mobilenetv2-12-qdq-p16e1.so

[progress] 68/100
=== sample[69/100] ./temp/imagenette_val_224/img_00068.txt rc=0 ===
MAIN type=p16e1 avg=2.18856e+08 us (iters=1, warmup=0)
  top1=885 top5=[885,646,111,423,529]
  label=0 top1_hit=no top5_hit=no
COMPARE baseline=p16e1 so=./temp/mobilenet11/mobilenetv2-12-qdq-p16e1.so

[progress] 69/100
=== sample[70/100] ./temp/imagenette_val_224/img_00069.txt rc=0 ===
MAIN type=p16e1 avg=2.18779e+08 us (iters=1, warmup=0)
  top1=885 top5=[885,646,111,423,529]
  label=0 top1_hit=no top5_hit=no
COMPARE baseline=p16e1 so=./temp/mobilenet11/mobilenetv2-12-qdq-p16e1.so

[progress] 70/100
=== sample[71/100] ./temp/imagenette_val_224/img_00070.txt rc=0 ===
MAIN type=p16e1 avg=2.18933e+08 us (iters=1, warmup=0)
  top1=885 top5=[885,646,111,423,529]
  label=0 top1_hit=no top5_hit=no
COMPARE baseline=p16e1 so=./temp/mobilenet11/mobilenetv2-12-qdq-p16e1.so

[progress] 71/100
=== sample[72/100] ./temp/imagenette_val_224/img_00071.txt rc=0 ===
MAIN type=p16e1 avg=2.18652e+08 us (iters=1, warmup=0)
  top1=885 top5=[885,646,111,423,529]
  label=0 top1_hit=no top5_hit=no
COMPARE baseline=p16e1 so=./temp/mobilenet11/mobilenetv2-12-qdq-p16e1.so

[progress] 72/100
=== sample[73/100] ./temp/imagenette_val_224/img_00072.txt rc=0 ===
MAIN type=p16e1 avg=2.19058e+08 us (iters=1, warmup=0)
  top1=885 top5=[885,646,111,423,529]
  label=0 top1_hit=no top5_hit=no
COMPARE baseline=p16e1 so=./temp/mobilenet11/mobilenetv2-12-qdq-p16e1.so

[progress] 73/100
=== sample[74/100] ./temp/imagenette_val_224/img_00073.txt rc=0 ===
MAIN type=p16e1 avg=2.19051e+08 us (iters=1, warmup=0)
  top1=885 top5=[885,646,111,423,529]
  label=0 top1_hit=no top5_hit=no
COMPARE baseline=p16e1 so=./temp/mobilenet11/mobilenetv2-12-qdq-p16e1.so

[progress] 74/100
=== sample[75/100] ./temp/imagenette_val_224/img_00074.txt rc=0 ===
MAIN type=p16e1 avg=2.19048e+08 us (iters=1, warmup=0)
  top1=885 top5=[885,646,111,423,529]
  label=0 top1_hit=no top5_hit=no
COMPARE baseline=p16e1 so=./temp/mobilenet11/mobilenetv2-12-qdq-p16e1.so

[progress] 75/100
=== sample[76/100] ./temp/imagenette_val_224/img_00075.txt rc=0 ===
MAIN type=p16e1 avg=2.19704e+08 us (iters=1, warmup=0)
  top1=885 top5=[885,646,111,423,529]
  label=0 top1_hit=no top5_hit=no
COMPARE baseline=p16e1 so=./temp/mobilenet11/mobilenetv2-12-qdq-p16e1.so

[progress] 76/100
=== sample[77/100] ./temp/imagenette_val_224/img_00076.txt rc=0 ===
MAIN type=p16e1 avg=2.18743e+08 us (iters=1, warmup=0)
  top1=885 top5=[885,646,111,423,529]
  label=0 top1_hit=no top5_hit=no
COMPARE baseline=p16e1 so=./temp/mobilenet11/mobilenetv2-12-qdq-p16e1.so

[progress] 77/100
=== sample[78/100] ./temp/imagenette_val_224/img_00077.txt rc=0 ===
MAIN type=p16e1 avg=2.18983e+08 us (iters=1, warmup=0)
  top1=885 top5=[885,646,111,423,529]
  label=0 top1_hit=no top5_hit=no
COMPARE baseline=p16e1 so=./temp/mobilenet11/mobilenetv2-12-qdq-p16e1.so

[progress] 78/100
=== sample[79/100] ./temp/imagenette_val_224/img_00078.txt rc=0 ===
MAIN type=p16e1 avg=2.18922e+08 us (iters=1, warmup=0)
  top1=885 top5=[885,646,111,423,529]
  label=0 top1_hit=no top5_hit=no
COMPARE baseline=p16e1 so=./temp/mobilenet11/mobilenetv2-12-qdq-p16e1.so

[progress] 79/100
=== sample[80/100] ./temp/imagenette_val_224/img_00079.txt rc=0 ===
MAIN type=p16e1 avg=2.18865e+08 us (iters=1, warmup=0)
  top1=885 top5=[885,646,111,423,529]
  label=0 top1_hit=no top5_hit=no
COMPARE baseline=p16e1 so=./temp/mobilenet11/mobilenetv2-12-qdq-p16e1.so

[progress] 80/100
=== sample[81/100] ./temp/imagenette_val_224/img_00080.txt rc=0 ===
MAIN type=p16e1 avg=2.19321e+08 us (iters=1, warmup=0)
  top1=885 top5=[885,646,111,423,529]
  label=0 top1_hit=no top5_hit=no
COMPARE baseline=p16e1 so=./temp/mobilenet11/mobilenetv2-12-qdq-p16e1.so

[progress] 81/100
=== sample[82/100] ./temp/imagenette_val_224/img_00081.txt rc=0 ===
MAIN type=p16e1 avg=2.19182e+08 us (iters=1, warmup=0)
  top1=885 top5=[885,646,111,423,529]
  label=0 top1_hit=no top5_hit=no
COMPARE baseline=p16e1 so=./temp/mobilenet11/mobilenetv2-12-qdq-p16e1.so

[progress] 82/100
=== sample[83/100] ./temp/imagenette_val_224/img_00082.txt rc=0 ===
MAIN type=p16e1 avg=2.18938e+08 us (iters=1, warmup=0)
  top1=885 top5=[885,646,111,423,529]
  label=0 top1_hit=no top5_hit=no
COMPARE baseline=p16e1 so=./temp/mobilenet11/mobilenetv2-12-qdq-p16e1.so

[progress] 83/100
=== sample[84/100] ./temp/imagenette_val_224/img_00083.txt rc=0 ===
MAIN type=p16e1 avg=2.19339e+08 us (iters=1, warmup=0)
  top1=885 top5=[885,646,111,423,529]
  label=0 top1_hit=no top5_hit=no
COMPARE baseline=p16e1 so=./temp/mobilenet11/mobilenetv2-12-qdq-p16e1.so

[progress] 84/100
=== sample[85/100] ./temp/imagenette_val_224/img_00084.txt rc=0 ===
MAIN type=p16e1 avg=2.1862e+08 us (iters=1, warmup=0)
  top1=885 top5=[885,646,111,423,529]
  label=0 top1_hit=no top5_hit=no
COMPARE baseline=p16e1 so=./temp/mobilenet11/mobilenetv2-12-qdq-p16e1.so

[progress] 85/100
=== sample[86/100] ./temp/imagenette_val_224/img_00085.txt rc=0 ===
MAIN type=p16e1 avg=2.19243e+08 us (iters=1, warmup=0)
  top1=885 top5=[885,646,111,423,529]
  label=0 top1_hit=no top5_hit=no
COMPARE baseline=p16e1 so=./temp/mobilenet11/mobilenetv2-12-qdq-p16e1.so

[progress] 86/100
=== sample[87/100] ./temp/imagenette_val_224/img_00086.txt rc=0 ===
MAIN type=p16e1 avg=2.19318e+08 us (iters=1, warmup=0)
  top1=885 top5=[885,646,111,423,529]
  label=0 top1_hit=no top5_hit=no
COMPARE baseline=p16e1 so=./temp/mobilenet11/mobilenetv2-12-qdq-p16e1.so

[progress] 87/100
=== sample[88/100] ./temp/imagenette_val_224/img_00087.txt rc=0 ===
MAIN type=p16e1 avg=2.19251e+08 us (iters=1, warmup=0)
  top1=885 top5=[885,646,111,423,529]
  label=0 top1_hit=no top5_hit=no
COMPARE baseline=p16e1 so=./temp/mobilenet11/mobilenetv2-12-qdq-p16e1.so

[progress] 88/100
=== sample[89/100] ./temp/imagenette_val_224/img_00088.txt rc=0 ===
MAIN type=p16e1 avg=2.18899e+08 us (iters=1, warmup=0)
  top1=885 top5=[885,646,111,423,529]
  label=0 top1_hit=no top5_hit=no
COMPARE baseline=p16e1 so=./temp/mobilenet11/mobilenetv2-12-qdq-p16e1.so

[progress] 89/100
=== sample[90/100] ./temp/imagenette_val_224/img_00089.txt rc=0 ===
MAIN type=p16e1 avg=2.1903e+08 us (iters=1, warmup=0)
  top1=885 top5=[885,646,111,423,529]
  label=0 top1_hit=no top5_hit=no
COMPARE baseline=p16e1 so=./temp/mobilenet11/mobilenetv2-12-qdq-p16e1.so

[progress] 90/100
=== sample[91/100] ./temp/imagenette_val_224/img_00090.txt rc=0 ===
MAIN type=p16e1 avg=2.19265e+08 us (iters=1, warmup=0)
  top1=885 top5=[885,646,111,423,529]
  label=0 top1_hit=no top5_hit=no
COMPARE baseline=p16e1 so=./temp/mobilenet11/mobilenetv2-12-qdq-p16e1.so

[progress] 91/100
=== sample[92/100] ./temp/imagenette_val_224/img_00091.txt rc=0 ===
MAIN type=p16e1 avg=2.19206e+08 us (iters=1, warmup=0)
  top1=885 top5=[885,646,111,423,529]
  label=0 top1_hit=no top5_hit=no
COMPARE baseline=p16e1 so=./temp/mobilenet11/mobilenetv2-12-qdq-p16e1.so

[progress] 92/100
=== sample[93/100] ./temp/imagenette_val_224/img_00092.txt rc=0 ===
MAIN type=p16e1 avg=2.18743e+08 us (iters=1, warmup=0)
  top1=885 top5=[885,646,111,423,529]
  label=0 top1_hit=no top5_hit=no
COMPARE baseline=p16e1 so=./temp/mobilenet11/mobilenetv2-12-qdq-p16e1.so

[progress] 93/100
=== sample[94/100] ./temp/imagenette_val_224/img_00093.txt rc=0 ===
MAIN type=p16e1 avg=2.18679e+08 us (iters=1, warmup=0)
  top1=885 top5=[885,646,111,423,529]
  label=0 top1_hit=no top5_hit=no
COMPARE baseline=p16e1 so=./temp/mobilenet11/mobilenetv2-12-qdq-p16e1.so

[progress] 94/100
=== sample[95/100] ./temp/imagenette_val_224/img_00094.txt rc=0 ===
MAIN type=p16e1 avg=2.18645e+08 us (iters=1, warmup=0)
  top1=885 top5=[885,646,111,423,529]
  label=0 top1_hit=no top5_hit=no
COMPARE baseline=p16e1 so=./temp/mobilenet11/mobilenetv2-12-qdq-p16e1.so

[progress] 95/100
=== sample[96/100] ./temp/imagenette_val_224/img_00095.txt rc=0 ===
MAIN type=p16e1 avg=2.19293e+08 us (iters=1, warmup=0)
  top1=885 top5=[885,646,111,423,529]
  label=0 top1_hit=no top5_hit=no
COMPARE baseline=p16e1 so=./temp/mobilenet11/mobilenetv2-12-qdq-p16e1.so

[progress] 96/100
=== sample[97/100] ./temp/imagenette_val_224/img_00096.txt rc=0 ===
MAIN type=p16e1 avg=2.20166e+08 us (iters=1, warmup=0)
  top1=885 top5=[885,646,111,423,529]
  label=0 top1_hit=no top5_hit=no
COMPARE baseline=p16e1 so=./temp/mobilenet11/mobilenetv2-12-qdq-p16e1.so

[progress] 97/100
=== sample[98/100] ./temp/imagenette_val_224/img_00097.txt rc=0 ===
MAIN type=p16e1 avg=2.19413e+08 us (iters=1, warmup=0)
  top1=885 top5=[885,646,111,423,529]
  label=0 top1_hit=no top5_hit=no
COMPARE baseline=p16e1 so=./temp/mobilenet11/mobilenetv2-12-qdq-p16e1.so

[progress] 98/100
=== sample[99/100] ./temp/imagenette_val_224/img_00098.txt rc=0 ===
MAIN type=p16e1 avg=2.19346e+08 us (iters=1, warmup=0)
  top1=885 top5=[885,646,111,423,529]
  label=0 top1_hit=no top5_hit=no
COMPARE baseline=p16e1 so=./temp/mobilenet11/mobilenetv2-12-qdq-p16e1.so

[progress] 99/100
=== sample[100/100] ./temp/imagenette_val_224/img_00099.txt rc=0 ===
MAIN type=p16e1 avg=2.191e+08 us (iters=1, warmup=0)
  top1=885 top5=[885,646,111,423,529]
  label=0 top1_hit=no top5_hit=no
COMPARE baseline=p16e1 so=./temp/mobilenet11/mobilenetv2-12-qdq-p16e1.so

[progress] 100/100
[progress] 100/100
