[PTRACE] op=from_f32_p8e0 rank=4 shape=[1,3,224,224] n=150528 min=-2.125 max=2.625 mean=-0.0250345 absmax=2.625 sample=[-1.5625,-1.78125,-0.734375,-0.609375]
[PTRACE] op=from_f32_p8e0 rank=1 shape=[1000] n=1000 min=-0.125 max=0.15625 mean=-0.00021875 absmax=0.15625 sample=[0.046875,0.015625,-0.03125,-0.046875]
[PTRACE] op=from_f32_p8e0 rank=1 shape=[32] n=32 min=-0.484375 max=0.96875 mean=0.217285 absmax=0.96875 sample=[-0.09375,0.5625,0.34375,0.28125]
[PTRACE] op=from_f32_p8e0 rank=4 shape=[32,3,3,3] n=864 min=-0.359375 max=0.328125 mean=-0.000958478 absmax=0.359375 sample=[0.015625,0,0.015625,0.015625]
[PTRACE] op=conv2d_nchw_p8e0 rank=4 shape=[1,32,112,112] n=401408 min=-1.9375 max=2.875 mean=0.214881 absmax=2.875 sample=[0.109375,0.015625,-0.109375,0.015625]
[PTRACE] op=from_f32_p8e0 rank=1 shape=[32] n=32 min=-0.40625 max=3.75 mean=0.424316 absmax=3.75 sample=[-0.015625,0.9375,0.015625,0.421875]
[PTRACE] op=from_f32_p8e0 rank=4 shape=[32,1,3,3] n=288 min=-16 max=10 mean=0.0240885 absmax=16 sample=[-0.125,-0.125,-0.125,-0.125]
[PTRACE] op=conv2d_nchw_p8e0 rank=4 shape=[1,32,112,112] n=401408 min=-10 max=12 mean=0.319912 absmax=12 sample=[0,-0.171875,-0.03125,0.0625]
[PTRACE] op=from_f32_p8e0 rank=1 shape=[16] n=16 min=-2.125 max=1.625 mean=-0.256836 absmax=2.125 sample=[-2.125,0.421875,-1.28125,1.03125]
[PTRACE] op=from_f32_p8e0 rank=4 shape=[16,32,1,1] n=512 min=-1.03125 max=0.828125 mean=0.00823975 absmax=1.03125 sample=[-0.015625,0.0625,-0.078125,0.171875]
[PTRACE] op=gemm_p8e0 rank=3 shape=[1,16,12544] n=200704 min=-12 max=10 mean=0.273616 absmax=12 sample=[1.75,0.046875,-0.9375,1.3125]
[PTRACE] op=add_p8e0 rank=3 shape=[1,16,12544] n=200704 min=-12 max=8 mean=0.0167782 absmax=12 sample=[-0.375,-2.125,-3,-0.8125]
[PTRACE] op=from_f32_p8e0 rank=1 shape=[96] n=96 min=-0.453125 max=0.734375 mean=0.120931 absmax=0.734375 sample=[0.015625,-0.015625,0.234375,0.359375]
[PTRACE] op=from_f32_p8e0 rank=4 shape=[96,16,1,1] n=1536 min=-0.484375 max=0.609375 mean=0.00016276 absmax=0.609375 sample=[0.140625,0.03125,0.109375,-0.09375]
[PTRACE] op=gemm_p8e0 rank=3 shape=[1,96,12544] n=1204224 min=-7.5 max=8 mean=0.0182624 absmax=8 sample=[1.71875,0.4375,0.265625,1.0625]
[PTRACE] op=add_p8e0 rank=3 shape=[1,96,12544] n=1204224 min=-7.5 max=8 mean=0.139214 absmax=8 sample=[1.75,0.453125,0.28125,1.0625]
[PTRACE] op=from_f32_p8e0 rank=1 shape=[96] n=96 min=-0.671875 max=1.59375 mean=0.187012 absmax=1.59375 sample=[0.34375,0.390625,-0.109375,0.015625]
[PTRACE] op=from_f32_p8e0 rank=4 shape=[96,1,3,3] n=864 min=-6.5 max=5 mean=-0.0157516 absmax=6.5 sample=[-0.25,-0.453125,-0.25,-0.5]
[PTRACE] op=conv2d_nchw_p8e0 rank=4 shape=[1,96,56,56] n=301056 min=-16 max=16 mean=0.08352 absmax=16 sample=[-0.859375,-0.34375,-1.21875,-1.3125]
[PTRACE] op=from_f32_p8e0 rank=1 shape=[24] n=24 min=-1.15625 max=1.8125 mean=0.0963542 absmax=1.8125 sample=[-1.15625,0.515625,-0.703125,-0.1875]
[PTRACE] op=from_f32_p8e0 rank=4 shape=[24,96,1,1] n=2304 min=-0.75 max=0.75 mean=0.0037028 absmax=0.75 sample=[0.234375,0.25,-0.03125,-0.03125]
[PTRACE] op=gemm_p8e0 rank=3 shape=[1,24,3136] n=75264 min=-16 max=16 mean=-0.451153 absmax=16 sample=[4.5,1.625,2.125,2.25]
[PTRACE] op=add_p8e0 rank=3 shape=[1,24,3136] n=75264 min=-16 max=16 mean=-0.351483 absmax=16 sample=[3.375,0.46875,0.96875,1.09375]
[PTRACE] op=from_f32_p8e0 rank=1 shape=[144] n=144 min=-0.390625 max=1 mean=0.107639 absmax=1 sample=[-0.390625,0.21875,-0.046875,0.0625]
[PTRACE] op=from_f32_p8e0 rank=4 shape=[144,24,1,1] n=3456 min=-0.328125 max=0.3125 mean=0.00242784 absmax=0.328125 sample=[-0.015625,-0.015625,-0.21875,-0.109375]
[PTRACE] op=from_f32_p8e0 rank=1 shape=[144] n=144 min=-0.75 max=3.625 mean=0.0843099 absmax=3.625 sample=[0.4375,0.046875,0.046875,0.03125]
[PTRACE] op=from_f32_p8e0 rank=4 shape=[144,1,3,3] n=1296 min=-5 max=5 mean=0.0205922 absmax=5 sample=[0.71875,-1.25,0.984375,-0.828125]
[PTRACE] op=gemm_p8e0 rank=3 shape=[1,144,3136] n=451584 min=-10 max=8 mean=0.0219314 absmax=10 sample=[1.125,0.765625,-0.75,0.21875]
[PTRACE] op=add_p8e0 rank=3 shape=[1,144,3136] n=451584 min=-10 max=8 mean=0.129712 absmax=10 sample=[0.734375,0.375,-1.125,-0.171875]
[PTRACE] op=conv2d_nchw_p8e0 rank=4 shape=[1,144,56,56] n=451584 min=-32 max=32 mean=0.0535642 absmax=32 sample=[0.21875,2.25,0.703125,1.46875]
[PTRACE] op=from_f32_p8e0 rank=1 shape=[24] n=24 min=-2.25 max=1.28125 mean=-0.197917 absmax=2.25 sample=[-1.40625,-1.0625,0.09375,-0.1875]
[PTRACE] op=from_f32_p8e0 rank=4 shape=[24,144,1,1] n=3456 min=-0.96875 max=1.21875 mean=0.0100233 absmax=1.21875 sample=[-0.015625,-0.046875,-0.203125,0.28125]
[PTRACE] op=gemm_p8e0 rank=3 shape=[1,24,3136] n=75264 min=-32 max=32 mean=0.212723 absmax=32 sample=[-1.59375,4,-6,5.5]
[PTRACE] op=add_p8e0 rank=3 shape=[1,24,3136] n=75264 min=-32 max=32 mean=0.00690112 absmax=32 sample=[-3,2.625,-7.5,4]
[PTRACE] op=add_p8e0 rank=4 shape=[1,24,56,56] n=75264 min=-32 max=32 mean=-0.34296 absmax=32 sample=[0.375,3.125,-6.5,5]
[PTRACE] op=from_f32_p8e0 rank=1 shape=[144] n=144 min=-0.328125 max=0.328125 mean=0.0399306 absmax=0.328125 sample=[0.109375,0.203125,0.03125,0.25]
[PTRACE] op=from_f32_p8e0 rank=4 shape=[144,24,1,1] n=3456 min=-0.3125 max=0.3125 mean=-0.000840929 absmax=0.3125 sample=[-0.03125,-0.0625,0.078125,-0.015625]
[PTRACE] op=gemm_p8e0 rank=3 shape=[1,144,3136] n=451584 min=-24 max=16 mean=0.00425793 absmax=24 sample=[-1.53125,0.34375,0.6875,-0.65625]
[PTRACE] op=add_p8e0 rank=3 shape=[1,144,3136] n=451584 min=-24 max=16 mean=0.0463309 absmax=24 sample=[-1.4375,0.453125,0.796875,-0.546875]
[PTRACE] op=from_f32_p8e0 rank=1 shape=[144] n=144 min=-0.453125 max=1.59375 mean=0.224392 absmax=1.59375 sample=[0.828125,-0.078125,0.421875,1.03125]
[PTRACE] op=from_f32_p8e0 rank=4 shape=[144,1,3,3] n=1296 min=-5.5 max=6 mean=0.0263672 absmax=6 sample=[-0.140625,-0.28125,-0.1875,-0.28125]
[PTRACE] op=conv2d_nchw_p8e0 rank=4 shape=[1,144,28,28] n=112896 min=-32 max=32 mean=0.18552 absmax=32 sample=[1.0625,0.078125,0.9375,2.125]
[PTRACE] op=from_f32_p8e0 rank=1 shape=[32] n=32 min=-1.6875 max=1.375 mean=-0.012207 absmax=1.6875 sample=[0.859375,0.546875,-0.59375,0.71875]
[PTRACE] op=from_f32_p8e0 rank=4 shape=[32,144,1,1] n=4608 min=-0.703125 max=0.875 mean=0.000976562 absmax=0.875 sample=[-0.21875,0.1875,-0.078125,0.28125]
[PTRACE] op=gemm_p8e0 rank=3 shape=[1,32,784] n=25088 min=-32 max=32 mean=0.717758 absmax=32 sample=[5.5,-1.71875,0.765625,3]
[PTRACE] op=add_p8e0 rank=3 shape=[1,32,784] n=25088 min=-32 max=32 mean=0.706389 absmax=32 sample=[6.5,-0.859375,1.625,3.875]
[PTRACE] op=from_f32_p8e0 rank=1 shape=[192] n=192 min=-0.15625 max=0.40625 mean=0.121094 absmax=0.40625 sample=[0.09375,-0.015625,0.203125,0.078125]
[PTRACE] op=from_f32_p8e0 rank=4 shape=[192,32,1,1] n=6144 min=-0.1875 max=0.1875 mean=1.27157e-05 absmax=0.1875 sample=[0.015625,-0.015625,0.046875,0.03125]
[PTRACE] op=from_f32_p8e0 rank=1 shape=[192] n=192 min=-0.6875 max=0.84375 mean=0.0611979 absmax=0.84375 sample=[-0.1875,-0.0625,-0.15625,-0.34375]
[PTRACE] op=from_f32_p8e0 rank=4 shape=[192,1,3,3] n=1728 min=-6 max=6.5 mean=-0.0217195 absmax=6.5 sample=[0.828125,-0.109375,-0.203125,0.265625]
[PTRACE] op=gemm_p8e0 rank=3 shape=[1,192,784] n=150528 min=-14 max=14 mean=-0.00427277 absmax=14 sample=[3.125,0.84375,1.25,3.5]
[PTRACE] op=add_p8e0 rank=3 shape=[1,192,784] n=150528 min=-14 max=14 mean=0.115553 absmax=14 sample=[3.25,0.9375,1.34375,3.625]
[PTRACE] op=conv2d_nchw_p8e0 rank=4 shape=[1,192,28,28] n=150528 min=-32 max=32 mean=0.101635 absmax=32 sample=[-2,3.25,5,-4.5]
[PTRACE] op=from_f32_p8e0 rank=1 shape=[32] n=32 min=-0.53125 max=0.765625 mean=-0.0170898 absmax=0.765625 sample=[0.078125,0.21875,-0.40625,0.671875]
[PTRACE] op=from_f32_p8e0 rank=4 shape=[32,192,1,1] n=6144 min=-0.828125 max=0.796875 mean=0.00115458 absmax=0.828125 sample=[-0.15625,0.21875,-0.09375,-0.109375]
[PTRACE] op=gemm_p8e0 rank=3 shape=[1,32,784] n=25088 min=-32 max=32 mean=-0.252658 absmax=32 sample=[-8,-1.09375,-7.5,-16]
[PTRACE] op=add_p8e0 rank=3 shape=[1,32,784] n=25088 min=-32 max=32 mean=-0.276733 absmax=32 sample=[-8,-1,-7.5,-16]
[PTRACE] op=from_f32_p8e0 rank=1 shape=[192] n=192 min=-0.1875 max=0.34375 mean=0.0812988 absmax=0.34375 sample=[0.09375,0.140625,0.15625,0.34375]
[PTRACE] op=from_f32_p8e0 rank=4 shape=[192,32,1,1] n=6144 min=-0.125 max=0.15625 mean=-0.000424703 absmax=0.15625 sample=[-0.0625,-0.015625,0.015625,0.046875]
[PTRACE] op=from_f32_p8e0 rank=1 shape=[192] n=192 min=-1.15625 max=1.21875 mean=0.0228678 absmax=1.21875 sample=[-0.015625,-0.015625,-1.15625,0.421875]
[PTRACE] op=from_f32_p8e0 rank=4 shape=[192,1,3,3] n=1728 min=-5 max=4.5 mean=-0.00686306 absmax=5 sample=[-0.359375,-0.671875,-0.28125,0.046875]
[PTRACE] op=add_p8e0 rank=4 shape=[1,32,28,28] n=25088 min=-64 max=64 mean=0.423164 absmax=64 sample=[-1.5,-1.875,-6,-12]
[PTRACE] op=gemm_p8e0 rank=3 shape=[1,192,784] n=150528 min=-16 max=16 mean=-0.0456387 absmax=16 sample=[-0.625,-2.5,1.46875,2.75]
[PTRACE] op=add_p8e0 rank=3 shape=[1,192,784] n=150528 min=-16 max=16 mean=0.0340246 absmax=16 sample=[-0.53125,-2.375,1.5625,2.875]
[PTRACE] op=conv2d_nchw_p8e0 rank=4 shape=[1,192,28,28] n=150528 min=-32 max=32 mean=0.029237 absmax=32 sample=[3,1.375,-1,-6.5]
[PTRACE] op=from_f32_p8e0 rank=1 shape=[32] n=32 min=-0.625 max=0.796875 mean=0.00537109 absmax=0.796875 sample=[-0.390625,0.0625,-0.265625,0.21875]
[PTRACE] op=from_f32_p8e0 rank=4 shape=[32,192,1,1] n=6144 min=-0.9375 max=0.90625 mean=-0.00161489 absmax=0.9375 sample=[-0.109375,0.140625,-0.203125,0.015625]
[PTRACE] op=gemm_p8e0 rank=3 shape=[1,32,784] n=25088 min=-32 max=32 mean=0.00582637 absmax=32 sample=[1.9375,2.75,-7,5.5]
[PTRACE] op=add_p8e0 rank=3 shape=[1,32,784] n=25088 min=-32 max=32 mean=0.00442567 absmax=32 sample=[1.5625,2.375,-7.5,5]
[PTRACE] op=add_p8e0 rank=4 shape=[1,32,28,28] n=25088 min=-64 max=64 mean=0.40991 absmax=64 sample=[0.0625,0.5,-14,-7]
[PTRACE] op=from_f32_p8e0 rank=1 shape=[192] n=192 min=-0.265625 max=0.3125 mean=0.0466309 absmax=0.3125 sample=[-0.015625,0.078125,0.25,-0.0625]
[PTRACE] op=from_f32_p8e0 rank=4 shape=[192,32,1,1] n=6144 min=-0.1875 max=0.21875 mean=-0.00105286 absmax=0.21875 sample=[0.03125,0.171875,0.078125,0.015625]
[PTRACE] op=gemm_p8e0 rank=3 shape=[1,192,784] n=150528 min=-24 max=16 mean=-0.0755157 absmax=24 sample=[-3,-1.625,-1.3125,1.875]
[PTRACE] op=add_p8e0 rank=3 shape=[1,192,784] n=150528 min=-24 max=16 mean=-0.0261759 absmax=24 sample=[-3,-1.625,-1.3125,1.875]
[PTRACE] op=from_f32_p8e0 rank=1 shape=[192] n=192 min=-0.265625 max=1.4375 mean=0.335531 absmax=1.4375 sample=[0.03125,0.78125,1.3125,-0.015625]
[PTRACE] op=from_f32_p8e0 rank=4 shape=[192,1,3,3] n=1728 min=-2.5 max=2 mean=0.0153899 absmax=2.5 sample=[0.09375,0.15625,0.140625,0.171875]
[PTRACE] op=conv2d_nchw_p8e0 rank=4 shape=[1,192,14,14] n=37632 min=-32 max=32 mean=-0.0596164 absmax=32 sample=[-3.125,2.25,10,8]
[PTRACE] op=from_f32_p8e0 rank=1 shape=[64] n=64 min=-1.34375 max=1.90625 mean=0.0444336 absmax=1.90625 sample=[-0.46875,-0.140625,-0.8125,-0.0625]
[PTRACE] op=from_f32_p8e0 rank=4 shape=[64,192,1,1] n=12288 min=-0.578125 max=0.6875 mean=0.000630697 absmax=0.6875 sample=[0.140625,-0.140625,0.203125,-0.109375]
[PTRACE] op=gemm_p8e0 rank=3 shape=[1,64,196] n=12544 min=-32 max=32 mean=-0.377045 absmax=32 sample=[-3.5,14,16,14]
[PTRACE] op=add_p8e0 rank=3 shape=[1,64,196] n=12544 min=-32 max=32 mean=-0.335752 absmax=32 sample=[-4,14,16,14]
[PTRACE] op=from_f32_p8e0 rank=1 shape=[384] n=384 min=-0.25 max=0.453125 mean=0.0965576 absmax=0.453125 sample=[0.15625,0.109375,0.109375,0.140625]
[PTRACE] op=from_f32_p8e0 rank=4 shape=[384,64,1,1] n=24576 min=-0.125 max=0.140625 mean=6.7393e-05 absmax=0.140625 sample=[0.015625,0.03125,0.015625,0.03125]
[PTRACE] op=from_f32_p8e0 rank=1 shape=[384] n=384 min=-1 max=0.921875 mean=0.0320231 absmax=1 sample=[-0.28125,-0.21875,-0.078125,-0.015625]
[PTRACE] op=from_f32_p8e0 rank=4 shape=[384,1,3,3] n=3456 min=-3.75 max=5.5 mean=-0.00939037 absmax=5.5 sample=[-0.703125,-1.34375,-0.65625,0.5625]
[PTRACE] op=gemm_p8e0 rank=3 shape=[1,384,196] n=75264 min=-10 max=10 mean=0.0402234 absmax=10 sample=[0.546875,1.5625,-0.15625,1.84375]
[PTRACE] op=add_p8e0 rank=3 shape=[1,384,196] n=75264 min=-10 max=10 mean=0.134851 absmax=10 sample=[0.703125,1.71875,0,2]
[PTRACE] op=conv2d_nchw_p8e0 rank=4 shape=[1,384,14,14] n=75264 min=-24 max=32 mean=0.0548206 absmax=32 sample=[0.859375,4,-1.0625,3.75]
[PTRACE] op=from_f32_p8e0 rank=1 shape=[64] n=64 min=-1.15625 max=0.96875 mean=0.0515137 absmax=1.15625 sample=[-0.3125,-0.15625,0.09375,0.25]
[PTRACE] op=from_f32_p8e0 rank=4 shape=[64,384,1,1] n=24576 min=-0.578125 max=0.703125 mean=-0.00134722 absmax=0.703125 sample=[-0.015625,0.015625,-0.0625,-0.015625]
[PTRACE] op=gemm_p8e0 rank=3 shape=[1,64,196] n=12544 min=-32 max=24 mean=0.398111 absmax=32 sample=[-2.625,-0.328125,-2.125,-6.5]
[PTRACE] op=add_p8e0 rank=3 shape=[1,64,196] n=12544 min=-32 max=24 mean=0.438776 absmax=32 sample=[-3,-0.640625,-2.5,-7]
[PTRACE] op=from_f32_p8e0 rank=1 shape=[384] n=384 min=-0.109375 max=0.25 mean=0.0528158 absmax=0.25 sample=[0.046875,0.125,0.078125,-0.0625]
[PTRACE] op=from_f32_p8e0 rank=4 shape=[384,64,1,1] n=24576 min=-0.09375 max=0.109375 mean=0.00011762 absmax=0.109375 sample=[-0.015625,-0.015625,-0.03125,0.015625]
[PTRACE] op=from_f32_p8e0 rank=1 shape=[384] n=384 min=-1.8125 max=0.625 mean=0.0304769 absmax=1.8125 sample=[0.234375,0.015625,-0.03125,0.171875]
[PTRACE] op=from_f32_p8e0 rank=4 shape=[384,1,3,3] n=3456 min=-8 max=12 mean=0.0241292 absmax=12 sample=[0,-0.09375,-0.171875,-0.09375]
[PTRACE] op=add_p8e0 rank=4 shape=[1,64,14,14] n=12544 min=-32 max=32 mean=0.100567 absmax=32 sample=[-7,14,14,7]
[PTRACE] op=gemm_p8e0 rank=3 shape=[1,384,196] n=75264 min=-12 max=10 mean=0.0287658 absmax=12 sample=[-0.890625,-3.75,-3.875,-6]
[PTRACE] op=add_p8e0 rank=3 shape=[1,384,196] n=75264 min=-12 max=10 mean=0.0803978 absmax=12 sample=[-0.84375,-3.75,-3.875,-6]
[PTRACE] op=conv2d_nchw_p8e0 rank=4 shape=[1,384,14,14] n=75264 min=-32 max=32 mean=0.0354172 absmax=32 sample=[4.5,0.09375,-3.625,-6]
[PTRACE] op=from_f32_p8e0 rank=1 shape=[64] n=64 min=-0.4375 max=0.9375 mean=0.0109863 absmax=0.9375 sample=[0.296875,0.140625,-0.328125,-0.15625]
[PTRACE] op=from_f32_p8e0 rank=4 shape=[64,384,1,1] n=24576 min=-0.703125 max=0.671875 mean=-0.00181135 absmax=0.703125 sample=[0.28125,0.125,-0.125,-0.125]
[PTRACE] op=gemm_p8e0 rank=3 shape=[1,64,196] n=12544 min=-32 max=32 mean=0.159668 absmax=32 sample=[-4.5,-6,4.5,-7.5]
[PTRACE] op=add_p8e0 rank=3 shape=[1,64,196] n=12544 min=-32 max=32 mean=0.167908 absmax=32 sample=[-4,-5.5,5,-7]
[PTRACE] op=from_f32_p8e0 rank=1 shape=[384] n=384 min=-0.375 max=0.234375 mean=0.0248617 absmax=0.375 sample=[-0.03125,-0.078125,0.015625,0.078125]
[PTRACE] op=from_f32_p8e0 rank=4 shape=[384,64,1,1] n=24576 min=-0.09375 max=0.109375 mean=0.000219981 absmax=0.109375 sample=[-0.015625,0.015625,-0.015625,-0.015625]
[PTRACE] op=from_f32_p8e0 rank=1 shape=[384] n=384 min=-1.09375 max=0.734375 mean=0.0272217 absmax=1.09375 sample=[-0.015625,-0.109375,-0.125,0.265625]
[PTRACE] op=from_f32_p8e0 rank=4 shape=[384,1,3,3] n=3456 min=-5 max=5 mean=0.0906666 absmax=5 sample=[-0.078125,0.046875,0.078125,-0.046875]
[PTRACE] op=add_p8e0 rank=4 shape=[1,64,14,14] n=12544 min=-64 max=32 mean=0.251612 absmax=64 sample=[-12,8,16,0]
[PTRACE] op=gemm_p8e0 rank=3 shape=[1,384,196] n=75264 min=-14 max=16 mean=0.107996 absmax=16 sample=[0.59375,-0.96875,0.515625,-0.3125]
[PTRACE] op=add_p8e0 rank=3 shape=[1,384,196] n=75264 min=-14 max=16 mean=0.132042 absmax=16 sample=[0.5625,-1,0.484375,-0.34375]
[PTRACE] op=conv2d_nchw_p8e0 rank=4 shape=[1,384,14,14] n=75264 min=-32 max=64 mean=-0.0986029 absmax=64 sample=[-0.28125,0.484375,0.375,0.1875]
[PTRACE] op=from_f32_p8e0 rank=1 shape=[64] n=64 min=-0.8125 max=0.578125 mean=-0.0808105 absmax=0.8125 sample=[-0.265625,-0.15625,0.125,-0.515625]
[PTRACE] op=from_f32_p8e0 rank=4 shape=[64,384,1,1] n=24576 min=-0.8125 max=0.609375 mean=0.00411034 absmax=0.8125 sample=[0.03125,-0.109375,-0.078125,-0.015625]
[PTRACE] op=gemm_p8e0 rank=3 shape=[1,64,196] n=12544 min=-32 max=32 mean=0.556017 absmax=32 sample=[5.5,-3,4.5,3.5]
[PTRACE] op=add_p8e0 rank=3 shape=[1,64,196] n=12544 min=-32 max=32 mean=0.500375 absmax=32 sample=[5,-3.25,4,3.25]
[PTRACE] op=add_p8e0 rank=4 shape=[1,64,14,14] n=12544 min=-64 max=64 mean=0.698379 absmax=64 sample=[-7,5,16,3.25]
[PTRACE] op=from_f32_p8e0 rank=1 shape=[384] n=384 min=-0.171875 max=0.3125 mean=0.064209 absmax=0.3125 sample=[0.171875,0.125,-0.015625,0.140625]
[PTRACE] op=from_f32_p8e0 rank=4 shape=[384,64,1,1] n=24576 min=-0.140625 max=0.125 mean=-0.000806173 absmax=0.140625 sample=[0.03125,0.015625,0.015625,-0.015625]
[PTRACE] op=gemm_p8e0 rank=3 shape=[1,384,196] n=75264 min=-24 max=16 mean=-0.00875875 absmax=24 sample=[3.375,1.625,1.84375,-0.703125]
[PTRACE] op=add_p8e0 rank=3 shape=[1,384,196] n=75264 min=-24 max=16 mean=0.0478401 absmax=24 sample=[3.5,1.8125,2,-0.53125]
[PTRACE] op=from_f32_p8e0 rank=1 shape=[384] n=384 min=-1.3125 max=1.46875 mean=0.0997721 absmax=1.46875 sample=[0.515625,0.046875,-0.0625,0.453125]
[PTRACE] op=from_f32_p8e0 rank=4 shape=[384,1,3,3] n=3456 min=-6.5 max=5 mean=0.0655518 absmax=6.5 sample=[0.046875,0,-0.25,0.671875]
[PTRACE] op=conv2d_nchw_p8e0 rank=4 shape=[1,384,14,14] n=75264 min=-32 max=32 mean=-0.0165723 absmax=32 sample=[-1.4375,-0.375,2.75,2.75]
[PTRACE] op=from_f32_p8e0 rank=1 shape=[96] n=96 min=-0.703125 max=0.78125 mean=-0.0525716 absmax=0.78125 sample=[0.109375,0.734375,0.265625,0.046875]
[PTRACE] op=from_f32_p8e0 rank=4 shape=[96,384,1,1] n=36864 min=-0.453125 max=0.625 mean=0.00069809 absmax=0.625 sample=[-0.078125,0.015625,0.046875,-0.046875]
[PTRACE] op=gemm_p8e0 rank=3 shape=[1,96,196] n=18816 min=-32 max=32 mean=-0.18908 absmax=32 sample=[3.25,7,14,14]
[PTRACE] op=add_p8e0 rank=3 shape=[1,96,196] n=18816 min=-32 max=32 mean=-0.223105 absmax=32 sample=[3.375,7,14,14]
[PTRACE] op=from_f32_p8e0 rank=1 shape=[576] n=576 min=-0.671875 max=0.25 mean=0.00946723 absmax=0.671875 sample=[0.15625,-0.03125,0.078125,0.046875]
[PTRACE] op=from_f32_p8e0 rank=4 shape=[576,96,1,1] n=55296 min=-0.171875 max=0.15625 mean=-4.54938e-05 absmax=0.171875 sample=[-0.015625,-0.046875,-0.015625,-0.015625]
[PTRACE] op=from_f32_p8e0 rank=1 shape=[576] n=576 min=-1.34375 max=1.1875 mean=0.0166016 absmax=1.34375 sample=[0.40625,-0.328125,-0.078125,0.25]
[PTRACE] op=from_f32_p8e0 rank=4 shape=[576,1,3,3] n=5184 min=-10 max=8 mean=0.0795386 absmax=10 sample=[-0.625,-0.859375,-0.390625,-0.625]
[PTRACE] op=gemm_p8e0 rank=3 shape=[1,576,196] n=112896 min=-16 max=12 mean=-0.0791016 absmax=16 sample=[-0.828125,-1.40625,-0.25,-0.453125]
[PTRACE] op=add_p8e0 rank=3 shape=[1,576,196] n=112896 min=-16 max=12 mean=-0.0681716 absmax=16 sample=[-0.671875,-1.25,-0.09375,-0.296875]
[PTRACE] op=conv2d_nchw_p8e0 rank=4 shape=[1,576,14,14] n=112896 min=-64 max=64 mean=-0.754554 absmax=64 sample=[0.953125,0.6875,2.25,2]
[PTRACE] op=from_f32_p8e0 rank=1 shape=[96] n=96 min=-0.671875 max=0.78125 mean=0.0559896 absmax=0.78125 sample=[0.25,-0.03125,-0.34375,-0.140625]
[PTRACE] op=from_f32_p8e0 rank=4 shape=[96,576,1,1] n=55296 min=-0.5 max=0.4375 mean=-0.000127157 absmax=0.5 sample=[-0.015625,-0.203125,0.078125,-0.046875]
[PTRACE] op=gemm_p8e0 rank=3 shape=[1,96,196] n=18816 min=-32 max=32 mean=0.472297 absmax=32 sample=[-5.5,14,-0.859375,24]
[PTRACE] op=add_p8e0 rank=3 shape=[1,96,196] n=18816 min=-32 max=32 mean=0.505246 absmax=32 sample=[-5,14,-0.609375,24]
[PTRACE] op=from_f32_p8e0 rank=1 shape=[576] n=576 min=-0.40625 max=0.25 mean=-0.00160048 absmax=0.40625 sample=[0.21875,-0.078125,-0.078125,0.046875]
[PTRACE] op=from_f32_p8e0 rank=4 shape=[576,96,1,1] n=55296 min=-0.15625 max=0.21875 mean=0.000103703 absmax=0.21875 sample=[-0.015625,0.03125,-0.015625,0.015625]
[PTRACE] op=from_f32_p8e0 rank=1 shape=[576] n=576 min=-0.921875 max=0.859375 mean=0.00849067 absmax=0.921875 sample=[0.765625,0.171875,-0.171875,0.265625]
[PTRACE] op=from_f32_p8e0 rank=4 shape=[576,1,3,3] n=5184 min=-8 max=5.5 mean=0.122134 absmax=8 sample=[-0.34375,-0.46875,-0.40625,-0.75]
[PTRACE] op=add_p8e0 rank=4 shape=[1,96,14,14] n=18816 min=-64 max=64 mean=0.282505 absmax=64 sample=[-1.625,24,14,32]
[PTRACE] op=gemm_p8e0 rank=3 shape=[1,576,196] n=112896 min=-32 max=24 mean=-0.147667 absmax=32 sample=[4.5,-2.25,0.1875,-2.875]
[PTRACE] op=add_p8e0 rank=3 shape=[1,576,196] n=112896 min=-32 max=24 mean=-0.146528 absmax=32 sample=[4.5,-2,0.40625,-2.625]
[PTRACE] op=conv2d_nchw_p8e0 rank=4 shape=[1,576,14,14] n=112896 min=-64 max=64 mean=-0.727372 absmax=64 sample=[-1.6875,-1.28125,3,0.8125]
[PTRACE] op=from_f32_p8e0 rank=1 shape=[96] n=96 min=-1.09375 max=1.0625 mean=0.0109049 absmax=1.09375 sample=[0.0625,-0.0625,0.4375,-0.265625]
[PTRACE] op=from_f32_p8e0 rank=4 shape=[96,576,1,1] n=55296 min=-1.25 max=1.09375 mean=0.00033089 absmax=1.25 sample=[-0.125,0.171875,-0.3125,0.0625]
[PTRACE] op=gemm_p8e0 rank=3 shape=[1,96,196] n=18816 min=-64 max=64 mean=-0.273349 absmax=64 sample=[4,0.953125,4,1.96875]
[PTRACE] op=add_p8e0 rank=3 shape=[1,96,196] n=18816 min=-64 max=64 mean=-0.262489 absmax=64 sample=[4,1,4,2]
[PTRACE] op=add_p8e0 rank=4 shape=[1,96,14,14] n=18816 min=-64 max=64 mean=0.0265864 absmax=64 sample=[2.375,24,16,32]
[PTRACE] op=from_f32_p8e0 rank=1 shape=[576] n=576 min=-0.359375 max=0.265625 mean=-0.0707737 absmax=0.359375 sample=[0.109375,0.015625,-0.3125,-0.125]
[PTRACE] op=from_f32_p8e0 rank=4 shape=[576,96,1,1] n=55296 min=-0.15625 max=0.1875 mean=-0.000567401 absmax=0.1875 sample=[0.015625,0.015625,-0.015625,-0.046875]
[PTRACE] op=gemm_p8e0 rank=3 shape=[1,576,196] n=112896 min=-24 max=16 mean=-2.12513 absmax=24 sample=[-2.375,-2.5,-1.5625,-4]
[PTRACE] op=add_p8e0 rank=3 shape=[1,576,196] n=112896 min=-24 max=16 mean=-2.15805 absmax=24 sample=[-2.25,-2.375,-1.4375,-3.875]
[PTRACE] op=from_f32_p8e0 rank=1 shape=[576] n=576 min=-0.5 max=0.71875 mean=0.160238 absmax=0.71875 sample=[0.40625,0.296875,-0.03125,0.015625]
[PTRACE] op=from_f32_p8e0 rank=4 shape=[576,1,3,3] n=5184 min=-1.84375 max=2.25 mean=0.150249 absmax=2.25 sample=[-0.125,-0.296875,-0.234375,-0.265625]
[PTRACE] op=conv2d_nchw_p8e0 rank=4 shape=[1,576,7,7] n=28224 min=-64 max=32 mean=-4.20342 absmax=64 sample=[3.125,7,6,5.5]
[PTRACE] op=from_f32_p8e0 rank=1 shape=[160] n=160 min=-0.671875 max=1.1875 mean=0.0263672 absmax=1.1875 sample=[0.125,0.078125,-0.15625,-0.015625]
[PTRACE] op=from_f32_p8e0 rank=4 shape=[160,576,1,1] n=92160 min=-0.3125 max=0.3125 mean=-0.000104438 absmax=0.3125 sample=[-0.015625,0.03125,-0.046875,0.03125]
[PTRACE] op=gemm_p8e0 rank=3 shape=[1,160,49] n=7840 min=-32 max=32 mean=0.621165 absmax=32 sample=[12,14,12,6]
[PTRACE] op=add_p8e0 rank=3 shape=[1,160,49] n=7840 min=-32 max=32 mean=0.637221 absmax=32 sample=[12,14,12,6]
[PTRACE] op=from_f32_p8e0 rank=1 shape=[960] n=960 min=-0.15625 max=0.34375 mean=0.0393392 absmax=0.34375 sample=[-0.015625,-0.03125,0.15625,-0.03125]
[PTRACE] op=from_f32_p8e0 rank=4 shape=[960,160,1,1] n=153600 min=-0.375 max=0.234375 mean=-1.69881e-05 absmax=0.375 sample=[0.03125,0.03125,-0.0625,0.03125]
[PTRACE] op=from_f32_p8e0 rank=1 shape=[960] n=960 min=-0.671875 max=0.734375 mean=0.0465169 absmax=0.734375 sample=[-0.171875,-0.15625,0.1875,0.21875]
[PTRACE] op=from_f32_p8e0 rank=4 shape=[960,1,3,3] n=8640 min=-10 max=8 mean=0.00832972 absmax=10 sample=[0.078125,0.546875,0.15625,0.46875]
[PTRACE] op=gemm_p8e0 rank=3 shape=[1,960,49] n=47040 min=-16 max=24 mean=0.0626192 absmax=24 sample=[-5,-2.25,-1.8125,-7]
[PTRACE] op=add_p8e0 rank=3 shape=[1,960,49] n=47040 min=-16 max=24 mean=0.0931275 absmax=24 sample=[-5,-2.25,-1.8125,-7]
[PTRACE] op=conv2d_nchw_p8e0 rank=4 shape=[1,960,7,7] n=47040 min=-64 max=64 mean=-1.80475 absmax=64 sample=[-16,-14,-16,-16]
[PTRACE] op=from_f32_p8e0 rank=1 shape=[160] n=160 min=-0.515625 max=0.46875 mean=0.00146484 absmax=0.515625 sample=[-0.125,-0.0625,0.109375,0.109375]
[PTRACE] op=from_f32_p8e0 rank=4 shape=[160,960,1,1] n=153600 min=-0.328125 max=0.296875 mean=0.000120036 absmax=0.328125 sample=[-0.078125,0.03125,-0.015625,-0.046875]
[PTRACE] op=gemm_p8e0 rank=3 shape=[1,160,49] n=7840 min=-32 max=32 mean=-0.306049 absmax=32 sample=[7.5,5,16,4.5]
[PTRACE] op=add_p8e0 rank=3 shape=[1,160,49] n=7840 min=-32 max=32 mean=-0.307454 absmax=32 sample=[7.5,5,16,4.5]
[PTRACE] op=from_f32_p8e0 rank=1 shape=[960] n=960 min=-0.140625 max=0.25 mean=0.0204915 absmax=0.25 sample=[-0.03125,-0.015625,0.03125,0.015625]
[PTRACE] op=from_f32_p8e0 rank=4 shape=[960,160,1,1] n=153600 min=-0.1875 max=0.21875 mean=6.98853e-05 absmax=0.21875 sample=[-0.03125,0.03125,0.015625,0.015625]
[PTRACE] op=from_f32_p8e0 rank=1 shape=[960] n=960 min=-0.8125 max=0.96875 mean=0.0552409 absmax=0.96875 sample=[-0.09375,-0.234375,-0.046875,0.21875]
[PTRACE] op=from_f32_p8e0 rank=4 shape=[960,1,3,3] n=8640 min=-7.5 max=7.5 mean=0.122763 absmax=7.5 sample=[1.625,2.375,1.625,1.09375]
[PTRACE] op=add_p8e0 rank=4 shape=[1,160,7,7] n=7840 min=-32 max=64 mean=0.2732 absmax=64 sample=[16,16,32,10]
[PTRACE] op=gemm_p8e0 rank=3 shape=[1,960,49] n=47040 min=-24 max=16 mean=-0.358654 absmax=24 sample=[5,1.625,3.5,3.375]
[PTRACE] op=add_p8e0 rank=3 shape=[1,960,49] n=47040 min=-24 max=16 mean=-0.343091 absmax=24 sample=[5,1.59375,3.5,3.375]
[PTRACE] op=conv2d_nchw_p8e0 rank=4 shape=[1,960,7,7] n=47040 min=-64 max=64 mean=-1.59587 absmax=64 sample=[-4,7,6,5.5]
[PTRACE] op=from_f32_p8e0 rank=1 shape=[160] n=160 min=-0.53125 max=0.921875 mean=0.0186523 absmax=0.921875 sample=[-0.109375,-0.15625,0.03125,0.796875]
[PTRACE] op=from_f32_p8e0 rank=4 shape=[160,960,1,1] n=153600 min=-0.609375 max=0.53125 mean=-0.000445862 absmax=0.609375 sample=[0.0625,0.0625,-0.015625,0.09375]
[PTRACE] op=gemm_p8e0 rank=3 shape=[1,160,49] n=7840 min=-32 max=32 mean=0.414896 absmax=32 sample=[-4.5,-5.5,1.5625,-5]
[PTRACE] op=add_p8e0 rank=3 shape=[1,160,49] n=7840 min=-32 max=32 mean=0.414278 absmax=32 sample=[-4.5,-5.5,1.4375,-5]
[PTRACE] op=add_p8e0 rank=4 shape=[1,160,7,7] n=7840 min=-64 max=64 mean=0.591809 absmax=64 sample=[12,10,32,5]
[PTRACE] op=from_f32_p8e0 rank=1 shape=[960] n=960 min=-0.28125 max=0.203125 mean=-0.0603353 absmax=0.28125 sample=[-0.015625,0.03125,-0.09375,-0.125]
[PTRACE] op=from_f32_p8e0 rank=4 shape=[960,160,1,1] n=153600 min=-0.125 max=0.125 mean=0.00036733 absmax=0.125 sample=[-0.015625,0.015625,0,0]
[PTRACE] op=gemm_p8e0 rank=3 shape=[1,960,49] n=47040 min=-16 max=16 mean=1.52413 absmax=16 sample=[0.546875,2,2.25,2.25]
[PTRACE] op=add_p8e0 rank=3 shape=[1,960,49] n=47040 min=-16 max=16 mean=1.47685 absmax=16 sample=[0.53125,2,2.25,2.25]
[PTRACE] op=from_f32_p8e0 rank=1 shape=[960] n=960 min=-0.1875 max=0.515625 mean=0.127816 absmax=0.515625 sample=[0.28125,0.234375,0.03125,0.03125]
[PTRACE] op=from_f32_p8e0 rank=4 shape=[960,1,3,3] n=8640 min=-6 max=8 mean=0.540354 absmax=8 sample=[0.84375,1.1875,0.5,-0.078125]
[PTRACE] op=conv2d_nchw_p8e0 rank=4 shape=[1,960,7,7] n=47040 min=-64 max=64 mean=5.8633 absmax=64 sample=[-7,-14,-14,-10]
[PTRACE] op=from_f32_p8e0 rank=1 shape=[320] n=320 min=-1.09375 max=1.0625 mean=0.0297852 absmax=1.09375 sample=[0.09375,0.0625,0.09375,-0.15625]
[PTRACE] op=from_f32_p8e0 rank=4 shape=[320,960,1,1] n=307200 min=-0.640625 max=0.59375 mean=1.42924e-05 absmax=0.640625 sample=[0.015625,-0.03125,0.25,0.109375]
[PTRACE] op=gemm_p8e0 rank=3 shape=[1,320,49] n=15680 min=-64 max=64 mean=-0.239748 absmax=64 sample=[4.5,-3.75,-4,1.375]
[PTRACE] op=add_p8e0 rank=3 shape=[1,320,49] n=15680 min=-64 max=64 mean=-0.222676 absmax=64 sample=[4.5,-3.625,-3.875,1.46875]
[PTRACE] op=from_f32_p8e0 rank=1 shape=[1280] n=1280 min=-0.296875 max=0.171875 mean=-0.149023 absmax=0.296875 sample=[-0.15625,-0.140625,-0.0625,-0.203125]
[PTRACE] op=from_f32_p8e0 rank=4 shape=[1280,320,1,1] n=409600 min=-1.75 max=1.6875 mean=-0.00263195 absmax=1.75 sample=[-0.125,0.203125,0,-0.3125]
[PTRACE] op=gemm_p8e0 rank=3 shape=[1,1280,49] n=62720 min=-64 max=64 mean=-0.567659 absmax=64 sample=[6.5,8,10,-8]
[PTRACE] op=add_p8e0 rank=3 shape=[1,1280,49] n=62720 min=-64 max=64 mean=-0.585697 absmax=64 sample=[6.5,8,10,-8]
[PTRACE] op=reduce_mean_p8e0 rank=4 shape=[1,1280,1,1] n=1280 min=-64 max=32 mean=-0.522913 absmax=64 sample=[10,5,-32,3.875]
[PTRACE] op=dequantize_linear_p8e0 rank=2 shape=[1280,1000] n=1280000 min=-0.25 max=0.328125 mean=-7.97241e-05 absmax=0.328125 sample=[-0.03125,-0.03125,-0.015625,-0.015625]
[PTRACE] op=gemm_p8e0 rank=2 shape=[1,1000] n=1000 min=0 max=0 mean=0 absmax=0 sample=[0,0,0,0]
[PTRACE] op=add_p8e0 rank=2 shape=[1,1000] n=1000 min=-0.125 max=0.15625 mean=-0.00021875 absmax=0.15625 sample=[0.046875,0.015625,-0.03125,-0.046875]
MAIN type=p8e0 avg=7.40574e+07 us (iters=1, warmup=0)
  top1=2 top5=[46,14,70,90,2]
COMPARE baseline=p8e0 so=./temp/mobilenet11/mobilenetv2-12-qdq-p8e0.so
