time_model_single_format config
  model_name=mobilenetv2-12
  format=p8e0
  target_so=./temp/mobilenet11/mobilenetv2-12-qdq-p8e0.so
  target_type=p8e0
  txt_dir=./temp/imagenette_val_224
  limit=10
  shape=1x3x224x224
  warmup=0
  iters=1
  timeout_sec=0
  baseline=nqdq-f32
  baseline_so=./temp/mobilenet11/mobilenetv2-12-nqdq-f32.so
  label_map=./temp/imagenette_val_224_labels.txt
  mode=no-benchmark

=== sample[1/10] ./temp/imagenette_val_224/img_00000.txt rc=0 ===
MAIN type=p8e0 avg=1.09115e+07 us (iters=1, warmup=0)
  top1=885 top5=[885,646,111,423,281]
  label=0 top1_hit=no top5_hit=no
CMP#1 type=f32 avg=58158.4 us so=./temp/mobilenet11/mobilenetv2-12-nqdq-f32.so
  top1=0 top5=[0,764,389,150,758]
  label=0 top1_hit=yes top5_hit=yes
COMPARE baseline=f32 so=./temp/mobilenet11/mobilenetv2-12-nqdq-f32.so
  C1 target=p8e0 so=./temp/mobilenet11/mobilenetv2-12-qdq-p8e0.so N=1000 MAE=2.29213 RMSE=2.97135 MaxAbs=16.5084 RMAE=1.07572 Cosine=0.0755515 JS=0.675941 Top1(885,0)=diff Top5Overlap=0 LatencyRatio=187.617x

=== sample[2/10] ./temp/imagenette_val_224/img_00001.txt rc=0 ===
MAIN type=p8e0 avg=9.98662e+06 us (iters=1, warmup=0)
  top1=885 top5=[885,646,111,423,281]
  label=0 top1_hit=no top5_hit=no
CMP#1 type=f32 avg=58666 us so=./temp/mobilenet11/mobilenetv2-12-nqdq-f32.so
  top1=0 top5=[0,389,391,394,395]
  label=0 top1_hit=yes top5_hit=yes
COMPARE baseline=f32 so=./temp/mobilenet11/mobilenetv2-12-nqdq-f32.so
  C1 target=p8e0 so=./temp/mobilenet11/mobilenetv2-12-qdq-p8e0.so N=1000 MAE=2.48713 RMSE=3.22837 MaxAbs=20.4658 RMAE=1.03129 Cosine=-0.0385141 JS=0.685491 Top1(885,0)=diff Top5Overlap=0 LatencyRatio=170.228x

[progress] 2/10
=== sample[3/10] ./temp/imagenette_val_224/img_00002.txt rc=0 ===
MAIN type=p8e0 avg=1.17348e+07 us (iters=1, warmup=0)
  top1=885 top5=[885,646,111,423,281]
  label=0 top1_hit=no top5_hit=no
CMP#1 type=f32 avg=58110.4 us so=./temp/mobilenet11/mobilenetv2-12-nqdq-f32.so
  top1=0 top5=[0,390,389,391,103]
  label=0 top1_hit=yes top5_hit=yes
COMPARE baseline=f32 so=./temp/mobilenet11/mobilenetv2-12-nqdq-f32.so
  C1 target=p8e0 so=./temp/mobilenet11/mobilenetv2-12-qdq-p8e0.so N=1000 MAE=2.15055 RMSE=2.84583 MaxAbs=22.1731 RMAE=1.09522 Cosine=0.00546299 JS=0.688518 Top1(885,0)=diff Top5Overlap=0 LatencyRatio=201.941x

=== sample[4/10] ./temp/imagenette_val_224/img_00003.txt rc=0 ===
MAIN type=p8e0 avg=8.69629e+06 us (iters=1, warmup=0)
  top1=885 top5=[885,646,111,423,281]
  label=0 top1_hit=no top5_hit=no
CMP#1 type=f32 avg=59394.6 us so=./temp/mobilenet11/mobilenetv2-12-nqdq-f32.so
  top1=0 top5=[0,389,391,394,395]
  label=0 top1_hit=yes top5_hit=yes
COMPARE baseline=f32 so=./temp/mobilenet11/mobilenetv2-12-nqdq-f32.so
  C1 target=p8e0 so=./temp/mobilenet11/mobilenetv2-12-qdq-p8e0.so N=1000 MAE=2.97143 RMSE=3.99283 MaxAbs=35.2728 RMAE=1.0089 Cosine=-0.0452605 JS=0.68899 Top1(885,0)=diff Top5Overlap=0 LatencyRatio=146.415x

[progress] 4/10
=== sample[5/10] ./temp/imagenette_val_224/img_00004.txt rc=0 ===
MAIN type=p8e0 avg=1.06881e+07 us (iters=1, warmup=0)
  top1=885 top5=[885,646,111,423,281]
  label=0 top1_hit=no top5_hit=no
CMP#1 type=f32 avg=59792.2 us so=./temp/mobilenet11/mobilenetv2-12-nqdq-f32.so
  top1=0 top5=[0,391,389,363,390]
  label=0 top1_hit=yes top5_hit=yes
COMPARE baseline=f32 so=./temp/mobilenet11/mobilenetv2-12-nqdq-f32.so
  C1 target=p8e0 so=./temp/mobilenet11/mobilenetv2-12-qdq-p8e0.so N=1000 MAE=2.22903 RMSE=2.97601 MaxAbs=19.2402 RMAE=1.00143 Cosine=0.0155595 JS=0.681991 Top1(885,0)=diff Top5Overlap=0 LatencyRatio=178.755x

=== sample[6/10] ./temp/imagenette_val_224/img_00005.txt rc=0 ===
MAIN type=p8e0 avg=1.02328e+07 us (iters=1, warmup=0)
  top1=885 top5=[885,646,111,423,281]
  label=0 top1_hit=no top5_hit=no
CMP#1 type=f32 avg=58690.9 us so=./temp/mobilenet11/mobilenetv2-12-nqdq-f32.so
  top1=0 top5=[0,389,390,391,395]
  label=0 top1_hit=yes top5_hit=yes
COMPARE baseline=f32 so=./temp/mobilenet11/mobilenetv2-12-nqdq-f32.so
  C1 target=p8e0 so=./temp/mobilenet11/mobilenetv2-12-qdq-p8e0.so N=1000 MAE=2.45612 RMSE=3.22546 MaxAbs=21.7484 RMAE=1.00319 Cosine=0.0477737 JS=0.687089 Top1(885,0)=diff Top5Overlap=0 LatencyRatio=174.35x

[progress] 6/10
=== sample[7/10] ./temp/imagenette_val_224/img_00006.txt rc=0 ===
MAIN type=p8e0 avg=1.77065e+07 us (iters=1, warmup=0)
  top1=885 top5=[885,646,111,423,281]
  label=0 top1_hit=no top5_hit=no
CMP#1 type=f32 avg=59442.7 us so=./temp/mobilenet11/mobilenetv2-12-nqdq-f32.so
  top1=0 top5=[0,389,391,394,395]
  label=0 top1_hit=yes top5_hit=yes
COMPARE baseline=f32 so=./temp/mobilenet11/mobilenetv2-12-nqdq-f32.so
  C1 target=p8e0 so=./temp/mobilenet11/mobilenetv2-12-qdq-p8e0.so N=1000 MAE=1.96125 RMSE=2.67705 MaxAbs=21.7718 RMAE=1.10273 Cosine=-7.72549e-06 JS=0.687395 Top1(885,0)=diff Top5Overlap=0 LatencyRatio=297.875x

=== sample[8/10] ./temp/imagenette_val_224/img_00007.txt rc=0 ===
MAIN type=p8e0 avg=1.03588e+07 us (iters=1, warmup=0)
  top1=885 top5=[885,646,111,423,281]
  label=0 top1_hit=no top5_hit=no
CMP#1 type=f32 avg=58988.8 us so=./temp/mobilenet11/mobilenetv2-12-nqdq-f32.so
  top1=0 top5=[0,389,391,395,758]
  label=0 top1_hit=yes top5_hit=yes
COMPARE baseline=f32 so=./temp/mobilenet11/mobilenetv2-12-nqdq-f32.so
  C1 target=p8e0 so=./temp/mobilenet11/mobilenetv2-12-qdq-p8e0.so N=1000 MAE=2.09234 RMSE=2.68783 MaxAbs=17.9661 RMAE=1.035 Cosine=-0.0250478 JS=0.684616 Top1(885,0)=diff Top5Overlap=0 LatencyRatio=175.607x

[progress] 8/10
=== sample[9/10] ./temp/imagenette_val_224/img_00008.txt rc=0 ===
MAIN type=p8e0 avg=8.48623e+06 us (iters=1, warmup=0)
  top1=885 top5=[885,646,111,423,281]
  label=0 top1_hit=no top5_hit=no
CMP#1 type=f32 avg=58991.1 us so=./temp/mobilenet11/mobilenetv2-12-nqdq-f32.so
  top1=0 top5=[0,389,391,395,394]
  label=0 top1_hit=yes top5_hit=yes
COMPARE baseline=f32 so=./temp/mobilenet11/mobilenetv2-12-nqdq-f32.so
  C1 target=p8e0 so=./temp/mobilenet11/mobilenetv2-12-qdq-p8e0.so N=1000 MAE=2.46881 RMSE=3.29241 MaxAbs=25.37 RMAE=1.03016 Cosine=-0.0592308 JS=0.687024 Top1(885,0)=diff Top5Overlap=0 LatencyRatio=143.856x

=== sample[10/10] ./temp/imagenette_val_224/img_00009.txt rc=0 ===
MAIN type=p8e0 avg=1.29142e+07 us (iters=1, warmup=0)
  top1=885 top5=[885,646,111,423,281]
  label=0 top1_hit=no top5_hit=no
CMP#1 type=f32 avg=58704.4 us so=./temp/mobilenet11/mobilenetv2-12-nqdq-f32.so
  top1=0 top5=[0,390,389,395,29]
  label=0 top1_hit=yes top5_hit=yes
COMPARE baseline=f32 so=./temp/mobilenet11/mobilenetv2-12-nqdq-f32.so
  C1 target=p8e0 so=./temp/mobilenet11/mobilenetv2-12-qdq-p8e0.so N=1000 MAE=2.43359 RMSE=3.26655 MaxAbs=22.441 RMAE=1.04133 Cosine=0.0257771 JS=0.68618 Top1(885,0)=diff Top5Overlap=0 LatencyRatio=219.986x

[progress] 10/10

Summary
  target=mobilenetv2-12-p8e0
  samples_used=10
  samples_failed=0
  samples_missing_label=0
  avg_latency_us=11171584
  total_wall_time_sec=113.231
  baseline=nqdq-f32
  MAE=2.35424 RMSE=3.11636 MaxAbs=22.2957 Cosine=0.00020639 RMAE=1.0425 JS=0.685324 Top1Match(%)=0 Top5Overlap=0
  GT Top1(%)=0 Top5(%)=0
  log_file=./temp/mobilenet11/p8e0_recheck_limit10.log
