time_model_single_format config
  model_name=mobilenetv2-12
  format=p8e0
  target_so=./temp/mobilenet11/mobilenetv2-12-qdq-p8e0.so
  target_type=p8e0
  txt_dir=./temp/imagenette_val_224
  limit=5
  shape=1x3x224x224
  warmup=0
  iters=1
  timeout_sec=0
  baseline=nqdq-f32
  baseline_so=./temp/mobilenet11/mobilenetv2-12-nqdq-f32.so
  label_map=./temp/imagenette_val_224_labels.txt
  mode=no-benchmark

=== sample[1/5] ./temp/imagenette_val_224/img_00000.txt rc=0 ===
MAIN type=p8e0 avg=1.09161e+07 us (iters=1, warmup=0)
  top1=885 top5=[885,646,111,423,281]
  label=0 top1_hit=no top5_hit=no
CMP#1 type=f32 avg=58597.1 us so=./temp/mobilenet11/mobilenetv2-12-nqdq-f32.so
  top1=0 top5=[0,764,389,150,758]
  label=0 top1_hit=yes top5_hit=yes
COMPARE baseline=f32 so=./temp/mobilenet11/mobilenetv2-12-nqdq-f32.so
  C1 target=p8e0 so=./temp/mobilenet11/mobilenetv2-12-qdq-p8e0.so N=1000 MAE=2.29213 RMSE=2.97135 MaxAbs=16.5084 RMAE=1.07572 Cosine=0.0755515 JS=0.675941 Top1(885,0)=diff Top5Overlap=0 LatencyRatio=186.29x

[progress] 1/5
=== sample[2/5] ./temp/imagenette_val_224/img_00001.txt rc=0 ===
MAIN type=p8e0 avg=9.97579e+06 us (iters=1, warmup=0)
  top1=885 top5=[885,646,111,423,281]
  label=0 top1_hit=no top5_hit=no
CMP#1 type=f32 avg=58770.6 us so=./temp/mobilenet11/mobilenetv2-12-nqdq-f32.so
  top1=0 top5=[0,389,391,394,395]
  label=0 top1_hit=yes top5_hit=yes
COMPARE baseline=f32 so=./temp/mobilenet11/mobilenetv2-12-nqdq-f32.so
  C1 target=p8e0 so=./temp/mobilenet11/mobilenetv2-12-qdq-p8e0.so N=1000 MAE=2.48713 RMSE=3.22837 MaxAbs=20.4658 RMAE=1.03129 Cosine=-0.0385141 JS=0.685491 Top1(885,0)=diff Top5Overlap=0 LatencyRatio=169.741x

[progress] 2/5
=== sample[3/5] ./temp/imagenette_val_224/img_00002.txt rc=0 ===
MAIN type=p8e0 avg=1.17581e+07 us (iters=1, warmup=0)
  top1=885 top5=[885,646,111,423,281]
  label=0 top1_hit=no top5_hit=no
CMP#1 type=f32 avg=59067.2 us so=./temp/mobilenet11/mobilenetv2-12-nqdq-f32.so
  top1=0 top5=[0,390,389,391,103]
  label=0 top1_hit=yes top5_hit=yes
COMPARE baseline=f32 so=./temp/mobilenet11/mobilenetv2-12-nqdq-f32.so
  C1 target=p8e0 so=./temp/mobilenet11/mobilenetv2-12-qdq-p8e0.so N=1000 MAE=2.15055 RMSE=2.84583 MaxAbs=22.1731 RMAE=1.09522 Cosine=0.00546299 JS=0.688518 Top1(885,0)=diff Top5Overlap=0 LatencyRatio=199.064x

[progress] 3/5
=== sample[4/5] ./temp/imagenette_val_224/img_00003.txt rc=0 ===
MAIN type=p8e0 avg=8.69457e+06 us (iters=1, warmup=0)
  top1=885 top5=[885,646,111,423,281]
  label=0 top1_hit=no top5_hit=no
CMP#1 type=f32 avg=59286.7 us so=./temp/mobilenet11/mobilenetv2-12-nqdq-f32.so
  top1=0 top5=[0,389,391,394,395]
  label=0 top1_hit=yes top5_hit=yes
COMPARE baseline=f32 so=./temp/mobilenet11/mobilenetv2-12-nqdq-f32.so
  C1 target=p8e0 so=./temp/mobilenet11/mobilenetv2-12-qdq-p8e0.so N=1000 MAE=2.97143 RMSE=3.99283 MaxAbs=35.2728 RMAE=1.0089 Cosine=-0.0452605 JS=0.68899 Top1(885,0)=diff Top5Overlap=0 LatencyRatio=146.653x

[progress] 4/5
=== sample[5/5] ./temp/imagenette_val_224/img_00004.txt rc=0 ===
MAIN type=p8e0 avg=1.08132e+07 us (iters=1, warmup=0)
  top1=885 top5=[885,646,111,423,281]
  label=0 top1_hit=no top5_hit=no
CMP#1 type=f32 avg=58820.1 us so=./temp/mobilenet11/mobilenetv2-12-nqdq-f32.so
  top1=0 top5=[0,391,389,363,390]
  label=0 top1_hit=yes top5_hit=yes
COMPARE baseline=f32 so=./temp/mobilenet11/mobilenetv2-12-nqdq-f32.so
  C1 target=p8e0 so=./temp/mobilenet11/mobilenetv2-12-qdq-p8e0.so N=1000 MAE=2.22903 RMSE=2.97601 MaxAbs=19.2402 RMAE=1.00143 Cosine=0.0155595 JS=0.681991 Top1(885,0)=diff Top5Overlap=0 LatencyRatio=183.835x

[progress] 5/5

Summary
  target=mobilenetv2-12-p8e0
  samples_used=5
  samples_failed=0
  samples_missing_label=0
  avg_latency_us=10431552
  total_wall_time_sec=52.9219
  baseline=nqdq-f32
  MAE=2.42606 RMSE=3.20288 MaxAbs=22.732 Cosine=0.00255988 RMAE=1.04251 JS=0.684186 Top1Match(%)=0 Top5Overlap=0
  GT Top1(%)=0 Top5(%)=0
  log_file=./temp/mobilenet11/p8e0_fixed2_limit5.log
