time_model_single_format config
  model_name=mobilenetv2-12
  format=p8e0
  target_so=./temp/mobilenet11/mobilenetv2-12-qdq-p8e0.so
  target_type=p8e0
  txt_dir=./temp/imagenette_val_224
  limit=10
  shape=1x3x224x224
  warmup=0
  iters=1
  timeout_sec=0
  baseline=nqdq-f32
  baseline_so=./temp/mobilenet11/mobilenetv2-12-nqdq-f32.so
  label_map=./temp/imagenette_val_224_labels.txt
  mode=no-benchmark

=== sample[1/10] ./temp/imagenette_val_224/img_00000.txt rc=0 ===
MAIN type=p8e0 avg=7.47717e+07 us (iters=1, warmup=0)
  top1=2 top5=[46,14,70,90,2]
  label=0 top1_hit=no top5_hit=no
CMP#1 type=f32 avg=59223.5 us so=./temp/mobilenet11/mobilenetv2-12-nqdq-f32.so
  top1=0 top5=[0,764,389,150,758]
  label=0 top1_hit=yes top5_hit=yes
COMPARE baseline=f32 so=./temp/mobilenet11/mobilenetv2-12-nqdq-f32.so
  C1 target=p8e0 so=./temp/mobilenet11/mobilenetv2-12-qdq-p8e0.so N=1000 MAE=nan RMSE=nan MaxAbs=16.5553 RMAE=nan Cosine=0 JS=nan Top1(2,0)=diff Top5Overlap=0 LatencyRatio=1262.53x

=== sample[2/10] ./temp/imagenette_val_224/img_00001.txt rc=0 ===
MAIN type=p8e0 avg=7.46209e+07 us (iters=1, warmup=0)
  top1=2 top5=[46,14,70,90,2]
  label=0 top1_hit=no top5_hit=no
CMP#1 type=f32 avg=58871.8 us so=./temp/mobilenet11/mobilenetv2-12-nqdq-f32.so
  top1=0 top5=[0,389,391,394,395]
  label=0 top1_hit=yes top5_hit=yes
COMPARE baseline=f32 so=./temp/mobilenet11/mobilenetv2-12-nqdq-f32.so
  C1 target=p8e0 so=./temp/mobilenet11/mobilenetv2-12-qdq-p8e0.so N=1000 MAE=nan RMSE=nan MaxAbs=20.5127 RMAE=nan Cosine=0 JS=nan Top1(2,0)=diff Top5Overlap=0 LatencyRatio=1267.52x

[progress] 2/10
=== sample[3/10] ./temp/imagenette_val_224/img_00002.txt rc=0 ===
MAIN type=p8e0 avg=7.45092e+07 us (iters=1, warmup=0)
  top1=2 top5=[46,14,70,90,2]
  label=0 top1_hit=no top5_hit=no
CMP#1 type=f32 avg=59365.3 us so=./temp/mobilenet11/mobilenetv2-12-nqdq-f32.so
  top1=0 top5=[0,390,389,391,103]
  label=0 top1_hit=yes top5_hit=yes
COMPARE baseline=f32 so=./temp/mobilenet11/mobilenetv2-12-nqdq-f32.so
  C1 target=p8e0 so=./temp/mobilenet11/mobilenetv2-12-qdq-p8e0.so N=1000 MAE=nan RMSE=nan MaxAbs=22.22 RMAE=nan Cosine=0 JS=nan Top1(2,0)=diff Top5Overlap=0 LatencyRatio=1255.1x

=== sample[4/10] ./temp/imagenette_val_224/img_00003.txt rc=0 ===
MAIN type=p8e0 avg=7.4506e+07 us (iters=1, warmup=0)
  top1=2 top5=[46,14,70,90,2]
  label=0 top1_hit=no top5_hit=no
CMP#1 type=f32 avg=58397.3 us so=./temp/mobilenet11/mobilenetv2-12-nqdq-f32.so
  top1=0 top5=[0,389,391,394,395]
  label=0 top1_hit=yes top5_hit=yes
COMPARE baseline=f32 so=./temp/mobilenet11/mobilenetv2-12-nqdq-f32.so
  C1 target=p8e0 so=./temp/mobilenet11/mobilenetv2-12-qdq-p8e0.so N=1000 MAE=nan RMSE=nan MaxAbs=35.3197 RMAE=nan Cosine=0 JS=nan Top1(2,0)=diff Top5Overlap=0 LatencyRatio=1275.85x

[progress] 4/10
=== sample[5/10] ./temp/imagenette_val_224/img_00004.txt rc=0 ===
MAIN type=p8e0 avg=7.49957e+07 us (iters=1, warmup=0)
  top1=2 top5=[46,14,70,90,2]
  label=0 top1_hit=no top5_hit=no
CMP#1 type=f32 avg=59211.7 us so=./temp/mobilenet11/mobilenetv2-12-nqdq-f32.so
  top1=0 top5=[0,391,389,363,390]
  label=0 top1_hit=yes top5_hit=yes
COMPARE baseline=f32 so=./temp/mobilenet11/mobilenetv2-12-nqdq-f32.so
  C1 target=p8e0 so=./temp/mobilenet11/mobilenetv2-12-qdq-p8e0.so N=1000 MAE=nan RMSE=nan MaxAbs=19.287 RMAE=nan Cosine=0 JS=nan Top1(2,0)=diff Top5Overlap=0 LatencyRatio=1266.57x

=== sample[6/10] ./temp/imagenette_val_224/img_00005.txt rc=0 ===
MAIN type=p8e0 avg=7.48989e+07 us (iters=1, warmup=0)
  top1=2 top5=[46,14,70,90,2]
  label=0 top1_hit=no top5_hit=no
CMP#1 type=f32 avg=58841.3 us so=./temp/mobilenet11/mobilenetv2-12-nqdq-f32.so
  top1=0 top5=[0,389,390,391,395]
  label=0 top1_hit=yes top5_hit=yes
COMPARE baseline=f32 so=./temp/mobilenet11/mobilenetv2-12-nqdq-f32.so
  C1 target=p8e0 so=./temp/mobilenet11/mobilenetv2-12-qdq-p8e0.so N=1000 MAE=nan RMSE=nan MaxAbs=21.7953 RMAE=nan Cosine=0 JS=nan Top1(2,0)=diff Top5Overlap=0 LatencyRatio=1272.9x

[progress] 6/10
=== sample[7/10] ./temp/imagenette_val_224/img_00006.txt rc=0 ===
MAIN type=p8e0 avg=7.45352e+07 us (iters=1, warmup=0)
  top1=2 top5=[46,14,70,90,2]
  label=0 top1_hit=no top5_hit=no
CMP#1 type=f32 avg=58771 us so=./temp/mobilenet11/mobilenetv2-12-nqdq-f32.so
  top1=0 top5=[0,389,391,394,395]
  label=0 top1_hit=yes top5_hit=yes
COMPARE baseline=f32 so=./temp/mobilenet11/mobilenetv2-12-nqdq-f32.so
  C1 target=p8e0 so=./temp/mobilenet11/mobilenetv2-12-qdq-p8e0.so N=1000 MAE=nan RMSE=nan MaxAbs=21.8187 RMAE=nan Cosine=0 JS=nan Top1(2,0)=diff Top5Overlap=0 LatencyRatio=1268.23x

=== sample[8/10] ./temp/imagenette_val_224/img_00007.txt rc=0 ===
MAIN type=p8e0 avg=7.50548e+07 us (iters=1, warmup=0)
  top1=2 top5=[46,14,70,90,2]
  label=0 top1_hit=no top5_hit=no
CMP#1 type=f32 avg=59328.6 us so=./temp/mobilenet11/mobilenetv2-12-nqdq-f32.so
  top1=0 top5=[0,389,391,395,758]
  label=0 top1_hit=yes top5_hit=yes
COMPARE baseline=f32 so=./temp/mobilenet11/mobilenetv2-12-nqdq-f32.so
  C1 target=p8e0 so=./temp/mobilenet11/mobilenetv2-12-qdq-p8e0.so N=1000 MAE=nan RMSE=nan MaxAbs=18.013 RMAE=nan Cosine=0 JS=nan Top1(2,0)=diff Top5Overlap=0 LatencyRatio=1265.07x

[progress] 8/10
=== sample[9/10] ./temp/imagenette_val_224/img_00008.txt rc=0 ===
MAIN type=p8e0 avg=7.48894e+07 us (iters=1, warmup=0)
  top1=2 top5=[46,14,70,90,2]
  label=0 top1_hit=no top5_hit=no
CMP#1 type=f32 avg=59072 us so=./temp/mobilenet11/mobilenetv2-12-nqdq-f32.so
  top1=0 top5=[0,389,391,395,394]
  label=0 top1_hit=yes top5_hit=yes
COMPARE baseline=f32 so=./temp/mobilenet11/mobilenetv2-12-nqdq-f32.so
  C1 target=p8e0 so=./temp/mobilenet11/mobilenetv2-12-qdq-p8e0.so N=1000 MAE=nan RMSE=nan MaxAbs=25.4169 RMAE=nan Cosine=0 JS=nan Top1(2,0)=diff Top5Overlap=0 LatencyRatio=1267.77x

=== sample[10/10] ./temp/imagenette_val_224/img_00009.txt rc=0 ===
MAIN type=p8e0 avg=7.47102e+07 us (iters=1, warmup=0)
  top1=2 top5=[46,14,70,90,2]
  label=0 top1_hit=no top5_hit=no
CMP#1 type=f32 avg=58258.4 us so=./temp/mobilenet11/mobilenetv2-12-nqdq-f32.so
  top1=0 top5=[0,390,389,395,29]
  label=0 top1_hit=yes top5_hit=yes
COMPARE baseline=f32 so=./temp/mobilenet11/mobilenetv2-12-nqdq-f32.so
  C1 target=p8e0 so=./temp/mobilenet11/mobilenetv2-12-qdq-p8e0.so N=1000 MAE=nan RMSE=nan MaxAbs=22.4879 RMAE=nan Cosine=0 JS=nan Top1(2,0)=diff Top5Overlap=0 LatencyRatio=1282.39x

[progress] 10/10

Summary
  target=mobilenetv2-12-p8e0
  samples_used=10
  samples_failed=0
  samples_missing_label=0
  avg_latency_us=74749200
  total_wall_time_sec=748.925
  baseline=nqdq-f32
  MAE=nan RMSE=nan MaxAbs=22.3427 Cosine=0 RMAE=nan JS=nan Top1Match(%)=0 Top5Overlap=0
  GT Top1(%)=0 Top5(%)=0
  log_file=./temp/mobilenet11/p8e0_fixed_castchain_limit10.log
