time_model_single_format config
  model_name=mobilenetv2-12
  format=qdq-f32
  target_so=./temp/mobilenet11/mobilenetv2-12-qdq-f32.so
  target_type=f32
  txt_dir=./temp/imagenette_val_224
  limit=10
  shape=1x3x224x224
  warmup=0
  iters=1
  timeout_sec=0
  baseline=none
  label_map=./temp/imagenette_val_224_labels.txt
  mode=no-benchmark

=== sample[1/10] ./temp/imagenette_val_224/img_00000.txt rc=0 ===
MAIN type=f32 avg=94551.4 us (iters=1, warmup=0)
  top1=0 top5=[0,389,764,150,391]
  label=0 top1_hit=yes top5_hit=yes
COMPARE baseline=f32 so=./temp/mobilenet11/mobilenetv2-12-qdq-f32.so

=== sample[2/10] ./temp/imagenette_val_224/img_00001.txt rc=0 ===
MAIN type=f32 avg=90288.7 us (iters=1, warmup=0)
  top1=0 top5=[0,389,391,394,544]
  label=0 top1_hit=yes top5_hit=yes
COMPARE baseline=f32 so=./temp/mobilenet11/mobilenetv2-12-qdq-f32.so

=== sample[3/10] ./temp/imagenette_val_224/img_00002.txt rc=0 ===
MAIN type=f32 avg=90992 us (iters=1, warmup=0)
  top1=0 top5=[0,390,389,391,103]
  label=0 top1_hit=yes top5_hit=yes
COMPARE baseline=f32 so=./temp/mobilenet11/mobilenetv2-12-qdq-f32.so

=== sample[4/10] ./temp/imagenette_val_224/img_00003.txt rc=0 ===
MAIN type=f32 avg=89391.9 us (iters=1, warmup=0)
  top1=389 top5=[389,391,394,395,390]
  label=0 top1_hit=no top5_hit=no
COMPARE baseline=f32 so=./temp/mobilenet11/mobilenetv2-12-qdq-f32.so

=== sample[5/10] ./temp/imagenette_val_224/img_00004.txt rc=0 ===
MAIN type=f32 avg=90481.4 us (iters=1, warmup=0)
  top1=0 top5=[0,391,389,395,390]
  label=0 top1_hit=yes top5_hit=yes
COMPARE baseline=f32 so=./temp/mobilenet11/mobilenetv2-12-qdq-f32.so

[progress] 5/10
=== sample[6/10] ./temp/imagenette_val_224/img_00005.txt rc=0 ===
MAIN type=f32 avg=93929.6 us (iters=1, warmup=0)
  top1=0 top5=[0,389,390,391,30]
  label=0 top1_hit=yes top5_hit=yes
COMPARE baseline=f32 so=./temp/mobilenet11/mobilenetv2-12-qdq-f32.so

=== sample[7/10] ./temp/imagenette_val_224/img_00006.txt rc=0 ===
MAIN type=f32 avg=92576.6 us (iters=1, warmup=0)
  top1=0 top5=[0,389,391,394,390]
  label=0 top1_hit=yes top5_hit=yes
COMPARE baseline=f32 so=./temp/mobilenet11/mobilenetv2-12-qdq-f32.so

=== sample[8/10] ./temp/imagenette_val_224/img_00007.txt rc=0 ===
MAIN type=f32 avg=91057.1 us (iters=1, warmup=0)
  top1=0 top5=[0,389,391,395,758]
  label=0 top1_hit=yes top5_hit=yes
COMPARE baseline=f32 so=./temp/mobilenet11/mobilenetv2-12-qdq-f32.so

=== sample[9/10] ./temp/imagenette_val_224/img_00008.txt rc=0 ===
MAIN type=f32 avg=90677 us (iters=1, warmup=0)
  top1=0 top5=[0,389,391,395,394]
  label=0 top1_hit=yes top5_hit=yes
COMPARE baseline=f32 so=./temp/mobilenet11/mobilenetv2-12-qdq-f32.so

=== sample[10/10] ./temp/imagenette_val_224/img_00009.txt rc=0 ===
MAIN type=f32 avg=89880.2 us (iters=1, warmup=0)
  top1=0 top5=[0,389,390,395,29]
  label=0 top1_hit=yes top5_hit=yes
COMPARE baseline=f32 so=./temp/mobilenet11/mobilenetv2-12-qdq-f32.so

[progress] 10/10

Summary
  target=mobilenetv2-12-qdq-f32
  samples_used=10
  samples_failed=0
  samples_missing_label=0
  avg_latency_us=91382.6
  total_wall_time_sec=1.45486
  GT Top1(%)=90 Top5(%)=90
  log_file=./temp/mobilenet11/qdq_f32_limit10.log
