time_model_single_format config
  model_name=resnet50-v1-12
  format=p8e0
  target_so=./temp/resnet50-11_temp/resnet50-v1-12-qdq-p8e0.so
  target_type=f32
  txt_dir=./temp/imagenette_val_224
  limit=1
  shape=1x3x224x224
  warmup=0
  iters=1
  timeout_sec=0
  baseline=nqdq-f32
  baseline_so=./temp/resnet50-11_temp/resnet50-v1-12-nqdq-f32.so
  label_map=./temp/imagenette_val_224_labels.txt
  mode=no-benchmark

=== sample[1/1] ./temp/imagenette_val_224/img_00000.txt rc=0 ===
MAIN type=f32 avg=2.91755e+08 us (iters=1, warmup=0)
  top1=999 top5=[999,443,421,799,506]
  label=0 top1_hit=no top5_hit=no
CMP#1 type=f32 avg=2.43923e+06 us so=./temp/resnet50-11_temp/resnet50-v1-12-nqdq-f32.so
  top1=0 top5=[0,389,758,764,391]
  label=0 top1_hit=yes top5_hit=yes
COMPARE baseline=f32 so=./temp/resnet50-11_temp/resnet50-v1-12-nqdq-f32.so
  C1 target=f32 so=./temp/resnet50-11_temp/resnet50-v1-12-qdq-p8e0.so N=1000 MAE=1.85897 RMSE=2.53246 MaxAbs=18.8521 RMAE=8.0698 Cosine=0.0240584 JS=0.691559 Top1(999,0)=diff Top5Overlap=0 LatencyRatio=119.61x

[progress] 1/1

Summary
  target=resnet50-v1-12-p8e0
  samples_used=1
  samples_failed=0
  samples_missing_label=0
  avg_latency_us=291755000
  total_wall_time_sec=294.308
  baseline=nqdq-f32
  MAE=1.85897 RMSE=2.53246 MaxAbs=18.8521 Cosine=0.0240584 RMAE=8.0698 JS=0.691559 Top1Match(%)=0 Top5Overlap=0
  GT Top1(%)=0 Top5(%)=0
  log_file=./temp/resnet50-11_temp/p8e0_limit1_after345.log
