time_model_single_format config
  model_name=resnet50-v1-12
  format=p8e0
  target_so=./temp/resnet50-11_temp/resnet50-v1-12-qdq-p8e0.so
  target_type=f32
  txt_dir=./temp/imagenette_val_224
  limit=100
  shape=1x3x224x224
  warmup=0
  iters=1
  timeout_sec=0
  baseline=none
  label_map=./temp/imagenette_val_224_labels.txt
  mode=no-benchmark

=== sample[1/100] ./temp/imagenette_val_224/img_00000.txt rc=0 ===
MAIN type=f32 avg=7.33458e+08 us (iters=1, warmup=0)
  top1=4 top5=[5,4,18,30,17]
  label=0 top1_hit=no top5_hit=no
COMPARE baseline=f32 so=./temp/resnet50-11_temp/resnet50-v1-12-qdq-p8e0.so

[progress] 1/100
=== sample[2/100] ./temp/imagenette_val_224/img_00001.txt rc=0 ===
MAIN type=f32 avg=7.22507e+08 us (iters=1, warmup=0)
  top1=4 top5=[8,4,25,30,17]
  label=0 top1_hit=no top5_hit=no
COMPARE baseline=f32 so=./temp/resnet50-11_temp/resnet50-v1-12-qdq-p8e0.so

[progress] 2/100
=== sample[3/100] ./temp/imagenette_val_224/img_00002.txt rc=0 ===
MAIN type=f32 avg=7.15393e+08 us (iters=1, warmup=0)
  top1=1 top5=[1,5,30,31,18]
  label=0 top1_hit=no top5_hit=no
COMPARE baseline=f32 so=./temp/resnet50-11_temp/resnet50-v1-12-qdq-p8e0.so

[progress] 3/100
=== sample[4/100] ./temp/imagenette_val_224/img_00003.txt rc=0 ===
MAIN type=f32 avg=7.15863e+08 us (iters=1, warmup=0)
  top1=5 top5=[5,7,30,31,18]
  label=0 top1_hit=no top5_hit=no
COMPARE baseline=f32 so=./temp/resnet50-11_temp/resnet50-v1-12-qdq-p8e0.so

[progress] 4/100
=== sample[5/100] ./temp/imagenette_val_224/img_00004.txt rc=0 ===
MAIN type=f32 avg=7.20415e+08 us (iters=1, warmup=0)
  top1=5 top5=[5,31,36,38,18]
  label=0 top1_hit=no top5_hit=no
COMPARE baseline=f32 so=./temp/resnet50-11_temp/resnet50-v1-12-qdq-p8e0.so

[progress] 5/100
=== sample[6/100] ./temp/imagenette_val_224/img_00005.txt rc=0 ===
MAIN type=f32 avg=7.19953e+08 us (iters=1, warmup=0)
  top1=8 top5=[8,18,31,33,17]
  label=0 top1_hit=no top5_hit=no
COMPARE baseline=f32 so=./temp/resnet50-11_temp/resnet50-v1-12-qdq-p8e0.so

[progress] 6/100
=== sample[7/100] ./temp/imagenette_val_224/img_00006.txt rc=0 ===
MAIN type=f32 avg=7.15634e+08 us (iters=1, warmup=0)
  top1=1 top5=[1,5,17,18,8]
  label=0 top1_hit=no top5_hit=no
COMPARE baseline=f32 so=./temp/resnet50-11_temp/resnet50-v1-12-qdq-p8e0.so

[progress] 7/100
=== sample[8/100] ./temp/imagenette_val_224/img_00007.txt rc=0 ===
MAIN type=f32 avg=7.17231e+08 us (iters=1, warmup=0)
  top1=5 top5=[5,17,18,25,8]
  label=0 top1_hit=no top5_hit=no
COMPARE baseline=f32 so=./temp/resnet50-11_temp/resnet50-v1-12-qdq-p8e0.so

[progress] 8/100
=== sample[9/100] ./temp/imagenette_val_224/img_00008.txt rc=0 ===
MAIN type=f32 avg=7.16788e+08 us (iters=1, warmup=0)
  top1=1 top5=[1,5,8,17,7]
  label=0 top1_hit=no top5_hit=no
COMPARE baseline=f32 so=./temp/resnet50-11_temp/resnet50-v1-12-qdq-p8e0.so

[progress] 9/100
=== sample[10/100] ./temp/imagenette_val_224/img_00009.txt rc=0 ===
MAIN type=f32 avg=7.15896e+08 us (iters=1, warmup=0)
  top1=8 top5=[18,17,31,33,8]
  label=0 top1_hit=no top5_hit=no
COMPARE baseline=f32 so=./temp/resnet50-11_temp/resnet50-v1-12-qdq-p8e0.so

[progress] 10/100
=== sample[11/100] ./temp/imagenette_val_224/img_00010.txt rc=0 ===
MAIN type=f32 avg=7.15875e+08 us (iters=1, warmup=0)
  top1=5 top5=[5,7,17,31,8]
  label=0 top1_hit=no top5_hit=no
COMPARE baseline=f32 so=./temp/resnet50-11_temp/resnet50-v1-12-qdq-p8e0.so

[progress] 11/100
=== sample[12/100] ./temp/imagenette_val_224/img_00011.txt rc=0 ===
MAIN type=f32 avg=7.11777e+08 us (iters=1, warmup=0)
  top1=0 top5=[0,4,18,30,8]
  label=0 top1_hit=yes top5_hit=yes
COMPARE baseline=f32 so=./temp/resnet50-11_temp/resnet50-v1-12-qdq-p8e0.so

[progress] 12/100
=== sample[13/100] ./temp/imagenette_val_224/img_00012.txt rc=0 ===
MAIN type=f32 avg=7.1665e+08 us (iters=1, warmup=0)
  top1=5 top5=[5,7,18,30,8]
  label=0 top1_hit=no top5_hit=no
COMPARE baseline=f32 so=./temp/resnet50-11_temp/resnet50-v1-12-qdq-p8e0.so

[progress] 13/100
=== sample[14/100] ./temp/imagenette_val_224/img_00013.txt rc=0 ===
MAIN type=f32 avg=7.10026e+08 us (iters=1, warmup=0)
  top1=1 top5=[1,5,17,18,8]
  label=0 top1_hit=no top5_hit=no
COMPARE baseline=f32 so=./temp/resnet50-11_temp/resnet50-v1-12-qdq-p8e0.so

[progress] 14/100
=== sample[15/100] ./temp/imagenette_val_224/img_00014.txt rc=0 ===
MAIN type=f32 avg=7.14575e+08 us (iters=1, warmup=0)
  top1=5 top5=[18,5,25,30,8]
  label=0 top1_hit=no top5_hit=no
COMPARE baseline=f32 so=./temp/resnet50-11_temp/resnet50-v1-12-qdq-p8e0.so

[progress] 15/100
=== sample[16/100] ./temp/imagenette_val_224/img_00015.txt rc=0 ===
MAIN type=f32 avg=7.18312e+08 us (iters=1, warmup=0)
  top1=1 top5=[1,5,18,25,17]
  label=0 top1_hit=no top5_hit=no
COMPARE baseline=f32 so=./temp/resnet50-11_temp/resnet50-v1-12-qdq-p8e0.so

[progress] 16/100
=== sample[17/100] ./temp/imagenette_val_224/img_00016.txt rc=0 ===
MAIN type=f32 avg=7.2344e+08 us (iters=1, warmup=0)
  top1=7 top5=[17,7,18,30,8]
  label=0 top1_hit=no top5_hit=no
COMPARE baseline=f32 so=./temp/resnet50-11_temp/resnet50-v1-12-qdq-p8e0.so

[progress] 17/100
=== sample[18/100] ./temp/imagenette_val_224/img_00017.txt rc=0 ===
MAIN type=f32 avg=7.23289e+08 us (iters=1, warmup=0)
  top1=5 top5=[7,5,8,31,18]
  label=0 top1_hit=no top5_hit=no
COMPARE baseline=f32 so=./temp/resnet50-11_temp/resnet50-v1-12-qdq-p8e0.so

[progress] 18/100
=== sample[19/100] ./temp/imagenette_val_224/img_00018.txt rc=0 ===
MAIN type=f32 avg=7.24786e+08 us (iters=1, warmup=0)
  top1=7 top5=[17,7,18,31,8]
  label=0 top1_hit=no top5_hit=no
COMPARE baseline=f32 so=./temp/resnet50-11_temp/resnet50-v1-12-qdq-p8e0.so

[progress] 19/100
=== sample[20/100] ./temp/imagenette_val_224/img_00019.txt rc=0 ===
MAIN type=f32 avg=7.25196e+08 us (iters=1, warmup=0)
  top1=8 top5=[30,18,31,33,8]
  label=0 top1_hit=no top5_hit=no
COMPARE baseline=f32 so=./temp/resnet50-11_temp/resnet50-v1-12-qdq-p8e0.so

[progress] 20/100
=== sample[21/100] ./temp/imagenette_val_224/img_00020.txt rc=0 ===
MAIN type=f32 avg=7.35926e+08 us (iters=1, warmup=0)
  top1=5 top5=[5,7,17,25,8]
  label=0 top1_hit=no top5_hit=no
COMPARE baseline=f32 so=./temp/resnet50-11_temp/resnet50-v1-12-qdq-p8e0.so

[progress] 21/100
=== sample[22/100] ./temp/imagenette_val_224/img_00021.txt rc=0 ===
MAIN type=f32 avg=7.60398e+08 us (iters=1, warmup=0)
  top1=5 top5=[18,5,30,31,17]
  label=0 top1_hit=no top5_hit=no
COMPARE baseline=f32 so=./temp/resnet50-11_temp/resnet50-v1-12-qdq-p8e0.so

[progress] 22/100
=== sample[23/100] ./temp/imagenette_val_224/img_00022.txt rc=0 ===
MAIN type=f32 avg=2.92911e+08 us (iters=1, warmup=0)
  top1=999 top5=[999,421,506,115,419]
  label=0 top1_hit=no top5_hit=no
COMPARE baseline=f32 so=./temp/resnet50-11_temp/resnet50-v1-12-qdq-p8e0.so

[progress] 23/100
=== sample[24/100] ./temp/imagenette_val_224/img_00023.txt rc=0 ===
MAIN type=f32 avg=2.9055e+08 us (iters=1, warmup=0)
  top1=443 top5=[443,999,767,390,421]
  label=0 top1_hit=no top5_hit=no
COMPARE baseline=f32 so=./temp/resnet50-11_temp/resnet50-v1-12-qdq-p8e0.so

[progress] 24/100
