time_model_single_format config
  model_name=mobilenetv2-12
  format=p6e3
  target_so=./temp/mobilenet_extra_all//mobilenetv2-12-qdq-p6e3.so
  target_type=f32
  txt_dir=./temp/imagenette_val_224
  limit=10
  shape=1x3x224x224
  warmup=0
  iters=1
  timeout_sec=0
  baseline=none
  label_map=./temp/imagenette_val_224_labels.txt
  mode=no-benchmark

=== sample[1/10] ./temp/imagenette_val_224/img_00000.txt rc=0 ===
MAIN type=f32 avg=1.87155e+07 us (iters=1, warmup=0)
  top1=7 top5=[7,8,53,61,42]
  label=0 top1_hit=no top5_hit=no
COMPARE baseline=f32 so=./temp/mobilenet_extra_all//mobilenetv2-12-qdq-p6e3.so

[checkpoint] 1/10
  samples_used=1
  samples_failed=0
  samples_missing_label=0
  avg_latency_us=18715500
  GT Top1(%)=0 Top5(%)=0

[progress] 1/10
=== sample[2/10] ./temp/imagenette_val_224/img_00001.txt rc=0 ===
MAIN type=f32 avg=1.85909e+07 us (iters=1, warmup=0)
  top1=8 top5=[62,8,63,157,61]
  label=0 top1_hit=no top5_hit=no
COMPARE baseline=f32 so=./temp/mobilenet_extra_all//mobilenetv2-12-qdq-p6e3.so

[checkpoint] 2/10
  samples_used=2
  samples_failed=0
  samples_missing_label=0
  avg_latency_us=18653200
  GT Top1(%)=0 Top5(%)=0

[progress] 2/10
=== sample[3/10] ./temp/imagenette_val_224/img_00002.txt rc=0 ===
MAIN type=f32 avg=1.88496e+07 us (iters=1, warmup=0)
  top1=53 top5=[122,61,124,421,53]
  label=0 top1_hit=no top5_hit=no
COMPARE baseline=f32 so=./temp/mobilenet_extra_all//mobilenetv2-12-qdq-p6e3.so

[checkpoint] 3/10
  samples_used=3
  samples_failed=0
  samples_missing_label=0
  avg_latency_us=1.87187e+07
  GT Top1(%)=0 Top5(%)=0

[progress] 3/10
=== sample[4/10] ./temp/imagenette_val_224/img_00003.txt rc=0 ===
MAIN type=f32 avg=1.86101e+07 us (iters=1, warmup=0)
  top1=7 top5=[7,8,52,53,42]
  label=0 top1_hit=no top5_hit=no
COMPARE baseline=f32 so=./temp/mobilenet_extra_all//mobilenetv2-12-qdq-p6e3.so

[checkpoint] 4/10
  samples_used=4
  samples_failed=0
  samples_missing_label=0
  avg_latency_us=18691525
  GT Top1(%)=0 Top5(%)=0

[progress] 4/10
=== sample[5/10] ./temp/imagenette_val_224/img_00004.txt rc=0 ===
MAIN type=f32 avg=1.88229e+07 us (iters=1, warmup=0)
  top1=7 top5=[7,8,62,63,61]
  label=0 top1_hit=no top5_hit=no
COMPARE baseline=f32 so=./temp/mobilenet_extra_all//mobilenetv2-12-qdq-p6e3.so

[checkpoint] 5/10
  samples_used=5
  samples_failed=0
  samples_missing_label=0
  avg_latency_us=18717800
  GT Top1(%)=0 Top5(%)=0

[progress] 5/10
=== sample[6/10] ./temp/imagenette_val_224/img_00005.txt rc=0 ===
MAIN type=f32 avg=1.87555e+07 us (iters=1, warmup=0)
  top1=7 top5=[63,7,155,204,8]
  label=0 top1_hit=no top5_hit=no
COMPARE baseline=f32 so=./temp/mobilenet_extra_all//mobilenetv2-12-qdq-p6e3.so

[checkpoint] 6/10
  samples_used=6
  samples_failed=0
  samples_missing_label=0
  avg_latency_us=1.87241e+07
  GT Top1(%)=0 Top5(%)=0

[progress] 6/10
=== sample[7/10] ./temp/imagenette_val_224/img_00006.txt rc=0 ===
MAIN type=f32 avg=1.87345e+07 us (iters=1, warmup=0)
  top1=7 top5=[8,7,86,151,63]
  label=0 top1_hit=no top5_hit=no
COMPARE baseline=f32 so=./temp/mobilenet_extra_all//mobilenetv2-12-qdq-p6e3.so

[checkpoint] 7/10
  samples_used=7
  samples_failed=0
  samples_missing_label=0
  avg_latency_us=1.87256e+07
  GT Top1(%)=0 Top5(%)=0

[progress] 7/10
=== sample[8/10] ./temp/imagenette_val_224/img_00007.txt rc=0 ===
MAIN type=f32 avg=1.87561e+07 us (iters=1, warmup=0)
  top1=53 top5=[122,63,124,506,53]
  label=0 top1_hit=no top5_hit=no
COMPARE baseline=f32 so=./temp/mobilenet_extra_all//mobilenetv2-12-qdq-p6e3.so

[checkpoint] 8/10
  samples_used=8
  samples_failed=0
  samples_missing_label=0
  avg_latency_us=1.87294e+07
  GT Top1(%)=0 Top5(%)=0

[progress] 8/10
=== sample[9/10] ./temp/imagenette_val_224/img_00008.txt rc=0 ===
MAIN type=f32 avg=1.87412e+07 us (iters=1, warmup=0)
  top1=7 top5=[8,7,124,370,63]
  label=0 top1_hit=no top5_hit=no
COMPARE baseline=f32 so=./temp/mobilenet_extra_all//mobilenetv2-12-qdq-p6e3.so

[checkpoint] 9/10
  samples_used=9
  samples_failed=0
  samples_missing_label=0
  avg_latency_us=18730700
  GT Top1(%)=0 Top5(%)=0

[progress] 9/10
=== sample[10/10] ./temp/imagenette_val_224/img_00009.txt rc=0 ===
MAIN type=f32 avg=1.89871e+07 us (iters=1, warmup=0)
  top1=7 top5=[7,8,61,62,42]
  label=0 top1_hit=no top5_hit=no
COMPARE baseline=f32 so=./temp/mobilenet_extra_all//mobilenetv2-12-qdq-p6e3.so

[checkpoint] 10/10
  samples_used=10
  samples_failed=0
  samples_missing_label=0
  avg_latency_us=18756340
  GT Top1(%)=0 Top5(%)=0

[progress] 10/10

Summary
  target=mobilenetv2-12-p6e3
  samples_used=10
  samples_failed=0
  samples_missing_label=0
  avg_latency_us=18756340
  total_wall_time_sec=188.254
  GT Top1(%)=0 Top5(%)=0
  log_file=./temp/mobilenet_extra_all//extra_parallel_logs/mobilenetv2-12-p6e3.dataset.log
