time_model_single_format config
  model_name=mobilenetv2-12
  format=p9e3
  target_so=./temp/mobilenet_extra_all//mobilenetv2-12-qdq-p9e3.so
  target_type=f32
  txt_dir=./temp/imagenette_val_224
  limit=10
  shape=1x3x224x224
  warmup=0
  iters=1
  timeout_sec=0
  baseline=none
  label_map=./temp/imagenette_val_224_labels.txt
  mode=no-benchmark

=== sample[1/10] ./temp/imagenette_val_224/img_00000.txt rc=0 ===
MAIN type=f32 avg=3.08538e+07 us (iters=1, warmup=0)
  top1=314 top5=[314,725,112,524,461]
  label=0 top1_hit=no top5_hit=no
COMPARE baseline=f32 so=./temp/mobilenet_extra_all//mobilenetv2-12-qdq-p9e3.so

[checkpoint] 1/10
  samples_used=1
  samples_failed=0
  samples_missing_label=0
  avg_latency_us=30853800
  GT Top1(%)=0 Top5(%)=0

[progress] 1/10
=== sample[2/10] ./temp/imagenette_val_224/img_00001.txt rc=0 ===
MAIN type=f32 avg=3.09903e+07 us (iters=1, warmup=0)
  top1=0 top5=[0,391,413,394,118]
  label=0 top1_hit=yes top5_hit=yes
COMPARE baseline=f32 so=./temp/mobilenet_extra_all//mobilenetv2-12-qdq-p9e3.so

[checkpoint] 2/10
  samples_used=2
  samples_failed=0
  samples_missing_label=0
  avg_latency_us=30922050
  GT Top1(%)=50 Top5(%)=50

[progress] 2/10
=== sample[3/10] ./temp/imagenette_val_224/img_00002.txt rc=0 ===
MAIN type=f32 avg=3.06697e+07 us (iters=1, warmup=0)
  top1=0 top5=[0,389,391,1,29]
  label=0 top1_hit=yes top5_hit=yes
COMPARE baseline=f32 so=./temp/mobilenet_extra_all//mobilenetv2-12-qdq-p9e3.so

[checkpoint] 3/10
  samples_used=3
  samples_failed=0
  samples_missing_label=0
  avg_latency_us=3.08379e+07
  GT Top1(%)=66.6667 Top5(%)=66.6667

[progress] 3/10
=== sample[4/10] ./temp/imagenette_val_224/img_00003.txt rc=0 ===
MAIN type=f32 avg=3.08618e+07 us (iters=1, warmup=0)
  top1=0 top5=[0,391,389,116,394]
  label=0 top1_hit=yes top5_hit=yes
COMPARE baseline=f32 so=./temp/mobilenet_extra_all//mobilenetv2-12-qdq-p9e3.so

[checkpoint] 4/10
  samples_used=4
  samples_failed=0
  samples_missing_label=0
  avg_latency_us=30843900
  GT Top1(%)=75 Top5(%)=75

[progress] 4/10
=== sample[5/10] ./temp/imagenette_val_224/img_00004.txt rc=0 ===
MAIN type=f32 avg=3.05886e+07 us (iters=1, warmup=0)
  top1=391 top5=[391,0,389,395,3]
  label=0 top1_hit=no top5_hit=yes
COMPARE baseline=f32 so=./temp/mobilenet_extra_all//mobilenetv2-12-qdq-p9e3.so

[checkpoint] 5/10
  samples_used=5
  samples_failed=0
  samples_missing_label=0
  avg_latency_us=30792840
  GT Top1(%)=60 Top5(%)=80

[progress] 5/10
=== sample[6/10] ./temp/imagenette_val_224/img_00005.txt rc=0 ===
MAIN type=f32 avg=3.01764e+07 us (iters=1, warmup=0)
  top1=0 top5=[0,116,389,112,114]
  label=0 top1_hit=yes top5_hit=yes
COMPARE baseline=f32 so=./temp/mobilenet_extra_all//mobilenetv2-12-qdq-p9e3.so

[checkpoint] 6/10
  samples_used=6
  samples_failed=0
  samples_missing_label=0
  avg_latency_us=30690100
  GT Top1(%)=66.6667 Top5(%)=83.3333

[progress] 6/10
=== sample[7/10] ./temp/imagenette_val_224/img_00006.txt rc=0 ===
MAIN type=f32 avg=3.01312e+07 us (iters=1, warmup=0)
  top1=0 top5=[0,389,394,391,1]
  label=0 top1_hit=yes top5_hit=yes
COMPARE baseline=f32 so=./temp/mobilenet_extra_all//mobilenetv2-12-qdq-p9e3.so

[checkpoint] 7/10
  samples_used=7
  samples_failed=0
  samples_missing_label=0
  avg_latency_us=3.06103e+07
  GT Top1(%)=71.4286 Top5(%)=85.7143

[progress] 7/10
=== sample[8/10] ./temp/imagenette_val_224/img_00007.txt rc=0 ===
MAIN type=f32 avg=3.01253e+07 us (iters=1, warmup=0)
  top1=0 top5=[0,389,391,395,394]
  label=0 top1_hit=yes top5_hit=yes
COMPARE baseline=f32 so=./temp/mobilenet_extra_all//mobilenetv2-12-qdq-p9e3.so

[checkpoint] 8/10
  samples_used=8
  samples_failed=0
  samples_missing_label=0
  avg_latency_us=3.05496e+07
  GT Top1(%)=75 Top5(%)=87.5

[progress] 8/10
=== sample[9/10] ./temp/imagenette_val_224/img_00008.txt rc=0 ===
MAIN type=f32 avg=3.01482e+07 us (iters=1, warmup=0)
  top1=0 top5=[0,391,389,395,394]
  label=0 top1_hit=yes top5_hit=yes
COMPARE baseline=f32 so=./temp/mobilenet_extra_all//mobilenetv2-12-qdq-p9e3.so

[checkpoint] 9/10
  samples_used=9
  samples_failed=0
  samples_missing_label=0
  avg_latency_us=3.0505e+07
  GT Top1(%)=77.7778 Top5(%)=88.8889

[progress] 9/10
=== sample[10/10] ./temp/imagenette_val_224/img_00009.txt rc=0 ===
MAIN type=f32 avg=3.00265e+07 us (iters=1, warmup=0)
  top1=0 top5=[0,29,389,518,390]
  label=0 top1_hit=yes top5_hit=yes
COMPARE baseline=f32 so=./temp/mobilenet_extra_all//mobilenetv2-12-qdq-p9e3.so

[checkpoint] 10/10
  samples_used=10
  samples_failed=0
  samples_missing_label=0
  avg_latency_us=30457180
  GT Top1(%)=80 Top5(%)=90

[progress] 10/10

Summary
  target=mobilenetv2-12-p9e3
  samples_used=10
  samples_failed=0
  samples_missing_label=0
  avg_latency_us=30457180
  total_wall_time_sec=305.273
  GT Top1(%)=80 Top5(%)=90
  log_file=./temp/mobilenet_extra_all//extra_parallel_logs/mobilenetv2-12-p9e3.dataset.log
