time_model_single_format config
  model_name=mobilenetv2-12
  format=p7e2
  target_so=./temp/mobilenet_extra_all//mobilenetv2-12-qdq-p7e2.so
  target_type=f32
  txt_dir=./temp/imagenette_val_224
  limit=10
  shape=1x3x224x224
  warmup=0
  iters=1
  timeout_sec=0
  baseline=none
  label_map=./temp/imagenette_val_224_labels.txt
  mode=no-benchmark

=== sample[1/10] ./temp/imagenette_val_224/img_00000.txt rc=0 ===
MAIN type=f32 avg=2.35009e+07 us (iters=1, warmup=0)
  top1=4 top5=[389,4,395,764,391]
  label=0 top1_hit=no top5_hit=no
COMPARE baseline=f32 so=./temp/mobilenet_extra_all//mobilenetv2-12-qdq-p7e2.so

[checkpoint] 1/10
  samples_used=1
  samples_failed=0
  samples_missing_label=0
  avg_latency_us=23500900
  GT Top1(%)=0 Top5(%)=0

[progress] 1/10
=== sample[2/10] ./temp/imagenette_val_224/img_00001.txt rc=0 ===
MAIN type=f32 avg=2.35302e+07 us (iters=1, warmup=0)
  top1=5 top5=[5,0,4,389,6]
  label=0 top1_hit=no top5_hit=yes
COMPARE baseline=f32 so=./temp/mobilenet_extra_all//mobilenetv2-12-qdq-p7e2.so

[checkpoint] 2/10
  samples_used=2
  samples_failed=0
  samples_missing_label=0
  avg_latency_us=23515550
  GT Top1(%)=0 Top5(%)=50

[progress] 2/10
=== sample[3/10] ./temp/imagenette_val_224/img_00002.txt rc=0 ===
MAIN type=f32 avg=2.32846e+07 us (iters=1, warmup=0)
  top1=0 top5=[390,389,395,749,0]
  label=0 top1_hit=yes top5_hit=yes
COMPARE baseline=f32 so=./temp/mobilenet_extra_all//mobilenetv2-12-qdq-p7e2.so

[checkpoint] 3/10
  samples_used=3
  samples_failed=0
  samples_missing_label=0
  avg_latency_us=2.34386e+07
  GT Top1(%)=33.3333 Top5(%)=66.6667

[progress] 3/10
=== sample[4/10] ./temp/imagenette_val_224/img_00003.txt rc=0 ===
MAIN type=f32 avg=2.34747e+07 us (iters=1, warmup=0)
  top1=0 top5=[0,389,391,5,211]
  label=0 top1_hit=yes top5_hit=yes
COMPARE baseline=f32 so=./temp/mobilenet_extra_all//mobilenetv2-12-qdq-p7e2.so

[checkpoint] 4/10
  samples_used=4
  samples_failed=0
  samples_missing_label=0
  avg_latency_us=23447600
  GT Top1(%)=50 Top5(%)=75

[progress] 4/10
=== sample[5/10] ./temp/imagenette_val_224/img_00004.txt rc=0 ===
MAIN type=f32 avg=2.36466e+07 us (iters=1, warmup=0)
  top1=904 top5=[904,363,884,389,743]
  label=0 top1_hit=no top5_hit=no
COMPARE baseline=f32 so=./temp/mobilenet_extra_all//mobilenetv2-12-qdq-p7e2.so

[checkpoint] 5/10
  samples_used=5
  samples_failed=0
  samples_missing_label=0
  avg_latency_us=23487400
  GT Top1(%)=40 Top5(%)=60

[progress] 5/10
=== sample[6/10] ./temp/imagenette_val_224/img_00005.txt rc=0 ===
MAIN type=f32 avg=2.35739e+07 us (iters=1, warmup=0)
  top1=0 top5=[0,390,395,389,3]
  label=0 top1_hit=yes top5_hit=yes
COMPARE baseline=f32 so=./temp/mobilenet_extra_all//mobilenetv2-12-qdq-p7e2.so

[checkpoint] 6/10
  samples_used=6
  samples_failed=0
  samples_missing_label=0
  avg_latency_us=2.35018e+07
  GT Top1(%)=50 Top5(%)=66.6667

[progress] 6/10
=== sample[7/10] ./temp/imagenette_val_224/img_00006.txt rc=0 ===
MAIN type=f32 avg=2.35424e+07 us (iters=1, warmup=0)
  top1=0 top5=[112,113,389,834,0]
  label=0 top1_hit=yes top5_hit=yes
COMPARE baseline=f32 so=./temp/mobilenet_extra_all//mobilenetv2-12-qdq-p7e2.so

[checkpoint] 7/10
  samples_used=7
  samples_failed=0
  samples_missing_label=0
  avg_latency_us=2.35076e+07
  GT Top1(%)=57.1429 Top5(%)=71.4286

[progress] 7/10
=== sample[8/10] ./temp/imagenette_val_224/img_00007.txt rc=0 ===
MAIN type=f32 avg=2.36944e+07 us (iters=1, warmup=0)
  top1=0 top5=[0,389,394,391,395]
  label=0 top1_hit=yes top5_hit=yes
COMPARE baseline=f32 so=./temp/mobilenet_extra_all//mobilenetv2-12-qdq-p7e2.so

[checkpoint] 8/10
  samples_used=8
  samples_failed=0
  samples_missing_label=0
  avg_latency_us=2.3531e+07
  GT Top1(%)=62.5 Top5(%)=75

[progress] 8/10
=== sample[9/10] ./temp/imagenette_val_224/img_00008.txt rc=0 ===
MAIN type=f32 avg=2.37472e+07 us (iters=1, warmup=0)
  top1=0 top5=[0,389,395,391,4]
  label=0 top1_hit=yes top5_hit=yes
COMPARE baseline=f32 so=./temp/mobilenet_extra_all//mobilenetv2-12-qdq-p7e2.so

[checkpoint] 9/10
  samples_used=9
  samples_failed=0
  samples_missing_label=0
  avg_latency_us=2.3555e+07
  GT Top1(%)=66.6667 Top5(%)=77.7778

[progress] 9/10
=== sample[10/10] ./temp/imagenette_val_224/img_00009.txt rc=0 ===
MAIN type=f32 avg=2.36477e+07 us (iters=1, warmup=0)
  top1=390 top5=[390,395,389,52,60]
  label=0 top1_hit=no top5_hit=no
COMPARE baseline=f32 so=./temp/mobilenet_extra_all//mobilenetv2-12-qdq-p7e2.so

[checkpoint] 10/10
  samples_used=10
  samples_failed=0
  samples_missing_label=0
  avg_latency_us=23564260
  GT Top1(%)=60 Top5(%)=70

[progress] 10/10

Summary
  target=mobilenetv2-12-p7e2
  samples_used=10
  samples_failed=0
  samples_missing_label=0
  avg_latency_us=23564260
  total_wall_time_sec=236.319
  GT Top1(%)=60 Top5(%)=70
  log_file=./temp/mobilenet_extra_all//extra_parallel_logs/mobilenetv2-12-p7e2.dataset.log
