time_model_single_format config
  model_name=mobilenetv2-12
  format=p9e1
  target_so=./temp/mobilenet_extra_all//mobilenetv2-12-qdq-p9e1.so
  target_type=f32
  txt_dir=./temp/imagenette_val_224
  limit=10
  shape=1x3x224x224
  warmup=0
  iters=1
  timeout_sec=0
  baseline=none
  label_map=./temp/imagenette_val_224_labels.txt
  mode=no-benchmark

=== sample[1/10] ./temp/imagenette_val_224/img_00000.txt rc=0 ===
MAIN type=f32 avg=2.92574e+07 us (iters=1, warmup=0)
  top1=0 top5=[0,389,391,764,395]
  label=0 top1_hit=yes top5_hit=yes
COMPARE baseline=f32 so=./temp/mobilenet_extra_all//mobilenetv2-12-qdq-p9e1.so

[checkpoint] 1/10
  samples_used=1
  samples_failed=0
  samples_missing_label=0
  avg_latency_us=29257400
  GT Top1(%)=100 Top5(%)=100

[progress] 1/10
=== sample[2/10] ./temp/imagenette_val_224/img_00001.txt rc=0 ===
MAIN type=f32 avg=2.94831e+07 us (iters=1, warmup=0)
  top1=0 top5=[0,394,389,391,395]
  label=0 top1_hit=yes top5_hit=yes
COMPARE baseline=f32 so=./temp/mobilenet_extra_all//mobilenetv2-12-qdq-p9e1.so

[checkpoint] 2/10
  samples_used=2
  samples_failed=0
  samples_missing_label=0
  avg_latency_us=29370250
  GT Top1(%)=100 Top5(%)=100

[progress] 2/10
=== sample[3/10] ./temp/imagenette_val_224/img_00002.txt rc=0 ===
MAIN type=f32 avg=2.91143e+07 us (iters=1, warmup=0)
  top1=0 top5=[0,390,389,391,114]
  label=0 top1_hit=yes top5_hit=yes
COMPARE baseline=f32 so=./temp/mobilenet_extra_all//mobilenetv2-12-qdq-p9e1.so

[checkpoint] 3/10
  samples_used=3
  samples_failed=0
  samples_missing_label=0
  avg_latency_us=2.92849e+07
  GT Top1(%)=100 Top5(%)=100

[progress] 3/10
=== sample[4/10] ./temp/imagenette_val_224/img_00003.txt rc=0 ===
MAIN type=f32 avg=2.92871e+07 us (iters=1, warmup=0)
  top1=0 top5=[0,389,391,394,390]
  label=0 top1_hit=yes top5_hit=yes
COMPARE baseline=f32 so=./temp/mobilenet_extra_all//mobilenetv2-12-qdq-p9e1.so

[checkpoint] 4/10
  samples_used=4
  samples_failed=0
  samples_missing_label=0
  avg_latency_us=29285475
  GT Top1(%)=100 Top5(%)=100

[progress] 4/10
=== sample[5/10] ./temp/imagenette_val_224/img_00004.txt rc=0 ===
MAIN type=f32 avg=2.91949e+07 us (iters=1, warmup=0)
  top1=0 top5=[0,391,389,390,395]
  label=0 top1_hit=yes top5_hit=yes
COMPARE baseline=f32 so=./temp/mobilenet_extra_all//mobilenetv2-12-qdq-p9e1.so

[checkpoint] 5/10
  samples_used=5
  samples_failed=0
  samples_missing_label=0
  avg_latency_us=29267360
  GT Top1(%)=100 Top5(%)=100

[progress] 5/10
=== sample[6/10] ./temp/imagenette_val_224/img_00005.txt rc=0 ===
MAIN type=f32 avg=2.91613e+07 us (iters=1, warmup=0)
  top1=0 top5=[0,389,390,391,30]
  label=0 top1_hit=yes top5_hit=yes
COMPARE baseline=f32 so=./temp/mobilenet_extra_all//mobilenetv2-12-qdq-p9e1.so

[checkpoint] 6/10
  samples_used=6
  samples_failed=0
  samples_missing_label=0
  avg_latency_us=2.92497e+07
  GT Top1(%)=100 Top5(%)=100

[progress] 6/10
=== sample[7/10] ./temp/imagenette_val_224/img_00006.txt rc=0 ===
MAIN type=f32 avg=2.88755e+07 us (iters=1, warmup=0)
  top1=0 top5=[0,389,391,395,390]
  label=0 top1_hit=yes top5_hit=yes
COMPARE baseline=f32 so=./temp/mobilenet_extra_all//mobilenetv2-12-qdq-p9e1.so

[checkpoint] 7/10
  samples_used=7
  samples_failed=0
  samples_missing_label=0
  avg_latency_us=2.91962e+07
  GT Top1(%)=100 Top5(%)=100

[progress] 7/10
=== sample[8/10] ./temp/imagenette_val_224/img_00007.txt rc=0 ===
MAIN type=f32 avg=2.8795e+07 us (iters=1, warmup=0)
  top1=0 top5=[0,389,391,395,394]
  label=0 top1_hit=yes top5_hit=yes
COMPARE baseline=f32 so=./temp/mobilenet_extra_all//mobilenetv2-12-qdq-p9e1.so

[checkpoint] 8/10
  samples_used=8
  samples_failed=0
  samples_missing_label=0
  avg_latency_us=29146075
  GT Top1(%)=100 Top5(%)=100

[progress] 8/10
=== sample[9/10] ./temp/imagenette_val_224/img_00008.txt rc=0 ===
MAIN type=f32 avg=2.87067e+07 us (iters=1, warmup=0)
  top1=0 top5=[0,389,391,395,394]
  label=0 top1_hit=yes top5_hit=yes
COMPARE baseline=f32 so=./temp/mobilenet_extra_all//mobilenetv2-12-qdq-p9e1.so

[checkpoint] 9/10
  samples_used=9
  samples_failed=0
  samples_missing_label=0
  avg_latency_us=2.90973e+07
  GT Top1(%)=100 Top5(%)=100

[progress] 9/10
=== sample[10/10] ./temp/imagenette_val_224/img_00009.txt rc=0 ===
MAIN type=f32 avg=2.85482e+07 us (iters=1, warmup=0)
  top1=0 top5=[0,390,389,395,939]
  label=0 top1_hit=yes top5_hit=yes
COMPARE baseline=f32 so=./temp/mobilenet_extra_all//mobilenetv2-12-qdq-p9e1.so

[checkpoint] 10/10
  samples_used=10
  samples_failed=0
  samples_missing_label=0
  avg_latency_us=29042350
  GT Top1(%)=100 Top5(%)=100

[progress] 10/10

Summary
  target=mobilenetv2-12-p9e1
  samples_used=10
  samples_failed=0
  samples_missing_label=0
  avg_latency_us=29042350
  total_wall_time_sec=291.134
  GT Top1(%)=100 Top5(%)=100
  log_file=./temp/mobilenet_extra_all//extra_parallel_logs/mobilenetv2-12-p9e1.dataset.log
