time_model_single_format config
  model_name=mobilenetv2-12
  format=p5e1
  target_so=./temp/mobilenet_extra_all//mobilenetv2-12-qdq-p5e1.so
  target_type=f32
  txt_dir=./temp/imagenette_val_224
  limit=10
  shape=1x3x224x224
  warmup=0
  iters=1
  timeout_sec=0
  baseline=none
  label_map=./temp/imagenette_val_224_labels.txt
  mode=no-benchmark

=== sample[1/10] ./temp/imagenette_val_224/img_00000.txt rc=0 ===
MAIN type=f32 avg=1.95717e+07 us (iters=1, warmup=0)
  top1=488 top5=[730,987,488,39,49]
  label=0 top1_hit=no top5_hit=no
COMPARE baseline=f32 so=./temp/mobilenet_extra_all//mobilenetv2-12-qdq-p5e1.so

[checkpoint] 1/10
  samples_used=1
  samples_failed=0
  samples_missing_label=0
  avg_latency_us=19571700
  GT Top1(%)=0 Top5(%)=0

[progress] 1/10
=== sample[2/10] ./temp/imagenette_val_224/img_00001.txt rc=0 ===
MAIN type=f32 avg=1.89747e+07 us (iters=1, warmup=0)
  top1=429 top5=[730,488,907,987,429]
  label=0 top1_hit=no top5_hit=no
COMPARE baseline=f32 so=./temp/mobilenet_extra_all//mobilenetv2-12-qdq-p5e1.so

[checkpoint] 2/10
  samples_used=2
  samples_failed=0
  samples_missing_label=0
  avg_latency_us=19273200
  GT Top1(%)=0 Top5(%)=0

[progress] 2/10
=== sample[3/10] ./temp/imagenette_val_224/img_00002.txt rc=0 ===
MAIN type=f32 avg=1.89519e+07 us (iters=1, warmup=0)
  top1=488 top5=[987,730,998,488,50]
  label=0 top1_hit=no top5_hit=no
COMPARE baseline=f32 so=./temp/mobilenet_extra_all//mobilenetv2-12-qdq-p5e1.so

[checkpoint] 3/10
  samples_used=3
  samples_failed=0
  samples_missing_label=0
  avg_latency_us=19166100
  GT Top1(%)=0 Top5(%)=0

[progress] 3/10
=== sample[4/10] ./temp/imagenette_val_224/img_00003.txt rc=0 ===
MAIN type=f32 avg=1.9052e+07 us (iters=1, warmup=0)
  top1=488 top5=[730,987,488,61,84]
  label=0 top1_hit=no top5_hit=no
COMPARE baseline=f32 so=./temp/mobilenet_extra_all//mobilenetv2-12-qdq-p5e1.so

[checkpoint] 4/10
  samples_used=4
  samples_failed=0
  samples_missing_label=0
  avg_latency_us=19137575
  GT Top1(%)=0 Top5(%)=0

[progress] 4/10
=== sample[5/10] ./temp/imagenette_val_224/img_00004.txt rc=0 ===
MAIN type=f32 avg=1.91105e+07 us (iters=1, warmup=0)
  top1=730 top5=[730,987,39,42,7]
  label=0 top1_hit=no top5_hit=no
COMPARE baseline=f32 so=./temp/mobilenet_extra_all//mobilenetv2-12-qdq-p5e1.so

[checkpoint] 5/10
  samples_used=5
  samples_failed=0
  samples_missing_label=0
  avg_latency_us=19132160
  GT Top1(%)=0 Top5(%)=0

[progress] 5/10
=== sample[6/10] ./temp/imagenette_val_224/img_00005.txt rc=0 ===
MAIN type=f32 avg=1.90304e+07 us (iters=1, warmup=0)
  top1=488 top5=[987,730,998,488,42]
  label=0 top1_hit=no top5_hit=no
COMPARE baseline=f32 so=./temp/mobilenet_extra_all//mobilenetv2-12-qdq-p5e1.so

[checkpoint] 6/10
  samples_used=6
  samples_failed=0
  samples_missing_label=0
  avg_latency_us=19115200
  GT Top1(%)=0 Top5(%)=0

[progress] 6/10
=== sample[7/10] ./temp/imagenette_val_224/img_00006.txt rc=0 ===
MAIN type=f32 avg=1.90843e+07 us (iters=1, warmup=0)
  top1=429 top5=[572,488,730,987,429]
  label=0 top1_hit=no top5_hit=no
COMPARE baseline=f32 so=./temp/mobilenet_extra_all//mobilenetv2-12-qdq-p5e1.so

[checkpoint] 7/10
  samples_used=7
  samples_failed=0
  samples_missing_label=0
  avg_latency_us=1.91108e+07
  GT Top1(%)=0 Top5(%)=0

[progress] 7/10
=== sample[8/10] ./temp/imagenette_val_224/img_00007.txt rc=0 ===
MAIN type=f32 avg=1.91454e+07 us (iters=1, warmup=0)
  top1=429 top5=[488,440,730,907,429]
  label=0 top1_hit=no top5_hit=no
COMPARE baseline=f32 so=./temp/mobilenet_extra_all//mobilenetv2-12-qdq-p5e1.so

[checkpoint] 8/10
  samples_used=8
  samples_failed=0
  samples_missing_label=0
  avg_latency_us=1.91151e+07
  GT Top1(%)=0 Top5(%)=0

[progress] 8/10
=== sample[9/10] ./temp/imagenette_val_224/img_00008.txt rc=0 ===
MAIN type=f32 avg=1.91143e+07 us (iters=1, warmup=0)
  top1=730 top5=[730,987,61,62,50]
  label=0 top1_hit=no top5_hit=no
COMPARE baseline=f32 so=./temp/mobilenet_extra_all//mobilenetv2-12-qdq-p5e1.so

[checkpoint] 9/10
  samples_used=9
  samples_failed=0
  samples_missing_label=0
  avg_latency_us=1.9115e+07
  GT Top1(%)=0 Top5(%)=0

[progress] 9/10
=== sample[10/10] ./temp/imagenette_val_224/img_00009.txt rc=0 ===
MAIN type=f32 avg=1.90659e+07 us (iters=1, warmup=0)
  top1=84 top5=[488,429,730,987,84]
  label=0 top1_hit=no top5_hit=no
COMPARE baseline=f32 so=./temp/mobilenet_extra_all//mobilenetv2-12-qdq-p5e1.so

[checkpoint] 10/10
  samples_used=10
  samples_failed=0
  samples_missing_label=0
  avg_latency_us=19110110
  GT Top1(%)=0 Top5(%)=0

[progress] 10/10

Summary
  target=mobilenetv2-12-p5e1
  samples_used=10
  samples_failed=0
  samples_missing_label=0
  avg_latency_us=19110110
  total_wall_time_sec=191.786
  GT Top1(%)=0 Top5(%)=0
  log_file=./temp/mobilenet_extra_all//extra_parallel_logs/mobilenetv2-12-p5e1.dataset.log
