time_model_single_format config
  model_name=mobilenetv2-12
  format=p6e1
  target_so=./temp/mobilenet_extra_all//mobilenetv2-12-qdq-p6e1.so
  target_type=f32
  txt_dir=./temp/imagenette_val_224
  limit=10
  shape=1x3x224x224
  warmup=0
  iters=1
  timeout_sec=0
  baseline=none
  label_map=./temp/imagenette_val_224_labels.txt
  mode=no-benchmark

=== sample[1/10] ./temp/imagenette_val_224/img_00000.txt rc=0 ===
MAIN type=f32 avg=2.11731e+07 us (iters=1, warmup=0)
  top1=8 top5=[8,7,23,87,21]
  label=0 top1_hit=no top5_hit=no
COMPARE baseline=f32 so=./temp/mobilenet_extra_all//mobilenetv2-12-qdq-p6e1.so

[checkpoint] 1/10
  samples_used=1
  samples_failed=0
  samples_missing_label=0
  avg_latency_us=21173100
  GT Top1(%)=0 Top5(%)=0

[progress] 1/10
=== sample[2/10] ./temp/imagenette_val_224/img_00001.txt rc=0 ===
MAIN type=f32 avg=2.12793e+07 us (iters=1, warmup=0)
  top1=743 top5=[743,458,21,420,488]
  label=0 top1_hit=no top5_hit=no
COMPARE baseline=f32 so=./temp/mobilenet_extra_all//mobilenetv2-12-qdq-p6e1.so

[checkpoint] 2/10
  samples_used=2
  samples_failed=0
  samples_missing_label=0
  avg_latency_us=21226200
  GT Top1(%)=0 Top5(%)=0

[progress] 2/10
=== sample[3/10] ./temp/imagenette_val_224/img_00002.txt rc=0 ===
MAIN type=f32 avg=2.09273e+07 us (iters=1, warmup=0)
  top1=8 top5=[8,87,23,83,21]
  label=0 top1_hit=no top5_hit=no
COMPARE baseline=f32 so=./temp/mobilenet_extra_all//mobilenetv2-12-qdq-p6e1.so

[checkpoint] 3/10
  samples_used=3
  samples_failed=0
  samples_missing_label=0
  avg_latency_us=2.11266e+07
  GT Top1(%)=0 Top5(%)=0

[progress] 3/10
=== sample[4/10] ./temp/imagenette_val_224/img_00003.txt rc=0 ===
MAIN type=f32 avg=2.10236e+07 us (iters=1, warmup=0)
  top1=743 top5=[743,488,344,401,515]
  label=0 top1_hit=no top5_hit=no
COMPARE baseline=f32 so=./temp/mobilenet_extra_all//mobilenetv2-12-qdq-p6e1.so

[checkpoint] 4/10
  samples_used=4
  samples_failed=0
  samples_missing_label=0
  avg_latency_us=21100825
  GT Top1(%)=0 Top5(%)=0

[progress] 4/10
=== sample[5/10] ./temp/imagenette_val_224/img_00004.txt rc=0 ===
MAIN type=f32 avg=2.12101e+07 us (iters=1, warmup=0)
  top1=87 top5=[87,1,21,112,8]
  label=0 top1_hit=no top5_hit=no
COMPARE baseline=f32 so=./temp/mobilenet_extra_all//mobilenetv2-12-qdq-p6e1.so

[checkpoint] 5/10
  samples_used=5
  samples_failed=0
  samples_missing_label=0
  avg_latency_us=21122680
  GT Top1(%)=0 Top5(%)=0

[progress] 5/10
=== sample[6/10] ./temp/imagenette_val_224/img_00005.txt rc=0 ===
MAIN type=f32 avg=2.1052e+07 us (iters=1, warmup=0)
  top1=469 top5=[577,542,633,808,469]
  label=0 top1_hit=no top5_hit=no
COMPARE baseline=f32 so=./temp/mobilenet_extra_all//mobilenetv2-12-qdq-p6e1.so

[checkpoint] 6/10
  samples_used=6
  samples_failed=0
  samples_missing_label=0
  avg_latency_us=21110900
  GT Top1(%)=0 Top5(%)=0

[progress] 6/10
=== sample[7/10] ./temp/imagenette_val_224/img_00006.txt rc=0 ===
MAIN type=f32 avg=2.11431e+07 us (iters=1, warmup=0)
  top1=506 top5=[700,506,512,398,488]
  label=0 top1_hit=no top5_hit=no
COMPARE baseline=f32 so=./temp/mobilenet_extra_all//mobilenetv2-12-qdq-p6e1.so

[checkpoint] 7/10
  samples_used=7
  samples_failed=0
  samples_missing_label=0
  avg_latency_us=21115500
  GT Top1(%)=0 Top5(%)=0

[progress] 7/10
=== sample[8/10] ./temp/imagenette_val_224/img_00007.txt rc=0 ===
MAIN type=f32 avg=2.11901e+07 us (iters=1, warmup=0)
  top1=948 top5=[948,419,417,341,420]
  label=0 top1_hit=no top5_hit=no
COMPARE baseline=f32 so=./temp/mobilenet_extra_all//mobilenetv2-12-qdq-p6e1.so

[checkpoint] 8/10
  samples_used=8
  samples_failed=0
  samples_missing_label=0
  avg_latency_us=21124825
  GT Top1(%)=0 Top5(%)=0

[progress] 8/10
=== sample[9/10] ./temp/imagenette_val_224/img_00008.txt rc=0 ===
MAIN type=f32 avg=2.12079e+07 us (iters=1, warmup=0)
  top1=652 top5=[652,743,395,413,376]
  label=0 top1_hit=no top5_hit=no
COMPARE baseline=f32 so=./temp/mobilenet_extra_all//mobilenetv2-12-qdq-p6e1.so

[checkpoint] 9/10
  samples_used=9
  samples_failed=0
  samples_missing_label=0
  avg_latency_us=2.11341e+07
  GT Top1(%)=0 Top5(%)=0

[progress] 9/10
=== sample[10/10] ./temp/imagenette_val_224/img_00009.txt rc=0 ===
MAIN type=f32 avg=2.10313e+07 us (iters=1, warmup=0)
  top1=948 top5=[948,951,146,390,132]
  label=0 top1_hit=no top5_hit=no
COMPARE baseline=f32 so=./temp/mobilenet_extra_all//mobilenetv2-12-qdq-p6e1.so

[checkpoint] 10/10
  samples_used=10
  samples_failed=0
  samples_missing_label=0
  avg_latency_us=21123780
  GT Top1(%)=0 Top5(%)=0

[progress] 10/10

Summary
  target=mobilenetv2-12-p6e1
  samples_used=10
  samples_failed=0
  samples_missing_label=0
  avg_latency_us=21123780
  total_wall_time_sec=211.919
  GT Top1(%)=0 Top5(%)=0
  log_file=./temp/mobilenet_extra_all//extra_parallel_logs/mobilenetv2-12-p6e1.dataset.log
