[config] model=mobilenetv2-12
[config] out_dir=./temp/mobilenet_extra_all/
[config] txt_dir=./temp/imagenette_val_224
[config] jobs=5 limit=10 warmup=0 iters=1
[config] baseline=none (requested=auto)
[config] formats=p4e0 p4e1 p4e2 p4e3 p5e0 p5e1 p5e2 p5e3 p6e0 p6e1 p6e2 p6e3 p7e0 p7e1 p7e2 p7e3 p9e0 p9e1 p9e2 p9e3
[config] logs=./temp/mobilenet_extra_all//extra_parallel_logs
[config] master_log=./temp/mobilenet_extra_all//extra_parallel_logs/mobilenetv2-12-extra-parallel.log
[launch] p4e0
[launch] p4e1
[launch] p4e2
[launch] p4e3
[launch] p5e0
[launch] p5e1
[launch] p5e2
[launch] p5e3
[launch] p6e0
[launch] p6e1
[launch] p6e2
[launch] p6e3
[launch] p7e0
[launch] p7e1
[launch] p7e2
[launch] p7e3
[launch] p9e0
[launch] p9e1
[launch] p9e2
[launch] p9e3
[done] p4e0 rc=0
[done] p4e1 rc=0
[done] p4e2 rc=0
[done] p4e3 rc=0
[done] p5e0 rc=0
[done] p5e1 rc=0
[done] p5e2 rc=0
[done] p5e3 rc=0
[done] p6e0 rc=0
[done] p6e1 rc=0
[done] p6e2 rc=0
[done] p6e3 rc=0
[done] p7e0 rc=0
[done] p7e1 rc=0
[done] p7e2 rc=0
[done] p7e3 rc=0
[done] p9e0 rc=0
[done] p9e1 rc=0
[done] p9e2 rc=0
[done] p9e3 rc=0

Summary (mobilenet extra formats)
format   rc   lat_us       Top1(%)    Top5Ov     MAE        Cosine    
p4e0     0    17418840     -          -          -          -         
p4e1     0    19474970     -          -          -          -         
p4e2     0    18039790     -          -          -          -         
p4e3     0    17473790     -          -          -          -         
p5e0     0    18020790     -          -          -          -         
p5e1     0    19110110     -          -          -          -         
p5e2     0    19741980     -          -          -          -         
p5e3     0    18104800     -          -          -          -         
p6e0     0    21447980     -          -          -          -         
p6e1     0    21123780     -          -          -          -         
p6e2     0    19182660     -          -          -          -         
p6e3     0    18756340     -          -          -          -         
p7e0     0    23149040     -          -          -          -         
p7e1     0    24386990     -          -          -          -         
p7e2     0    23564260     -          -          -          -         
p7e3     0    22316240     -          -          -          -         
p9e0     0    26063890     -          -          -          -         
p9e1     0    29042350     -          -          -          -         
p9e2     0    30674430     -          -          -          -         
p9e3     0    30457180     -          -          -          -         

Summary (mobilenet extra formats, GT)
format   rc   lat_us       GT Top1(%)   GT Top5(%)  
p4e0     0    17418840     0            0           
p4e1     0    19474970     0            0           
p4e2     0    18039790     0            0           
p4e3     0    17473790     0            0           
p5e0     0    18020790     0            0           
p5e1     0    19110110     0            0           
p5e2     0    19741980     0            0           
p5e3     0    18104800     0            0           
p6e0     0    21447980     0            0           
p6e1     0    21123780     0            0           
p6e2     0    19182660     0            0           
p6e3     0    18756340     0            0           
p7e0     0    23149040     0            0           
p7e1     0    24386990     30           30          
p7e2     0    23564260     60           70          
p7e3     0    22316240     0            0           
p9e0     0    26063890     90           100         
p9e1     0    29042350     100          100         
p9e2     0    30674430     100          100         
p9e3     0    30457180     80           90          

Per-format logs:
  ./temp/mobilenet_extra_all//extra_parallel_logs
