time_model_single_format config
  model_name=mobilenetv2-12
  format=p7e1
  target_so=./temp/mobilenet_extra_all//mobilenetv2-12-qdq-p7e1.so
  target_type=f32
  txt_dir=./temp/imagenette_val_224
  limit=10
  shape=1x3x224x224
  warmup=0
  iters=1
  timeout_sec=0
  baseline=none
  label_map=./temp/imagenette_val_224_labels.txt
  mode=no-benchmark

=== sample[1/10] ./temp/imagenette_val_224/img_00000.txt rc=0 ===
MAIN type=f32 avg=2.43649e+07 us (iters=1, warmup=0)
  top1=904 top5=[904,314,591,308,669]
  label=0 top1_hit=no top5_hit=no
COMPARE baseline=f32 so=./temp/mobilenet_extra_all//mobilenetv2-12-qdq-p7e1.so

[checkpoint] 1/10
  samples_used=1
  samples_failed=0
  samples_missing_label=0
  avg_latency_us=24364900
  GT Top1(%)=0 Top5(%)=0

[progress] 1/10
=== sample[2/10] ./temp/imagenette_val_224/img_00001.txt rc=0 ===
MAIN type=f32 avg=2.45101e+07 us (iters=1, warmup=0)
  top1=0 top5=[0,793,394,391,36]
  label=0 top1_hit=yes top5_hit=yes
COMPARE baseline=f32 so=./temp/mobilenet_extra_all//mobilenetv2-12-qdq-p7e1.so

[checkpoint] 2/10
  samples_used=2
  samples_failed=0
  samples_missing_label=0
  avg_latency_us=24437500
  GT Top1(%)=50 Top5(%)=50

[progress] 2/10
=== sample[3/10] ./temp/imagenette_val_224/img_00002.txt rc=0 ===
MAIN type=f32 avg=2.41141e+07 us (iters=1, warmup=0)
  top1=885 top5=[885,911,389,608,395]
  label=0 top1_hit=no top5_hit=no
COMPARE baseline=f32 so=./temp/mobilenet_extra_all//mobilenetv2-12-qdq-p7e1.so

[checkpoint] 3/10
  samples_used=3
  samples_failed=0
  samples_missing_label=0
  avg_latency_us=24329700
  GT Top1(%)=33.3333 Top5(%)=33.3333

[progress] 3/10
=== sample[4/10] ./temp/imagenette_val_224/img_00003.txt rc=0 ===
MAIN type=f32 avg=2.44845e+07 us (iters=1, warmup=0)
  top1=452 top5=[591,452,794,904,793]
  label=0 top1_hit=no top5_hit=no
COMPARE baseline=f32 so=./temp/mobilenet_extra_all//mobilenetv2-12-qdq-p7e1.so

[checkpoint] 4/10
  samples_used=4
  samples_failed=0
  samples_missing_label=0
  avg_latency_us=24368400
  GT Top1(%)=25 Top5(%)=25

[progress] 4/10
=== sample[5/10] ./temp/imagenette_val_224/img_00004.txt rc=0 ===
MAIN type=f32 avg=2.4377e+07 us (iters=1, warmup=0)
  top1=904 top5=[904,237,363,171,114]
  label=0 top1_hit=no top5_hit=no
COMPARE baseline=f32 so=./temp/mobilenet_extra_all//mobilenetv2-12-qdq-p7e1.so

[checkpoint] 5/10
  samples_used=5
  samples_failed=0
  samples_missing_label=0
  avg_latency_us=24370120
  GT Top1(%)=20 Top5(%)=20

[progress] 5/10
=== sample[6/10] ./temp/imagenette_val_224/img_00005.txt rc=0 ===
MAIN type=f32 avg=2.42971e+07 us (iters=1, warmup=0)
  top1=911 top5=[911,389,112,114,390]
  label=0 top1_hit=no top5_hit=no
COMPARE baseline=f32 so=./temp/mobilenet_extra_all//mobilenetv2-12-qdq-p7e1.so

[checkpoint] 6/10
  samples_used=6
  samples_failed=0
  samples_missing_label=0
  avg_latency_us=24357950
  GT Top1(%)=16.6667 Top5(%)=16.6667

[progress] 6/10
=== sample[7/10] ./temp/imagenette_val_224/img_00006.txt rc=0 ===
MAIN type=f32 avg=2.43555e+07 us (iters=1, warmup=0)
  top1=452 top5=[452,457,721,591,515]
  label=0 top1_hit=no top5_hit=no
COMPARE baseline=f32 so=./temp/mobilenet_extra_all//mobilenetv2-12-qdq-p7e1.so

[checkpoint] 7/10
  samples_used=7
  samples_failed=0
  samples_missing_label=0
  avg_latency_us=24357600
  GT Top1(%)=14.2857 Top5(%)=14.2857

[progress] 7/10
=== sample[8/10] ./temp/imagenette_val_224/img_00007.txt rc=0 ===
MAIN type=f32 avg=2.45079e+07 us (iters=1, warmup=0)
  top1=0 top5=[0,389,591,395,391]
  label=0 top1_hit=yes top5_hit=yes
COMPARE baseline=f32 so=./temp/mobilenet_extra_all//mobilenetv2-12-qdq-p7e1.so

[checkpoint] 8/10
  samples_used=8
  samples_failed=0
  samples_missing_label=0
  avg_latency_us=2.43764e+07
  GT Top1(%)=25 Top5(%)=25

[progress] 8/10
=== sample[9/10] ./temp/imagenette_val_224/img_00008.txt rc=0 ===
MAIN type=f32 avg=2.45812e+07 us (iters=1, warmup=0)
  top1=0 top5=[0,391,389,395,394]
  label=0 top1_hit=yes top5_hit=yes
COMPARE baseline=f32 so=./temp/mobilenet_extra_all//mobilenetv2-12-qdq-p7e1.so

[checkpoint] 9/10
  samples_used=9
  samples_failed=0
  samples_missing_label=0
  avg_latency_us=2.43991e+07
  GT Top1(%)=33.3333 Top5(%)=33.3333

[progress] 9/10
=== sample[10/10] ./temp/imagenette_val_224/img_00009.txt rc=0 ===
MAIN type=f32 avg=2.42776e+07 us (iters=1, warmup=0)
  top1=591 top5=[591,750,636,748,721]
  label=0 top1_hit=no top5_hit=no
COMPARE baseline=f32 so=./temp/mobilenet_extra_all//mobilenetv2-12-qdq-p7e1.so

[checkpoint] 10/10
  samples_used=10
  samples_failed=0
  samples_missing_label=0
  avg_latency_us=24386990
  GT Top1(%)=30 Top5(%)=30

[progress] 10/10

Summary
  target=mobilenetv2-12-p7e1
  samples_used=10
  samples_failed=0
  samples_missing_label=0
  avg_latency_us=24386990
  total_wall_time_sec=244.553
  GT Top1(%)=30 Top5(%)=30
  log_file=./temp/mobilenet_extra_all//extra_parallel_logs/mobilenetv2-12-p7e1.dataset.log
