[PTRACE] op=from_f32_p8e0 rank=1 shape=[1000] n=1000 min=-0.125 max=0.15625 mean=-0.00021875 absmax=0.15625 sample=[0.046875,0.015625,-0.03125,-0.046875,0.015625,0.015625]
[PTRACE] op=from_f32_p8e0 rank=1 shape=[32] n=32 min=-0.484375 max=0.96875 mean=0.217285 absmax=0.96875 sample=[-0.09375,0.5625,0.34375,0.28125,0.96875,0.65625]
[PTRACE] op=from_f32_p8e0 rank=4 shape=[32,3,3,3] n=864 min=-0.359375 max=0.328125 mean=-0.000958478 absmax=0.359375 sample=[0.015625,0,0.015625,0.015625,-0.015625,0]
[PTRACE] op=conv2d_nchw_p8e0 rank=4 shape=[1,32,112,112] n=401408 min=-32 max=32 mean=nan absmax=32 sample=[-0.0625,-1.0625,-0.109375,-0.046875,-0.09375,0.09375]
[PTRACE] op=from_f32_p8e0 rank=1 shape=[32] n=32 min=-0.40625 max=3.75 mean=0.424316 absmax=3.75 sample=[-0.015625,0.9375,0.015625,0.421875,0.265625,0.84375]
[PTRACE] op=from_f32_p8e0 rank=4 shape=[32,1,3,3] n=288 min=-16 max=10 mean=0.0240885 absmax=16 sample=[-0.125,-0.125,-0.125,-0.125,0,0.828125]
[PTRACE] op=conv2d_nchw_p8e0 rank=4 shape=[1,32,112,112] n=401408 min=-64 max=64 mean=nan absmax=64 sample=[-0.890625,-0.03125,0.109375,-0.140625,-0.015625,-0.15625]
[PTRACE] op=from_f32_p8e0 rank=1 shape=[16] n=16 min=-2.125 max=1.625 mean=-0.256836 absmax=2.125 sample=[-2.125,0.421875,-1.28125,1.03125,-0.09375,-0.46875]
[PTRACE] op=from_f32_p8e0 rank=4 shape=[16,32,1,1] n=512 min=-1.03125 max=0.828125 mean=0.00823975 absmax=1.03125 sample=[-0.015625,0.0625,-0.078125,0.171875,-0.015625,0.75]
[PTRACE] op=gemm_p8e0 rank=3 shape=[16,16,12544] n=3211264 min=-64 max=64 mean=nan absmax=64 sample=[3.375,-32,16,-2,-2.125,2.25]
[PTRACE] op=add_p8e0 rank=3 shape=[16,16,12544] n=3211264 min=-64 max=64 mean=nan absmax=64 sample=[1.25,-32,14,-4,-4,0.125]
[PTRACE] op=from_f32_p8e0 rank=1 shape=[96] n=96 min=-0.453125 max=0.734375 mean=0.120931 absmax=0.734375 sample=[0.015625,-0.015625,0.234375,0.359375,0.28125,0.171875]
[PTRACE] op=from_f32_p8e0 rank=4 shape=[96,16,1,1] n=1536 min=-0.484375 max=0.609375 mean=0.00016276 absmax=0.609375 sample=[0.140625,0.03125,0.109375,-0.09375,-0.09375,0.015625]
[PTRACE] op=gemm_p8e0 rank=3 shape=[96,96,12544] n=115605504 min=-12 max=12 mean=nan absmax=12 sample=[-0.625,-5.5,1.3125,-1.34375,-1.34375,-0.78125]
[PTRACE] op=add_p8e0 rank=3 shape=[96,96,12544] n=115605504 min=-12 max=12 mean=nan absmax=12 sample=[-0.609375,-5.5,1.3125,-1.3125,-1.3125,-0.765625]
[PTRACE] op=from_f32_p8e0 rank=1 shape=[96] n=96 min=-0.671875 max=1.59375 mean=0.187012 absmax=1.59375 sample=[0.34375,0.390625,-0.109375,0.015625,0.078125,0.09375]
[PTRACE] op=from_f32_p8e0 rank=4 shape=[96,1,3,3] n=864 min=-6.5 max=5 mean=-0.0157516 absmax=6.5 sample=[-0.25,-0.453125,-0.25,-0.5,-0.5,-0.34375]
[PTRACE] op=conv2d_nchw_p8e0 rank=4 shape=[1,96,56,56] n=301056 min=-3.25 max=5.5 mean=nan absmax=5.5 sample=[2.75,3.5,2,1.71875,nan,nan]
[PTRACE] op=from_f32_p8e0 rank=1 shape=[24] n=24 min=-1.15625 max=1.8125 mean=0.0963542 absmax=1.8125 sample=[-1.15625,0.515625,-0.703125,-0.1875,-0.09375,-0.734375]
[PTRACE] op=from_f32_p8e0 rank=4 shape=[24,96,1,1] n=2304 min=-0.75 max=0.75 mean=0.0037028 absmax=0.75 sample=[0.234375,0.25,-0.03125,-0.03125,0.46875,-0.03125]
[PTRACE] op=gemm_p8e0 rank=3 shape=[24,24,3136] n=1806336 min=-3.25 max=3.5 mean=nan absmax=3.5 sample=[2.25,2.5,2.25,1.8125,nan,nan]
[PTRACE] op=add_p8e0 rank=3 shape=[24,24,3136] n=1806336 min=-4.5 max=2.375 mean=nan absmax=4.5 sample=[1.09375,1.34375,1.09375,0.65625,nan,nan]
[PTRACE] op=from_f32_p8e0 rank=1 shape=[144] n=144 min=-0.390625 max=1 mean=0.107639 absmax=1 sample=[-0.390625,0.21875,-0.046875,0.0625,-0.171875,0.09375]
[PTRACE] op=from_f32_p8e0 rank=4 shape=[144,24,1,1] n=3456 min=-0.328125 max=0.3125 mean=0.00242784 absmax=0.328125 sample=[-0.015625,-0.015625,-0.21875,-0.109375,0.015625,-0.203125]
[PTRACE] op=from_f32_p8e0 rank=1 shape=[144] n=144 min=-0.75 max=3.625 mean=0.0843099 absmax=3.625 sample=[0.4375,0.046875,0.046875,0.03125,-0.0625,-0.015625]
[PTRACE] op=from_f32_p8e0 rank=4 shape=[144,1,3,3] n=1296 min=-5 max=5 mean=0.0205922 absmax=5 sample=[0.71875,-1.25,0.984375,-0.828125,-0.109375,-2.125]
[PTRACE] op=gemm_p8e0 rank=3 shape=[144,144,3136] n=65028096 min=-0.484375 max=0.84375 mean=nan absmax=0.84375 sample=[0.359375,0.359375,0.359375,0.359375,nan,nan]
[PTRACE] op=add_p8e0 rank=3 shape=[144,144,3136] n=65028096 min=-0.875 max=1 mean=nan absmax=1 sample=[-0.03125,-0.03125,-0.03125,-0.03125,nan,nan]
[PTRACE] op=conv2d_nchw_p8e0 rank=4 shape=[1,144,56,56] n=451584 min=-1.625 max=2.875 mean=nan absmax=2.875 sample=[nan,nan,nan,nan,nan,nan]
[PTRACE] op=from_f32_p8e0 rank=1 shape=[24] n=24 min=-2.25 max=1.28125 mean=-0.197917 absmax=2.25 sample=[-1.40625,-1.0625,0.09375,-0.1875,-1.25,1.0625]
[PTRACE] op=from_f32_p8e0 rank=4 shape=[24,144,1,1] n=3456 min=-0.96875 max=1.21875 mean=0.0100233 absmax=1.21875 sample=[-0.015625,-0.046875,-0.203125,0.28125,-0.171875,0.0625]
[PTRACE] op=gemm_p8e0 rank=3 shape=[24,24,3136] n=1806336 min=-3.5 max=2.875 mean=nan absmax=3.5 sample=[nan,nan,nan,nan,nan,nan]
[PTRACE] op=add_p8e0 rank=3 shape=[24,24,3136] n=1806336 min=-5 max=1.46875 mean=nan absmax=5 sample=[nan,nan,nan,nan,nan,nan]
[PTRACE] op=add_p8e0 rank=4 shape=[1,24,56,56] n=75264 min=-2.25 max=1.46875 mean=nan absmax=2.25 sample=[nan,nan,nan,nan,nan,nan]
[PTRACE] op=from_f32_p8e0 rank=1 shape=[144] n=144 min=-0.328125 max=0.328125 mean=0.0399306 absmax=0.328125 sample=[0.109375,0.203125,0.03125,0.25,-0.03125,-0.0625]
[PTRACE] op=from_f32_p8e0 rank=4 shape=[144,24,1,1] n=3456 min=-0.3125 max=0.3125 mean=-0.000840929 absmax=0.3125 sample=[-0.03125,-0.0625,0.078125,-0.015625,-0.015625,-0.03125]
[PTRACE] op=gemm_p8e0 rank=3 shape=[144,144,3136] n=65028096 min=-0.515625 max=0.84375 mean=nan absmax=0.84375 sample=[nan,nan,nan,nan,nan,nan]
[PTRACE] op=add_p8e0 rank=3 shape=[144,144,3136] n=65028096 min=-0.40625 max=0.953125 mean=nan absmax=0.953125 sample=[nan,nan,nan,nan,nan,nan]
[PTRACE] op=from_f32_p8e0 rank=1 shape=[144] n=144 min=-0.453125 max=1.59375 mean=0.224392 absmax=1.59375 sample=[0.828125,-0.078125,0.421875,1.03125,0.3125,-0.015625]
[PTRACE] op=from_f32_p8e0 rank=4 shape=[144,1,3,3] n=1296 min=-5.5 max=6 mean=0.0263672 absmax=6 sample=[-0.140625,-0.28125,-0.1875,-0.28125,-0.46875,-0.375]
[PTRACE] op=conv2d_nchw_p8e0 rank=4 shape=[1,144,28,28] n=112896 min=-3.5 max=1.625 mean=nan absmax=3.5 sample=[nan,nan,nan,nan,nan,nan]
[PTRACE] op=from_f32_p8e0 rank=1 shape=[32] n=32 min=-1.6875 max=1.375 mean=-0.012207 absmax=1.6875 sample=[0.859375,0.546875,-0.59375,0.71875,0.125,-1.5]
[PTRACE] op=from_f32_p8e0 rank=4 shape=[32,144,1,1] n=4608 min=-0.703125 max=0.875 mean=0.000976562 absmax=0.875 sample=[-0.21875,0.1875,-0.078125,0.28125,0.171875,-0.078125]
[PTRACE] op=gemm_p8e0 rank=3 shape=[32,32,784] n=802816 min=-2.875 max=3 mean=nan absmax=3 sample=[nan,nan,nan,nan,nan,nan]
[PTRACE] op=add_p8e0 rank=3 shape=[32,32,784] n=802816 min=-2 max=3.875 mean=nan absmax=3.875 sample=[nan,nan,nan,nan,nan,nan]
[PTRACE] op=from_f32_p8e0 rank=1 shape=[192] n=192 min=-0.15625 max=0.40625 mean=0.121094 absmax=0.40625 sample=[0.09375,-0.015625,0.203125,0.078125,-0.125,0.21875]
[PTRACE] op=from_f32_p8e0 rank=4 shape=[192,32,1,1] n=6144 min=-0.1875 max=0.1875 mean=1.27157e-05 absmax=0.1875 sample=[0.015625,-0.015625,0.046875,0.03125,0.03125,-0.015625]
[PTRACE] op=from_f32_p8e0 rank=1 shape=[192] n=192 min=-0.6875 max=0.84375 mean=0.0611979 absmax=0.84375 sample=[-0.1875,-0.0625,-0.15625,-0.34375,-0.046875,0.28125]
[PTRACE] op=from_f32_p8e0 rank=4 shape=[192,1,3,3] n=1728 min=-6 max=6.5 mean=-0.0217195 absmax=6.5 sample=[0.828125,-0.109375,-0.203125,0.265625,-2.75,1.28125]
[PTRACE] op=gemm_p8e0 rank=3 shape=[192,192,784] n=28901376 min=-0.40625 max=0.359375 mean=nan absmax=0.40625 sample=[nan,nan,nan,nan,nan,nan]
[PTRACE] op=add_p8e0 rank=3 shape=[192,192,784] n=28901376 min=-0.3125 max=0.453125 mean=nan absmax=0.453125 sample=[nan,nan,nan,nan,nan,nan]
[PTRACE] op=conv2d_nchw_p8e0 rank=4 shape=[1,192,28,28] n=150528 min=-1.25 max=1.03125 mean=nan absmax=1.25 sample=[nan,nan,nan,nan,nan,nan]
[PTRACE] op=from_f32_p8e0 rank=1 shape=[32] n=32 min=-0.53125 max=0.765625 mean=-0.0170898 absmax=0.765625 sample=[0.078125,0.21875,-0.40625,0.671875,-0.234375,-0.046875]
[PTRACE] op=from_f32_p8e0 rank=4 shape=[32,192,1,1] n=6144 min=-0.828125 max=0.796875 mean=0.00115458 absmax=0.828125 sample=[-0.15625,0.21875,-0.09375,-0.109375,0.140625,0.375]
[PTRACE] op=gemm_p8e0 rank=3 shape=[32,32,784] n=802816 min=0 max=0 mean=nan absmax=0 sample=[nan,nan,nan,nan,nan,nan]
[PTRACE] op=add_p8e0 rank=3 shape=[32,32,784] n=802816 min=-0.53125 max=0.765625 mean=nan absmax=0.765625 sample=[nan,nan,nan,nan,nan,nan]
[PTRACE] op=from_f32_p8e0 rank=1 shape=[192] n=192 min=-0.1875 max=0.34375 mean=0.0812988 absmax=0.34375 sample=[0.09375,0.140625,0.15625,0.34375,0.203125,0.171875]
[PTRACE] op=from_f32_p8e0 rank=4 shape=[192,32,1,1] n=6144 min=-0.125 max=0.15625 mean=-0.000424703 absmax=0.15625 sample=[-0.0625,-0.015625,0.015625,0.046875,-0.03125,-0.015625]
[PTRACE] op=from_f32_p8e0 rank=1 shape=[192] n=192 min=-1.15625 max=1.21875 mean=0.0228678 absmax=1.21875 sample=[-0.015625,-0.015625,-1.15625,0.421875,0.78125,0.296875]
[PTRACE] op=from_f32_p8e0 rank=4 shape=[192,1,3,3] n=1728 min=-5 max=4.5 mean=-0.00686306 absmax=5 sample=[-0.359375,-0.671875,-0.28125,0.046875,-1.03125,-0.203125]
[PTRACE] op=add_p8e0 rank=4 shape=[1,32,28,28] n=25088 min=-1.59375 max=1.375 mean=nan absmax=1.59375 sample=[nan,nan,nan,nan,nan,nan]
[PTRACE] op=gemm_p8e0 rank=3 shape=[192,192,784] n=28901376 min=0 max=0 mean=nan absmax=0 sample=[nan,nan,nan,nan,nan,nan]
[PTRACE] op=add_p8e0 rank=3 shape=[192,192,784] n=28901376 min=-0.1875 max=0.34375 mean=nan absmax=0.34375 sample=[nan,nan,nan,nan,nan,nan]
[PTRACE] op=conv2d_nchw_p8e0 rank=4 shape=[1,192,28,28] n=150528 min=-1.46875 max=0.9375 mean=nan absmax=1.46875 sample=[nan,nan,nan,nan,nan,nan]
[PTRACE] op=from_f32_p8e0 rank=1 shape=[32] n=32 min=-0.625 max=0.796875 mean=0.00537109 absmax=0.796875 sample=[-0.390625,0.0625,-0.265625,0.21875,0.265625,0.296875]
[PTRACE] op=from_f32_p8e0 rank=4 shape=[32,192,1,1] n=6144 min=-0.9375 max=0.90625 mean=-0.00161489 absmax=0.9375 sample=[-0.109375,0.140625,-0.203125,0.015625,0.046875,0.09375]
[PTRACE] op=gemm_p8e0 rank=3 shape=[32,32,784] n=802816 min=0 max=0 mean=nan absmax=0 sample=[nan,nan,nan,nan,nan,nan]
[PTRACE] op=add_p8e0 rank=3 shape=[32,32,784] n=802816 min=-0.625 max=0.796875 mean=nan absmax=0.796875 sample=[nan,nan,nan,nan,nan,nan]
[PTRACE] op=add_p8e0 rank=4 shape=[1,32,28,28] n=25088 min=-1.625 max=1.59375 mean=nan absmax=1.625 sample=[nan,nan,nan,nan,nan,nan]
[PTRACE] op=from_f32_p8e0 rank=1 shape=[192] n=192 min=-0.265625 max=0.3125 mean=0.0466309 absmax=0.3125 sample=[-0.015625,0.078125,0.25,-0.0625,0.265625,0.203125]
[PTRACE] op=from_f32_p8e0 rank=4 shape=[192,32,1,1] n=6144 min=-0.1875 max=0.21875 mean=-0.00105286 absmax=0.21875 sample=[0.03125,0.171875,0.078125,0.015625,-0.03125,0.09375]
[PTRACE] op=gemm_p8e0 rank=3 shape=[192,192,784] n=28901376 min=0 max=0 mean=nan absmax=0 sample=[nan,nan,nan,nan,nan,nan]
[PTRACE] op=add_p8e0 rank=3 shape=[192,192,784] n=28901376 min=-0.265625 max=0.3125 mean=nan absmax=0.3125 sample=[nan,nan,nan,nan,nan,nan]
[PTRACE] op=from_f32_p8e0 rank=1 shape=[192] n=192 min=-0.265625 max=1.4375 mean=0.335531 absmax=1.4375 sample=[0.03125,0.78125,1.3125,-0.015625,1.28125,0.734375]
[PTRACE] op=from_f32_p8e0 rank=4 shape=[192,1,3,3] n=1728 min=-2.5 max=2 mean=0.0153899 absmax=2.5 sample=[0.09375,0.15625,0.140625,0.171875,0.390625,0.328125]
[PTRACE] op=conv2d_nchw_p8e0 rank=4 shape=[1,192,14,14] n=37632 min=-1.5625 max=1.125 mean=nan absmax=1.5625 sample=[nan,nan,nan,nan,nan,nan]
[PTRACE] op=from_f32_p8e0 rank=1 shape=[64] n=64 min=-1.34375 max=1.90625 mean=0.0444336 absmax=1.90625 sample=[-0.46875,-0.140625,-0.8125,-0.0625,-0.59375,-0.09375]
[PTRACE] op=from_f32_p8e0 rank=4 shape=[64,192,1,1] n=12288 min=-0.578125 max=0.6875 mean=0.000630697 absmax=0.6875 sample=[0.140625,-0.140625,0.203125,-0.109375,0.375,-0.015625]
[PTRACE] op=gemm_p8e0 rank=3 shape=[64,64,196] n=802816 min=0 max=0 mean=nan absmax=0 sample=[nan,nan,nan,nan,nan,nan]
[PTRACE] op=add_p8e0 rank=3 shape=[64,64,196] n=802816 min=-1.34375 max=1.90625 mean=nan absmax=1.90625 sample=[nan,nan,nan,nan,nan,nan]
[PTRACE] op=from_f32_p8e0 rank=1 shape=[384] n=384 min=-0.25 max=0.453125 mean=0.0965576 absmax=0.453125 sample=[0.15625,0.109375,0.109375,0.140625,0.171875,0.0625]
[PTRACE] op=from_f32_p8e0 rank=4 shape=[384,64,1,1] n=24576 min=-0.125 max=0.140625 mean=6.7393e-05 absmax=0.140625 sample=[0.015625,0.03125,0.015625,0.03125,0.015625,0.015625]
[PTRACE] op=from_f32_p8e0 rank=1 shape=[384] n=384 min=-1 max=0.921875 mean=0.0320231 absmax=1 sample=[-0.28125,-0.21875,-0.078125,-0.015625,-0.015625,-0.09375]
[PTRACE] op=from_f32_p8e0 rank=4 shape=[384,1,3,3] n=3456 min=-3.75 max=5.5 mean=-0.00939037 absmax=5.5 sample=[-0.703125,-1.34375,-0.65625,0.5625,3.25,0.390625]
[PTRACE] op=gemm_p8e0 rank=3 shape=[384,384,196] n=28901376 min=0 max=0 mean=nan absmax=0 sample=[nan,nan,nan,nan,nan,nan]
[PTRACE] op=add_p8e0 rank=3 shape=[384,384,196] n=28901376 min=-0.25 max=0.453125 mean=nan absmax=0.453125 sample=[nan,nan,nan,nan,nan,nan]
[PTRACE] op=conv2d_nchw_p8e0 rank=4 shape=[1,384,14,14] n=75264 min=-1.4375 max=1.03125 mean=nan absmax=1.4375 sample=[nan,nan,nan,nan,nan,nan]
[PTRACE] op=from_f32_p8e0 rank=1 shape=[64] n=64 min=-1.15625 max=0.96875 mean=0.0515137 absmax=1.15625 sample=[-0.3125,-0.15625,0.09375,0.25,-0.140625,0.015625]
[PTRACE] op=from_f32_p8e0 rank=4 shape=[64,384,1,1] n=24576 min=-0.578125 max=0.703125 mean=-0.00134722 absmax=0.703125 sample=[-0.015625,0.015625,-0.0625,-0.015625,0.125,-0.046875]
[PTRACE] op=gemm_p8e0 rank=3 shape=[64,64,196] n=802816 min=0 max=0 mean=nan absmax=0 sample=[nan,nan,nan,nan,nan,nan]
[PTRACE] op=add_p8e0 rank=3 shape=[64,64,196] n=802816 min=-1.15625 max=0.96875 mean=nan absmax=1.15625 sample=[nan,nan,nan,nan,nan,nan]
[PTRACE] op=from_f32_p8e0 rank=1 shape=[384] n=384 min=-0.109375 max=0.25 mean=0.0528158 absmax=0.25 sample=[0.046875,0.125,0.078125,-0.0625,-0.015625,0.125]
[PTRACE] op=from_f32_p8e0 rank=4 shape=[384,64,1,1] n=24576 min=-0.09375 max=0.109375 mean=0.00011762 absmax=0.109375 sample=[-0.015625,-0.015625,-0.03125,0.015625,0.03125,0.046875]
[PTRACE] op=from_f32_p8e0 rank=1 shape=[384] n=384 min=-1.8125 max=0.625 mean=0.0304769 absmax=1.8125 sample=[0.234375,0.015625,-0.03125,0.171875,-0.015625,0.21875]
[PTRACE] op=from_f32_p8e0 rank=4 shape=[384,1,3,3] n=3456 min=-8 max=12 mean=0.0241292 absmax=12 sample=[0,-0.09375,-0.171875,-0.09375,1.25,-0.09375]
[PTRACE] op=add_p8e0 rank=4 shape=[1,64,14,14] n=12544 min=-1.625 max=1.9375 mean=nan absmax=1.9375 sample=[nan,nan,nan,nan,nan,nan]
[PTRACE] op=gemm_p8e0 rank=3 shape=[384,384,196] n=28901376 min=0 max=0 mean=nan absmax=0 sample=[nan,nan,nan,nan,nan,nan]
[PTRACE] op=add_p8e0 rank=3 shape=[384,384,196] n=28901376 min=-0.109375 max=0.25 mean=nan absmax=0.25 sample=[nan,nan,nan,nan,nan,nan]
[PTRACE] op=conv2d_nchw_p8e0 rank=4 shape=[1,384,14,14] n=75264 min=-0.875 max=1.0625 mean=nan absmax=1.0625 sample=[nan,nan,nan,nan,nan,nan]
[PTRACE] op=from_f32_p8e0 rank=1 shape=[64] n=64 min=-0.4375 max=0.9375 mean=0.0109863 absmax=0.9375 sample=[0.296875,0.140625,-0.328125,-0.15625,-0.28125,-0.28125]
[PTRACE] op=from_f32_p8e0 rank=4 shape=[64,384,1,1] n=24576 min=-0.703125 max=0.671875 mean=-0.00181135 absmax=0.703125 sample=[0.28125,0.125,-0.125,-0.125,-0.109375,-0.09375]
[PTRACE] op=gemm_p8e0 rank=3 shape=[64,64,196] n=802816 min=0 max=0 mean=nan absmax=0 sample=[nan,nan,nan,nan,nan,nan]
[PTRACE] op=add_p8e0 rank=3 shape=[64,64,196] n=802816 min=-0.4375 max=0.9375 mean=nan absmax=0.9375 sample=[nan,nan,nan,nan,nan,nan]
[PTRACE] op=from_f32_p8e0 rank=1 shape=[384] n=384 min=-0.375 max=0.234375 mean=0.0248617 absmax=0.375 sample=[-0.03125,-0.078125,0.015625,0.078125,0.109375,0.109375]
[PTRACE] op=from_f32_p8e0 rank=4 shape=[384,64,1,1] n=24576 min=-0.09375 max=0.109375 mean=0.000219981 absmax=0.109375 sample=[-0.015625,0.015625,-0.015625,-0.015625,-0.015625,0]
[PTRACE] op=from_f32_p8e0 rank=1 shape=[384] n=384 min=-1.09375 max=0.734375 mean=0.0272217 absmax=1.09375 sample=[-0.015625,-0.109375,-0.125,0.265625,-0.03125,0.03125]
[PTRACE] op=from_f32_p8e0 rank=4 shape=[384,1,3,3] n=3456 min=-5 max=5 mean=0.0906666 absmax=5 sample=[-0.078125,0.046875,0.078125,-0.046875,-0.15625,0.234375]
[PTRACE] op=add_p8e0 rank=4 shape=[1,64,14,14] n=12544 min=-1.46875 max=2 mean=nan absmax=2 sample=[nan,nan,nan,nan,nan,nan]
[PTRACE] op=gemm_p8e0 rank=3 shape=[384,384,196] n=28901376 min=0 max=0 mean=nan absmax=0 sample=[nan,nan,nan,nan,nan,nan]
[PTRACE] op=add_p8e0 rank=3 shape=[384,384,196] n=28901376 min=-0.375 max=0.234375 mean=nan absmax=0.375 sample=[nan,nan,nan,nan,nan,nan]
[PTRACE] op=conv2d_nchw_p8e0 rank=4 shape=[1,384,14,14] n=75264 min=-4.5 max=0.65625 mean=nan absmax=4.5 sample=[nan,nan,nan,nan,nan,nan]
[PTRACE] op=from_f32_p8e0 rank=1 shape=[64] n=64 min=-0.8125 max=0.578125 mean=-0.0808105 absmax=0.8125 sample=[-0.265625,-0.15625,0.125,-0.515625,0.53125,-0.125]
[PTRACE] op=from_f32_p8e0 rank=4 shape=[64,384,1,1] n=24576 min=-0.8125 max=0.609375 mean=0.00411034 absmax=0.8125 sample=[0.03125,-0.109375,-0.078125,-0.015625,0.0625,0.046875]
[PTRACE] op=gemm_p8e0 rank=3 shape=[64,64,196] n=802816 min=0 max=0 mean=nan absmax=0 sample=[nan,nan,nan,nan,nan,nan]
[PTRACE] op=add_p8e0 rank=3 shape=[64,64,196] n=802816 min=-0.8125 max=0.578125 mean=nan absmax=0.8125 sample=[nan,nan,nan,nan,nan,nan]
[PTRACE] op=add_p8e0 rank=4 shape=[1,64,14,14] n=12544 min=-1.53125 max=2.625 mean=nan absmax=2.625 sample=[nan,nan,nan,nan,nan,nan]
[PTRACE] op=from_f32_p8e0 rank=1 shape=[384] n=384 min=-0.171875 max=0.3125 mean=0.064209 absmax=0.3125 sample=[0.171875,0.125,-0.015625,0.140625,0.03125,0.078125]
[PTRACE] op=from_f32_p8e0 rank=4 shape=[384,64,1,1] n=24576 min=-0.140625 max=0.125 mean=-0.000806173 absmax=0.140625 sample=[0.03125,0.015625,0.015625,-0.015625,0.03125,0.03125]
[PTRACE] op=gemm_p8e0 rank=3 shape=[384,384,196] n=28901376 min=0 max=0 mean=nan absmax=0 sample=[nan,nan,nan,nan,nan,nan]
[PTRACE] op=add_p8e0 rank=3 shape=[384,384,196] n=28901376 min=-0.171875 max=0.3125 mean=nan absmax=0.3125 sample=[nan,nan,nan,nan,nan,nan]
[PTRACE] op=from_f32_p8e0 rank=1 shape=[384] n=384 min=-1.3125 max=1.46875 mean=0.0997721 absmax=1.46875 sample=[0.515625,0.046875,-0.0625,0.453125,-0.328125,0.34375]
[PTRACE] op=from_f32_p8e0 rank=4 shape=[384,1,3,3] n=3456 min=-6.5 max=5 mean=0.0655518 absmax=6.5 sample=[0.046875,0,-0.25,0.671875,0.5625,-1.125]
[PTRACE] op=conv2d_nchw_p8e0 rank=4 shape=[1,384,14,14] n=75264 min=-1.25 max=0.9375 mean=nan absmax=1.25 sample=[nan,nan,nan,nan,nan,nan]
[PTRACE] op=from_f32_p8e0 rank=1 shape=[96] n=96 min=-0.703125 max=0.78125 mean=-0.0525716 absmax=0.78125 sample=[0.109375,0.734375,0.265625,0.046875,-0.25,-0.0625]
[PTRACE] op=from_f32_p8e0 rank=4 shape=[96,384,1,1] n=36864 min=-0.453125 max=0.625 mean=0.00069809 absmax=0.625 sample=[-0.078125,0.015625,0.046875,-0.046875,-0.0625,0.0625]
[PTRACE] op=gemm_p8e0 rank=3 shape=[96,96,196] n=1806336 min=0 max=0 mean=nan absmax=0 sample=[nan,nan,nan,nan,nan,nan]
[PTRACE] op=add_p8e0 rank=3 shape=[96,96,196] n=1806336 min=-0.703125 max=0.78125 mean=nan absmax=0.78125 sample=[nan,nan,nan,nan,nan,nan]
[PTRACE] op=from_f32_p8e0 rank=1 shape=[576] n=576 min=-0.671875 max=0.25 mean=0.00946723 absmax=0.671875 sample=[0.15625,-0.03125,0.078125,0.046875,0.03125,-0.078125]
[PTRACE] op=from_f32_p8e0 rank=4 shape=[576,96,1,1] n=55296 min=-0.171875 max=0.15625 mean=-4.54938e-05 absmax=0.171875 sample=[-0.015625,-0.046875,-0.015625,-0.015625,0.015625,-0.046875]
[PTRACE] op=from_f32_p8e0 rank=1 shape=[576] n=576 min=-1.34375 max=1.1875 mean=0.0166016 absmax=1.34375 sample=[0.40625,-0.328125,-0.078125,0.25,-0.265625,-0.109375]
[PTRACE] op=from_f32_p8e0 rank=4 shape=[576,1,3,3] n=5184 min=-10 max=8 mean=0.0795386 absmax=10 sample=[-0.625,-0.859375,-0.390625,-0.625,1.25,-0.46875]
[PTRACE] op=gemm_p8e0 rank=3 shape=[576,576,196] n=65028096 min=0 max=0 mean=nan absmax=0 sample=[nan,nan,nan,nan,nan,nan]
[PTRACE] op=add_p8e0 rank=3 shape=[576,576,196] n=65028096 min=-0.671875 max=0.25 mean=nan absmax=0.671875 sample=[nan,nan,nan,nan,nan,nan]
[PTRACE] op=conv2d_nchw_p8e0 rank=4 shape=[1,576,14,14] n=112896 min=-8 max=0.8125 mean=nan absmax=8 sample=[nan,nan,nan,nan,nan,nan]
[PTRACE] op=from_f32_p8e0 rank=1 shape=[96] n=96 min=-0.671875 max=0.78125 mean=0.0559896 absmax=0.78125 sample=[0.25,-0.03125,-0.34375,-0.140625,0.3125,0.046875]
[PTRACE] op=from_f32_p8e0 rank=4 shape=[96,576,1,1] n=55296 min=-0.5 max=0.4375 mean=-0.000127157 absmax=0.5 sample=[-0.015625,-0.203125,0.078125,-0.046875,-0.21875,-0.015625]
[PTRACE] op=gemm_p8e0 rank=3 shape=[96,96,196] n=1806336 min=0 max=0 mean=nan absmax=0 sample=[nan,nan,nan,nan,nan,nan]
[PTRACE] op=add_p8e0 rank=3 shape=[96,96,196] n=1806336 min=-0.671875 max=0.78125 mean=nan absmax=0.78125 sample=[nan,nan,nan,nan,nan,nan]
[PTRACE] op=from_f32_p8e0 rank=1 shape=[576] n=576 min=-0.40625 max=0.25 mean=-0.00160048 absmax=0.40625 sample=[0.21875,-0.078125,-0.078125,0.046875,0.015625,0.09375]
[PTRACE] op=from_f32_p8e0 rank=4 shape=[576,96,1,1] n=55296 min=-0.15625 max=0.21875 mean=0.000103703 absmax=0.21875 sample=[-0.015625,0.03125,-0.015625,0.015625,-0.03125,0]
[PTRACE] op=from_f32_p8e0 rank=1 shape=[576] n=576 min=-0.921875 max=0.859375 mean=0.00849067 absmax=0.921875 sample=[0.765625,0.171875,-0.171875,0.265625,-0.359375,0.3125]
[PTRACE] op=from_f32_p8e0 rank=4 shape=[576,1,3,3] n=5184 min=-8 max=5.5 mean=0.122134 absmax=8 sample=[-0.34375,-0.46875,-0.40625,-0.75,-0.8125,-0.609375]
[PTRACE] op=add_p8e0 rank=4 shape=[1,96,14,14] n=18816 min=-1.25 max=1.4375 mean=nan absmax=1.4375 sample=[nan,nan,nan,nan,nan,nan]
[PTRACE] op=gemm_p8e0 rank=3 shape=[576,576,196] n=65028096 min=0 max=0 mean=nan absmax=0 sample=[nan,nan,nan,nan,nan,nan]
[PTRACE] op=add_p8e0 rank=3 shape=[576,576,196] n=65028096 min=-0.40625 max=0.25 mean=nan absmax=0.40625 sample=[nan,nan,nan,nan,nan,nan]
[PTRACE] op=conv2d_nchw_p8e0 rank=4 shape=[1,576,14,14] n=112896 min=-2.5 max=0.953125 mean=nan absmax=2.5 sample=[nan,nan,nan,nan,nan,nan]
[PTRACE] op=from_f32_p8e0 rank=1 shape=[96] n=96 min=-1.09375 max=1.0625 mean=0.0109049 absmax=1.09375 sample=[0.0625,-0.0625,0.4375,-0.265625,0.28125,-0.03125]
[PTRACE] op=from_f32_p8e0 rank=4 shape=[96,576,1,1] n=55296 min=-1.25 max=1.09375 mean=0.00033089 absmax=1.25 sample=[-0.125,0.171875,-0.3125,0.0625,-0.03125,-0.015625]
[PTRACE] op=gemm_p8e0 rank=3 shape=[96,96,196] n=1806336 min=0 max=0 mean=nan absmax=0 sample=[nan,nan,nan,nan,nan,nan]
[PTRACE] op=add_p8e0 rank=3 shape=[96,96,196] n=1806336 min=-1.09375 max=1.0625 mean=nan absmax=1.09375 sample=[nan,nan,nan,nan,nan,nan]
[PTRACE] op=add_p8e0 rank=4 shape=[1,96,14,14] n=18816 min=-1.71875 max=1.78125 mean=nan absmax=1.78125 sample=[nan,nan,nan,nan,nan,nan]
[PTRACE] op=from_f32_p8e0 rank=1 shape=[576] n=576 min=-0.359375 max=0.265625 mean=-0.0707737 absmax=0.359375 sample=[0.109375,0.015625,-0.3125,-0.125,-0.125,0.046875]
[PTRACE] op=from_f32_p8e0 rank=4 shape=[576,96,1,1] n=55296 min=-0.15625 max=0.1875 mean=-0.000567401 absmax=0.1875 sample=[0.015625,0.015625,-0.015625,-0.046875,-0.015625,0.015625]
[PTRACE] op=gemm_p8e0 rank=3 shape=[576,576,196] n=65028096 min=0 max=0 mean=nan absmax=0 sample=[nan,nan,nan,nan,nan,nan]
[PTRACE] op=add_p8e0 rank=3 shape=[576,576,196] n=65028096 min=-0.359375 max=0.265625 mean=nan absmax=0.359375 sample=[nan,nan,nan,nan,nan,nan]
[PTRACE] op=from_f32_p8e0 rank=1 shape=[576] n=576 min=-0.5 max=0.71875 mean=0.160238 absmax=0.71875 sample=[0.40625,0.296875,-0.03125,0.015625,0.015625,0.296875]
[PTRACE] op=from_f32_p8e0 rank=4 shape=[576,1,3,3] n=5184 min=-1.84375 max=2.25 mean=0.150249 absmax=2.25 sample=[-0.125,-0.296875,-0.234375,-0.265625,-0.375,-0.421875]
[PTRACE] op=conv2d_nchw_p8e0 rank=4 shape=[1,576,7,7] n=28224 min=-2.125 max=0.953125 mean=nan absmax=2.125 sample=[nan,nan,nan,nan,nan,nan]
[PTRACE] op=from_f32_p8e0 rank=1 shape=[160] n=160 min=-0.671875 max=1.1875 mean=0.0263672 absmax=1.1875 sample=[0.125,0.078125,-0.15625,-0.015625,-0.125,0.40625]
[PTRACE] op=from_f32_p8e0 rank=4 shape=[160,576,1,1] n=92160 min=-0.3125 max=0.3125 mean=-0.000104438 absmax=0.3125 sample=[-0.015625,0.03125,-0.046875,0.03125,-0.046875,-0.0625]
[PTRACE] op=gemm_p8e0 rank=3 shape=[160,160,49] n=1254400 min=0 max=0 mean=nan absmax=0 sample=[nan,nan,nan,nan,nan,nan]
[PTRACE] op=add_p8e0 rank=3 shape=[160,160,49] n=1254400 min=-0.671875 max=1.1875 mean=nan absmax=1.1875 sample=[nan,nan,nan,nan,nan,nan]
[PTRACE] op=from_f32_p8e0 rank=1 shape=[960] n=960 min=-0.15625 max=0.34375 mean=0.0393392 absmax=0.34375 sample=[-0.015625,-0.03125,0.15625,-0.03125,0.109375,0.078125]
[PTRACE] op=from_f32_p8e0 rank=4 shape=[960,160,1,1] n=153600 min=-0.375 max=0.234375 mean=-1.69881e-05 absmax=0.375 sample=[0.03125,0.03125,-0.0625,0.03125,-0.015625,0.046875]
[PTRACE] op=from_f32_p8e0 rank=1 shape=[960] n=960 min=-0.671875 max=0.734375 mean=0.0465169 absmax=0.734375 sample=[-0.171875,-0.15625,0.1875,0.21875,-0.421875,0.25]
[PTRACE] op=from_f32_p8e0 rank=4 shape=[960,1,3,3] n=8640 min=-10 max=8 mean=0.00832972 absmax=10 sample=[0.078125,0.546875,0.15625,0.46875,2.25,0.78125]
[PTRACE] op=gemm_p8e0 rank=3 shape=[960,960,49] n=45158400 min=0 max=0 mean=nan absmax=0 sample=[nan,nan,nan,nan,nan,nan]
[PTRACE] op=add_p8e0 rank=3 shape=[960,960,49] n=45158400 min=-0.15625 max=0.34375 mean=nan absmax=0.34375 sample=[nan,nan,nan,nan,nan,nan]
[PTRACE] op=conv2d_nchw_p8e0 rank=4 shape=[1,960,7,7] n=47040 min=-2.5 max=0.53125 mean=nan absmax=2.5 sample=[nan,nan,nan,nan,nan,nan]
[PTRACE] op=from_f32_p8e0 rank=1 shape=[160] n=160 min=-0.515625 max=0.46875 mean=0.00146484 absmax=0.515625 sample=[-0.125,-0.0625,0.109375,0.109375,0.15625,-0.09375]
[PTRACE] op=from_f32_p8e0 rank=4 shape=[160,960,1,1] n=153600 min=-0.328125 max=0.296875 mean=0.000120036 absmax=0.328125 sample=[-0.078125,0.03125,-0.015625,-0.046875,-0.078125,0.078125]
[PTRACE] op=gemm_p8e0 rank=3 shape=[160,160,49] n=1254400 min=0 max=0 mean=nan absmax=0 sample=[nan,nan,nan,nan,nan,nan]
[PTRACE] op=add_p8e0 rank=3 shape=[160,160,49] n=1254400 min=-0.515625 max=0.46875 mean=nan absmax=0.515625 sample=[nan,nan,nan,nan,nan,nan]
[PTRACE] op=from_f32_p8e0 rank=1 shape=[960] n=960 min=-0.140625 max=0.25 mean=0.0204915 absmax=0.25 sample=[-0.03125,-0.015625,0.03125,0.015625,-0.078125,0.015625]
[PTRACE] op=from_f32_p8e0 rank=4 shape=[960,160,1,1] n=153600 min=-0.1875 max=0.21875 mean=6.98853e-05 absmax=0.21875 sample=[-0.03125,0.03125,0.015625,0.015625,0.015625,-0.03125]
[PTRACE] op=from_f32_p8e0 rank=1 shape=[960] n=960 min=-0.8125 max=0.96875 mean=0.0552409 absmax=0.96875 sample=[-0.09375,-0.234375,-0.046875,0.21875,-0.109375,-0.140625]
[PTRACE] op=from_f32_p8e0 rank=4 shape=[960,1,3,3] n=8640 min=-7.5 max=7.5 mean=0.122763 absmax=7.5 sample=[1.625,2.375,1.625,1.09375,0.28125,1.09375]
[PTRACE] op=add_p8e0 rank=4 shape=[1,160,7,7] n=7840 min=-0.6875 max=1.0625 mean=nan absmax=1.0625 sample=[nan,nan,nan,nan,nan,nan]
[PTRACE] op=gemm_p8e0 rank=3 shape=[960,960,49] n=45158400 min=0 max=0 mean=nan absmax=0 sample=[nan,nan,nan,nan,nan,nan]
[PTRACE] op=add_p8e0 rank=3 shape=[960,960,49] n=45158400 min=-0.140625 max=0.25 mean=nan absmax=0.25 sample=[nan,nan,nan,nan,nan,nan]
[PTRACE] op=conv2d_nchw_p8e0 rank=4 shape=[1,960,7,7] n=47040 min=-2.625 max=0.65625 mean=nan absmax=2.625 sample=[nan,nan,nan,nan,nan,nan]
[PTRACE] op=from_f32_p8e0 rank=1 shape=[160] n=160 min=-0.53125 max=0.921875 mean=0.0186523 absmax=0.921875 sample=[-0.109375,-0.15625,0.03125,0.796875,-0.078125,-0.09375]
[PTRACE] op=from_f32_p8e0 rank=4 shape=[160,960,1,1] n=153600 min=-0.609375 max=0.53125 mean=-0.000445862 absmax=0.609375 sample=[0.0625,0.0625,-0.015625,0.09375,0.203125,0.09375]
[PTRACE] op=gemm_p8e0 rank=3 shape=[160,160,49] n=1254400 min=0 max=0 mean=nan absmax=0 sample=[nan,nan,nan,nan,nan,nan]
[PTRACE] op=add_p8e0 rank=3 shape=[160,160,49] n=1254400 min=-0.53125 max=0.921875 mean=nan absmax=0.921875 sample=[nan,nan,nan,nan,nan,nan]
[PTRACE] op=add_p8e0 rank=4 shape=[1,160,7,7] n=7840 min=-1.125 max=1.1875 mean=nan absmax=1.1875 sample=[nan,nan,nan,nan,nan,nan]
[PTRACE] op=from_f32_p8e0 rank=1 shape=[960] n=960 min=-0.28125 max=0.203125 mean=-0.0603353 absmax=0.28125 sample=[-0.015625,0.03125,-0.09375,-0.125,-0.09375,-0.125]
[PTRACE] op=from_f32_p8e0 rank=4 shape=[960,160,1,1] n=153600 min=-0.125 max=0.125 mean=0.00036733 absmax=0.125 sample=[-0.015625,0.015625,0,0,0,-0.015625]
[PTRACE] op=gemm_p8e0 rank=3 shape=[960,960,49] n=45158400 min=0 max=0 mean=nan absmax=0 sample=[nan,nan,nan,nan,nan,nan]
[PTRACE] op=add_p8e0 rank=3 shape=[960,960,49] n=45158400 min=-0.28125 max=0.203125 mean=nan absmax=0.28125 sample=[nan,nan,nan,nan,nan,nan]
[PTRACE] op=from_f32_p8e0 rank=1 shape=[960] n=960 min=-0.1875 max=0.515625 mean=0.127816 absmax=0.515625 sample=[0.28125,0.234375,0.03125,0.03125,0.03125,0.03125]
[PTRACE] op=from_f32_p8e0 rank=4 shape=[960,1,3,3] n=8640 min=-6 max=8 mean=0.540354 absmax=8 sample=[0.84375,1.1875,0.5,-0.078125,0.703125,-0.078125]
[PTRACE] op=conv2d_nchw_p8e0 rank=4 shape=[1,960,7,7] n=47040 min=-12 max=1.4375 mean=nan absmax=12 sample=[nan,nan,nan,nan,nan,nan]
[PTRACE] op=from_f32_p8e0 rank=1 shape=[320] n=320 min=-1.09375 max=1.0625 mean=0.0297852 absmax=1.09375 sample=[0.09375,0.0625,0.09375,-0.15625,0.140625,0.15625]
[PTRACE] op=from_f32_p8e0 rank=4 shape=[320,960,1,1] n=307200 min=-0.640625 max=0.59375 mean=1.42924e-05 absmax=0.640625 sample=[0.015625,-0.03125,0.25,0.109375,-0.1875,0.234375]
[PTRACE] op=gemm_p8e0 rank=3 shape=[320,320,49] n=5017600 min=0 max=0 mean=nan absmax=0 sample=[nan,nan,nan,nan,nan,nan]
[PTRACE] op=add_p8e0 rank=3 shape=[320,320,49] n=5017600 min=-1.09375 max=1.0625 mean=nan absmax=1.09375 sample=[nan,nan,nan,nan,nan,nan]
[PTRACE] op=from_f32_p8e0 rank=1 shape=[1280] n=1280 min=-0.296875 max=0.171875 mean=-0.149023 absmax=0.296875 sample=[-0.15625,-0.140625,-0.0625,-0.203125,-0.1875,-0.1875]
[PTRACE] op=from_f32_p8e0 rank=4 shape=[1280,320,1,1] n=409600 min=-1.75 max=1.6875 mean=-0.00263195 absmax=1.75 sample=[-0.125,0.203125,0,-0.3125,0.59375,0.40625]
[PTRACE] op=gemm_p8e0 rank=3 shape=[1280,1280,49] n=80281600 min=0 max=0 mean=nan absmax=0 sample=[nan,nan,nan,nan,nan,nan]
[PTRACE] op=add_p8e0 rank=3 shape=[1280,1280,49] n=80281600 min=-0.296875 max=0.171875 mean=nan absmax=0.296875 sample=[nan,nan,nan,nan,nan,nan]
[PTRACE] op=reduce_mean_p8e0 rank=4 shape=[1,1280,1,1] n=1280 min=-0.296875 max=0.171875 mean=nan absmax=0.296875 sample=[nan,-0.140625,-0.0625,-0.203125,-0.1875,-0.1875]
[PTRACE] op=dequantize_linear_p8e0 rank=2 shape=[1280,1000] n=1280000 min=-0.25 max=0.328125 mean=-7.97241e-05 absmax=0.328125 sample=[-0.03125,-0.03125,-0.015625,-0.015625,0.015625,0.046875]
[PTRACE] op=gemm_p8e0 rank=2 shape=[1,1000] n=1000 min=0 max=0 mean=0 absmax=0 sample=[0,0,0,0,0,0]
[PTRACE] op=add_p8e0 rank=2 shape=[1,1000] n=1000 min=-0.125 max=0.15625 mean=-0.00021875 absmax=0.15625 sample=[0.046875,0.015625,-0.03125,-0.046875,0.015625,0.015625]
MAIN type=p8e0 avg=9.8764e+07 us (iters=1, warmup=0)
  top1=885 top5=[885,646,111,423,281]
COMPARE baseline=p8e0 so=/home/lai/mlir_toy/onnx-mlir/src/temp/mobilenet11/mobilenetv2-12-qdq-p8e0.so
