time_model_single_format config
  model_name=resnet50-v1-12
  format=p5e2
  target_so=./temp/resnet_extra_all//resnet50-v1-12-qdq-p5e2.so
  target_type=f32
  txt_dir=./temp/imagenette_val_224
  limit=10
  shape=1x3x224x224
  warmup=0
  iters=1
  timeout_sec=0
  baseline=none
  label_map=./temp/imagenette_val_224_labels.txt
  mode=no-benchmark

=== sample[1/10] ./temp/imagenette_val_224/img_00000.txt rc=0 ===
MAIN type=f32 avg=1.60183e+08 us (iters=1, warmup=0)
  top1=403 top5=[472,450,611,670,403]
  label=0 top1_hit=no top5_hit=no
COMPARE baseline=f32 so=./temp/resnet_extra_all//resnet50-v1-12-qdq-p5e2.so

[checkpoint] 1/10
  samples_used=1
  samples_failed=0
  samples_missing_label=0
  avg_latency_us=160183000
  GT Top1(%)=0 Top5(%)=0

[progress] 1/10
=== sample[2/10] ./temp/imagenette_val_224/img_00001.txt rc=0 ===
MAIN type=f32 avg=1.60445e+08 us (iters=1, warmup=0)
  top1=611 top5=[611,791,646,879,433]
  label=0 top1_hit=no top5_hit=no
COMPARE baseline=f32 so=./temp/resnet_extra_all//resnet50-v1-12-qdq-p5e2.so

[checkpoint] 2/10
  samples_used=2
  samples_failed=0
  samples_missing_label=0
  avg_latency_us=160314000
  GT Top1(%)=0 Top5(%)=0

[progress] 2/10
=== sample[3/10] ./temp/imagenette_val_224/img_00002.txt rc=0 ===
MAIN type=f32 avg=1.59386e+08 us (iters=1, warmup=0)
  top1=17 top5=[472,17,581,611,398]
  label=0 top1_hit=no top5_hit=no
COMPARE baseline=f32 so=./temp/resnet_extra_all//resnet50-v1-12-qdq-p5e2.so

[checkpoint] 3/10
  samples_used=3
  samples_failed=0
  samples_missing_label=0
  avg_latency_us=1.60005e+08
  GT Top1(%)=0 Top5(%)=0

[progress] 3/10
=== sample[4/10] ./temp/imagenette_val_224/img_00003.txt rc=0 ===
MAIN type=f32 avg=1.6116e+08 us (iters=1, warmup=0)
  top1=611 top5=[611,472,433,709,429]
  label=0 top1_hit=no top5_hit=no
COMPARE baseline=f32 so=./temp/resnet_extra_all//resnet50-v1-12-qdq-p5e2.so

[checkpoint] 4/10
  samples_used=4
  samples_failed=0
  samples_missing_label=0
  avg_latency_us=160293500
  GT Top1(%)=0 Top5(%)=0

[progress] 4/10
=== sample[5/10] ./temp/imagenette_val_224/img_00004.txt rc=0 ===
MAIN type=f32 avg=1.60059e+08 us (iters=1, warmup=0)
  top1=787 top5=[787,109,0,108,113]
  label=0 top1_hit=no top5_hit=yes
COMPARE baseline=f32 so=./temp/resnet_extra_all//resnet50-v1-12-qdq-p5e2.so

[checkpoint] 5/10
  samples_used=5
  samples_failed=0
  samples_missing_label=0
  avg_latency_us=160246600
  GT Top1(%)=0 Top5(%)=20

[progress] 5/10
=== sample[6/10] ./temp/imagenette_val_224/img_00005.txt rc=0 ===
MAIN type=f32 avg=1.58961e+08 us (iters=1, warmup=0)
  top1=0 top5=[0,114,472,803,113]
  label=0 top1_hit=yes top5_hit=yes
COMPARE baseline=f32 so=./temp/resnet_extra_all//resnet50-v1-12-qdq-p5e2.so

[checkpoint] 6/10
  samples_used=6
  samples_failed=0
  samples_missing_label=0
  avg_latency_us=1.60032e+08
  GT Top1(%)=16.6667 Top5(%)=33.3333

[progress] 6/10
=== sample[7/10] ./temp/imagenette_val_224/img_00006.txt rc=0 ===
MAIN type=f32 avg=1.60836e+08 us (iters=1, warmup=0)
  top1=611 top5=[611,457,446,88,504]
  label=0 top1_hit=no top5_hit=no
COMPARE baseline=f32 so=./temp/resnet_extra_all//resnet50-v1-12-qdq-p5e2.so

[checkpoint] 7/10
  samples_used=7
  samples_failed=0
  samples_missing_label=0
  avg_latency_us=1.60147e+08
  GT Top1(%)=14.2857 Top5(%)=28.5714

[progress] 7/10
=== sample[8/10] ./temp/imagenette_val_224/img_00007.txt rc=0 ===
MAIN type=f32 avg=1.60718e+08 us (iters=1, warmup=0)
  top1=611 top5=[611,468,456,433,472]
  label=0 top1_hit=no top5_hit=no
COMPARE baseline=f32 so=./temp/resnet_extra_all//resnet50-v1-12-qdq-p5e2.so

[checkpoint] 8/10
  samples_used=8
  samples_failed=0
  samples_missing_label=0
  avg_latency_us=160218500
  GT Top1(%)=12.5 Top5(%)=25

[progress] 8/10
=== sample[9/10] ./temp/imagenette_val_224/img_00008.txt rc=0 ===
MAIN type=f32 avg=1.59903e+08 us (iters=1, warmup=0)
  top1=611 top5=[611,472,376,231,88]
  label=0 top1_hit=no top5_hit=no
COMPARE baseline=f32 so=./temp/resnet_extra_all//resnet50-v1-12-qdq-p5e2.so

[checkpoint] 9/10
  samples_used=9
  samples_failed=0
  samples_missing_label=0
  avg_latency_us=1.60183e+08
  GT Top1(%)=11.1111 Top5(%)=22.2222

[progress] 9/10
=== sample[10/10] ./temp/imagenette_val_224/img_00009.txt rc=0 ===
MAIN type=f32 avg=1.59567e+08 us (iters=1, warmup=0)
  top1=611 top5=[611,114,0,4,149]
  label=0 top1_hit=no top5_hit=yes
COMPARE baseline=f32 so=./temp/resnet_extra_all//resnet50-v1-12-qdq-p5e2.so

[checkpoint] 10/10
  samples_used=10
  samples_failed=0
  samples_missing_label=0
  avg_latency_us=160121800
  GT Top1(%)=10 Top5(%)=30

[progress] 10/10

Summary
  target=resnet50-v1-12-p5e2
  samples_used=10
  samples_failed=0
  samples_missing_label=0
  avg_latency_us=160121800
  total_wall_time_sec=1602.01
  GT Top1(%)=10 Top5(%)=30
  log_file=./temp/resnet_extra_all//extra_parallel_logs/resnet50-v1-12-p5e2.dataset.log
