time_model_single_format config
  model_name=resnet50-v1-12
  format=p6e2
  target_so=./temp/resnet_extra_all//resnet50-v1-12-qdq-p6e2.so
  target_type=f32
  txt_dir=./temp/imagenette_val_224
  limit=10
  shape=1x3x224x224
  warmup=0
  iters=1
  timeout_sec=0
  baseline=none
  label_map=./temp/imagenette_val_224_labels.txt
  mode=no-benchmark

=== sample[1/10] ./temp/imagenette_val_224/img_00000.txt rc=0 ===
MAIN type=f32 avg=1.81497e+08 us (iters=1, warmup=0)
  top1=109 top5=[109,750,16,82,64]
  label=0 top1_hit=no top5_hit=no
COMPARE baseline=f32 so=./temp/resnet_extra_all//resnet50-v1-12-qdq-p6e2.so

[checkpoint] 1/10
  samples_used=1
  samples_failed=0
  samples_missing_label=0
  avg_latency_us=181497000
  GT Top1(%)=0 Top5(%)=0

[progress] 1/10
=== sample[2/10] ./temp/imagenette_val_224/img_00001.txt rc=0 ===
MAIN type=f32 avg=1.8157e+08 us (iters=1, warmup=0)
  top1=0 top5=[955,936,0,944,825]
  label=0 top1_hit=yes top5_hit=yes
COMPARE baseline=f32 so=./temp/resnet_extra_all//resnet50-v1-12-qdq-p6e2.so

[checkpoint] 2/10
  samples_used=2
  samples_failed=0
  samples_missing_label=0
  avg_latency_us=181533500
  GT Top1(%)=50 Top5(%)=50

[progress] 2/10
=== sample[3/10] ./temp/imagenette_val_224/img_00002.txt rc=0 ===
MAIN type=f32 avg=1.80466e+08 us (iters=1, warmup=0)
  top1=0 top5=[389,750,0,395,89]
  label=0 top1_hit=yes top5_hit=yes
COMPARE baseline=f32 so=./temp/resnet_extra_all//resnet50-v1-12-qdq-p6e2.so

[checkpoint] 3/10
  samples_used=3
  samples_failed=0
  samples_missing_label=0
  avg_latency_us=1.81178e+08
  GT Top1(%)=66.6667 Top5(%)=66.6667

[progress] 3/10
=== sample[4/10] ./temp/imagenette_val_224/img_00003.txt rc=0 ===
MAIN type=f32 avg=1.8146e+08 us (iters=1, warmup=0)
  top1=0 top5=[0,417,389,391,109]
  label=0 top1_hit=yes top5_hit=yes
COMPARE baseline=f32 so=./temp/resnet_extra_all//resnet50-v1-12-qdq-p6e2.so

[checkpoint] 4/10
  samples_used=4
  samples_failed=0
  samples_missing_label=0
  avg_latency_us=181248250
  GT Top1(%)=75 Top5(%)=75

[progress] 4/10
=== sample[5/10] ./temp/imagenette_val_224/img_00004.txt rc=0 ===
MAIN type=f32 avg=1.80716e+08 us (iters=1, warmup=0)
  top1=0 top5=[0,391,39,389,1]
  label=0 top1_hit=yes top5_hit=yes
COMPARE baseline=f32 so=./temp/resnet_extra_all//resnet50-v1-12-qdq-p6e2.so

[checkpoint] 5/10
  samples_used=5
  samples_failed=0
  samples_missing_label=0
  avg_latency_us=181141800
  GT Top1(%)=80 Top5(%)=80

[progress] 5/10
=== sample[6/10] ./temp/imagenette_val_224/img_00005.txt rc=0 ===
MAIN type=f32 avg=1.78942e+08 us (iters=1, warmup=0)
  top1=0 top5=[0,389,797,411,395]
  label=0 top1_hit=yes top5_hit=yes
COMPARE baseline=f32 so=./temp/resnet_extra_all//resnet50-v1-12-qdq-p6e2.so

[checkpoint] 6/10
  samples_used=6
  samples_failed=0
  samples_missing_label=0
  avg_latency_us=1.80775e+08
  GT Top1(%)=83.3333 Top5(%)=83.3333

[progress] 6/10
=== sample[7/10] ./temp/imagenette_val_224/img_00006.txt rc=0 ===
MAIN type=f32 avg=1.82269e+08 us (iters=1, warmup=0)
  top1=431 top5=[739,611,797,431,63]
  label=0 top1_hit=no top5_hit=no
COMPARE baseline=f32 so=./temp/resnet_extra_all//resnet50-v1-12-qdq-p6e2.so

[checkpoint] 7/10
  samples_used=7
  samples_failed=0
  samples_missing_label=0
  avg_latency_us=1.80989e+08
  GT Top1(%)=71.4286 Top5(%)=71.4286

[progress] 7/10
=== sample[8/10] ./temp/imagenette_val_224/img_00007.txt rc=0 ===
MAIN type=f32 avg=1.80514e+08 us (iters=1, warmup=0)
  top1=0 top5=[0,936,956,955,389]
  label=0 top1_hit=yes top5_hit=yes
COMPARE baseline=f32 so=./temp/resnet_extra_all//resnet50-v1-12-qdq-p6e2.so

[checkpoint] 8/10
  samples_used=8
  samples_failed=0
  samples_missing_label=0
  avg_latency_us=180929250
  GT Top1(%)=75 Top5(%)=75

[progress] 8/10
=== sample[9/10] ./temp/imagenette_val_224/img_00008.txt rc=0 ===
MAIN type=f32 avg=1.80639e+08 us (iters=1, warmup=0)
  top1=0 top5=[0,389,955,104,346]
  label=0 top1_hit=yes top5_hit=yes
COMPARE baseline=f32 so=./temp/resnet_extra_all//resnet50-v1-12-qdq-p6e2.so

[checkpoint] 9/10
  samples_used=9
  samples_failed=0
  samples_missing_label=0
  avg_latency_us=180897000
  GT Top1(%)=77.7778 Top5(%)=77.7778

[progress] 9/10
=== sample[10/10] ./temp/imagenette_val_224/img_00009.txt rc=0 ===
MAIN type=f32 avg=1.80589e+08 us (iters=1, warmup=0)
  top1=0 top5=[63,58,64,109,0]
  label=0 top1_hit=yes top5_hit=yes
COMPARE baseline=f32 so=./temp/resnet_extra_all//resnet50-v1-12-qdq-p6e2.so

[checkpoint] 10/10
  samples_used=10
  samples_failed=0
  samples_missing_label=0
  avg_latency_us=180866200
  GT Top1(%)=80 Top5(%)=80

[progress] 10/10

Summary
  target=resnet50-v1-12-p6e2
  samples_used=10
  samples_failed=0
  samples_missing_label=0
  avg_latency_us=180866200
  total_wall_time_sec=1809.45
  GT Top1(%)=80 Top5(%)=80
  log_file=./temp/resnet_extra_all//extra_parallel_logs/resnet50-v1-12-p6e2.dataset.log
