time_model_single_format config
  model_name=resnet50-v1-12
  format=p7e0
  target_so=./temp/resnet_extra_all//resnet50-v1-12-qdq-p7e0.so
  target_type=f32
  txt_dir=./temp/imagenette_val_224
  limit=10
  shape=1x3x224x224
  warmup=0
  iters=1
  timeout_sec=0
  baseline=none
  label_map=./temp/imagenette_val_224_labels.txt
  mode=no-benchmark

=== sample[1/10] ./temp/imagenette_val_224/img_00000.txt rc=0 ===
MAIN type=f32 avg=1.74361e+08 us (iters=1, warmup=0)
  top1=398 top5=[506,488,543,587,398]
  label=0 top1_hit=no top5_hit=no
COMPARE baseline=f32 so=./temp/resnet_extra_all//resnet50-v1-12-qdq-p7e0.so

[checkpoint] 1/10
  samples_used=1
  samples_failed=0
  samples_missing_label=0
  avg_latency_us=174361000
  GT Top1(%)=0 Top5(%)=0

[progress] 1/10
=== sample[2/10] ./temp/imagenette_val_224/img_00001.txt rc=0 ===
MAIN type=f32 avg=1.73961e+08 us (iters=1, warmup=0)
  top1=794 top5=[794,767,600,543,488]
  label=0 top1_hit=no top5_hit=no
COMPARE baseline=f32 so=./temp/resnet_extra_all//resnet50-v1-12-qdq-p7e0.so

[checkpoint] 2/10
  samples_used=2
  samples_failed=0
  samples_missing_label=0
  avg_latency_us=174161000
  GT Top1(%)=0 Top5(%)=0

[progress] 2/10
=== sample[3/10] ./temp/imagenette_val_224/img_00002.txt rc=0 ===
MAIN type=f32 avg=1.712e+08 us (iters=1, warmup=0)
  top1=506 top5=[506,446,794,488,421]
  label=0 top1_hit=no top5_hit=no
COMPARE baseline=f32 so=./temp/resnet_extra_all//resnet50-v1-12-qdq-p7e0.so

[checkpoint] 3/10
  samples_used=3
  samples_failed=0
  samples_missing_label=0
  avg_latency_us=173174000
  GT Top1(%)=0 Top5(%)=0

[progress] 3/10
=== sample[4/10] ./temp/imagenette_val_224/img_00003.txt rc=0 ===
MAIN type=f32 avg=1.7367e+08 us (iters=1, warmup=0)
  top1=398 top5=[506,398,585,591,488]
  label=0 top1_hit=no top5_hit=no
COMPARE baseline=f32 so=./temp/resnet_extra_all//resnet50-v1-12-qdq-p7e0.so

[checkpoint] 4/10
  samples_used=4
  samples_failed=0
  samples_missing_label=0
  avg_latency_us=173298000
  GT Top1(%)=0 Top5(%)=0

[progress] 4/10
=== sample[5/10] ./temp/imagenette_val_224/img_00004.txt rc=0 ===
MAIN type=f32 avg=1.7358e+08 us (iters=1, warmup=0)
  top1=488 top5=[506,591,794,488,585]
  label=0 top1_hit=no top5_hit=no
COMPARE baseline=f32 so=./temp/resnet_extra_all//resnet50-v1-12-qdq-p7e0.so

[checkpoint] 5/10
  samples_used=5
  samples_failed=0
  samples_missing_label=0
  avg_latency_us=173354400
  GT Top1(%)=0 Top5(%)=0

[progress] 5/10
=== sample[6/10] ./temp/imagenette_val_224/img_00005.txt rc=0 ===
MAIN type=f32 avg=1.73391e+08 us (iters=1, warmup=0)
  top1=794 top5=[794,721,700,868,591]
  label=0 top1_hit=no top5_hit=no
COMPARE baseline=f32 so=./temp/resnet_extra_all//resnet50-v1-12-qdq-p7e0.so

[checkpoint] 6/10
  samples_used=6
  samples_failed=0
  samples_missing_label=0
  avg_latency_us=173360500
  GT Top1(%)=0 Top5(%)=0

[progress] 6/10
=== sample[7/10] ./temp/imagenette_val_224/img_00006.txt rc=0 ===
MAIN type=f32 avg=1.74353e+08 us (iters=1, warmup=0)
  top1=488 top5=[599,506,600,767,488]
  label=0 top1_hit=no top5_hit=no
COMPARE baseline=f32 so=./temp/resnet_extra_all//resnet50-v1-12-qdq-p7e0.so

[checkpoint] 7/10
  samples_used=7
  samples_failed=0
  samples_missing_label=0
  avg_latency_us=1.73502e+08
  GT Top1(%)=0 Top5(%)=0

[progress] 7/10
=== sample[8/10] ./temp/imagenette_val_224/img_00007.txt rc=0 ===
MAIN type=f32 avg=1.74763e+08 us (iters=1, warmup=0)
  top1=488 top5=[794,488,506,398,585]
  label=0 top1_hit=no top5_hit=no
COMPARE baseline=f32 so=./temp/resnet_extra_all//resnet50-v1-12-qdq-p7e0.so

[checkpoint] 8/10
  samples_used=8
  samples_failed=0
  samples_missing_label=0
  avg_latency_us=173659875
  GT Top1(%)=0 Top5(%)=0

[progress] 8/10
=== sample[9/10] ./temp/imagenette_val_224/img_00008.txt rc=0 ===
MAIN type=f32 avg=1.74498e+08 us (iters=1, warmup=0)
  top1=398 top5=[398,591,600,700,488]
  label=0 top1_hit=no top5_hit=no
COMPARE baseline=f32 so=./temp/resnet_extra_all//resnet50-v1-12-qdq-p7e0.so

[checkpoint] 9/10
  samples_used=9
  samples_failed=0
  samples_missing_label=0
  avg_latency_us=173753000
  GT Top1(%)=0 Top5(%)=0

[progress] 9/10
=== sample[10/10] ./temp/imagenette_val_224/img_00009.txt rc=0 ===
MAIN type=f32 avg=1.72366e+08 us (iters=1, warmup=0)
  top1=599 top5=[599,506,418,488,446]
  label=0 top1_hit=no top5_hit=no
COMPARE baseline=f32 so=./temp/resnet_extra_all//resnet50-v1-12-qdq-p7e0.so

[checkpoint] 10/10
  samples_used=10
  samples_failed=0
  samples_missing_label=0
  avg_latency_us=173614300
  GT Top1(%)=0 Top5(%)=0

[progress] 10/10

Summary
  target=resnet50-v1-12-p7e0
  samples_used=10
  samples_failed=0
  samples_missing_label=0
  avg_latency_us=173614300
  total_wall_time_sec=1736.93
  GT Top1(%)=0 Top5(%)=0
  log_file=./temp/resnet_extra_all//extra_parallel_logs/resnet50-v1-12-p7e0.dataset.log
