time_model_single_format config
  model_name=resnet50-v1-12
  format=p9e3
  target_so=./temp/resnet_extra_all//resnet50-v1-12-qdq-p9e3.so
  target_type=f32
  txt_dir=./temp/imagenette_val_224
  limit=10
  shape=1x3x224x224
  warmup=0
  iters=1
  timeout_sec=0
  baseline=none
  label_map=./temp/imagenette_val_224_labels.txt
  mode=no-benchmark

=== sample[1/10] ./temp/imagenette_val_224/img_00000.txt rc=0 ===
MAIN type=f32 avg=2.77277e+08 us (iters=1, warmup=0)
  top1=0 top5=[0,758,389,391,395]
  label=0 top1_hit=yes top5_hit=yes
COMPARE baseline=f32 so=./temp/resnet_extra_all//resnet50-v1-12-qdq-p9e3.so

[checkpoint] 1/10
  samples_used=1
  samples_failed=0
  samples_missing_label=0
  avg_latency_us=277277000
  GT Top1(%)=100 Top5(%)=100

[progress] 1/10
=== sample[2/10] ./temp/imagenette_val_224/img_00001.txt rc=0 ===
MAIN type=f32 avg=2.76326e+08 us (iters=1, warmup=0)
  top1=0 top5=[0,389,394,395,391]
  label=0 top1_hit=yes top5_hit=yes
COMPARE baseline=f32 so=./temp/resnet_extra_all//resnet50-v1-12-qdq-p9e3.so

[checkpoint] 2/10
  samples_used=2
  samples_failed=0
  samples_missing_label=0
  avg_latency_us=276801500
  GT Top1(%)=100 Top5(%)=100

[progress] 2/10
=== sample[3/10] ./temp/imagenette_val_224/img_00002.txt rc=0 ===
MAIN type=f32 avg=2.77359e+08 us (iters=1, warmup=0)
  top1=0 top5=[0,389,391,758,390]
  label=0 top1_hit=yes top5_hit=yes
COMPARE baseline=f32 so=./temp/resnet_extra_all//resnet50-v1-12-qdq-p9e3.so

[checkpoint] 3/10
  samples_used=3
  samples_failed=0
  samples_missing_label=0
  avg_latency_us=2.76987e+08
  GT Top1(%)=100 Top5(%)=100

[progress] 3/10
=== sample[4/10] ./temp/imagenette_val_224/img_00003.txt rc=0 ===
MAIN type=f32 avg=2.76522e+08 us (iters=1, warmup=0)
  top1=0 top5=[0,389,391,394,390]
  label=0 top1_hit=yes top5_hit=yes
COMPARE baseline=f32 so=./temp/resnet_extra_all//resnet50-v1-12-qdq-p9e3.so

[checkpoint] 4/10
  samples_used=4
  samples_failed=0
  samples_missing_label=0
  avg_latency_us=276871000
  GT Top1(%)=100 Top5(%)=100

[progress] 4/10
=== sample[5/10] ./temp/imagenette_val_224/img_00004.txt rc=0 ===
MAIN type=f32 avg=2.77162e+08 us (iters=1, warmup=0)
  top1=0 top5=[0,389,391,363,103]
  label=0 top1_hit=yes top5_hit=yes
COMPARE baseline=f32 so=./temp/resnet_extra_all//resnet50-v1-12-qdq-p9e3.so

[checkpoint] 5/10
  samples_used=5
  samples_failed=0
  samples_missing_label=0
  avg_latency_us=276929200
  GT Top1(%)=100 Top5(%)=100

[progress] 5/10
=== sample[6/10] ./temp/imagenette_val_224/img_00005.txt rc=0 ===
MAIN type=f32 avg=2.70209e+08 us (iters=1, warmup=0)
  top1=0 top5=[0,390,389,391,1]
  label=0 top1_hit=yes top5_hit=yes
COMPARE baseline=f32 so=./temp/resnet_extra_all//resnet50-v1-12-qdq-p9e3.so

[checkpoint] 6/10
  samples_used=6
  samples_failed=0
  samples_missing_label=0
  avg_latency_us=2.75809e+08
  GT Top1(%)=100 Top5(%)=100

[progress] 6/10
=== sample[7/10] ./temp/imagenette_val_224/img_00006.txt rc=0 ===
MAIN type=f32 avg=2.72299e+08 us (iters=1, warmup=0)
  top1=0 top5=[0,389,391,395,394]
  label=0 top1_hit=yes top5_hit=yes
COMPARE baseline=f32 so=./temp/resnet_extra_all//resnet50-v1-12-qdq-p9e3.so

[checkpoint] 7/10
  samples_used=7
  samples_failed=0
  samples_missing_label=0
  avg_latency_us=2.75308e+08
  GT Top1(%)=100 Top5(%)=100

[progress] 7/10
=== sample[8/10] ./temp/imagenette_val_224/img_00007.txt rc=0 ===
MAIN type=f32 avg=2.74002e+08 us (iters=1, warmup=0)
  top1=0 top5=[0,389,395,391,758]
  label=0 top1_hit=yes top5_hit=yes
COMPARE baseline=f32 so=./temp/resnet_extra_all//resnet50-v1-12-qdq-p9e3.so

[checkpoint] 8/10
  samples_used=8
  samples_failed=0
  samples_missing_label=0
  avg_latency_us=275144500
  GT Top1(%)=100 Top5(%)=100

[progress] 8/10
=== sample[9/10] ./temp/imagenette_val_224/img_00008.txt rc=0 ===
MAIN type=f32 avg=2.68918e+08 us (iters=1, warmup=0)
  top1=0 top5=[0,389,391,395,394]
  label=0 top1_hit=yes top5_hit=yes
COMPARE baseline=f32 so=./temp/resnet_extra_all//resnet50-v1-12-qdq-p9e3.so

[checkpoint] 9/10
  samples_used=9
  samples_failed=0
  samples_missing_label=0
  avg_latency_us=2.74453e+08
  GT Top1(%)=100 Top5(%)=100

[progress] 9/10
=== sample[10/10] ./temp/imagenette_val_224/img_00009.txt rc=0 ===
MAIN type=f32 avg=2.65142e+08 us (iters=1, warmup=0)
  top1=0 top5=[0,390,389,29,114]
  label=0 top1_hit=yes top5_hit=yes
COMPARE baseline=f32 so=./temp/resnet_extra_all//resnet50-v1-12-qdq-p9e3.so

[checkpoint] 10/10
  samples_used=10
  samples_failed=0
  samples_missing_label=0
  avg_latency_us=273521600
  GT Top1(%)=100 Top5(%)=100

[progress] 10/10

Summary
  target=resnet50-v1-12-p9e3
  samples_used=10
  samples_failed=0
  samples_missing_label=0
  avg_latency_us=273521600
  total_wall_time_sec=2736.09
  GT Top1(%)=100 Top5(%)=100
  log_file=./temp/resnet_extra_all//extra_parallel_logs/resnet50-v1-12-p9e3.dataset.log
