time_model_single_format config
  model_name=resnet50-v1-12
  format=p9e1
  target_so=./temp/resnet_extra_all//resnet50-v1-12-qdq-p9e1.so
  target_type=f32
  txt_dir=./temp/imagenette_val_224
  limit=10
  shape=1x3x224x224
  warmup=0
  iters=1
  timeout_sec=0
  baseline=none
  label_map=./temp/imagenette_val_224_labels.txt
  mode=no-benchmark

=== sample[1/10] ./temp/imagenette_val_224/img_00000.txt rc=0 ===
MAIN type=f32 avg=2.58319e+08 us (iters=1, warmup=0)
  top1=0 top5=[0,389,758,391,764]
  label=0 top1_hit=yes top5_hit=yes
COMPARE baseline=f32 so=./temp/resnet_extra_all//resnet50-v1-12-qdq-p9e1.so

[checkpoint] 1/10
  samples_used=1
  samples_failed=0
  samples_missing_label=0
  avg_latency_us=258319000
  GT Top1(%)=100 Top5(%)=100

[progress] 1/10
=== sample[2/10] ./temp/imagenette_val_224/img_00001.txt rc=0 ===
MAIN type=f32 avg=2.57221e+08 us (iters=1, warmup=0)
  top1=0 top5=[0,389,395,394,391]
  label=0 top1_hit=yes top5_hit=yes
COMPARE baseline=f32 so=./temp/resnet_extra_all//resnet50-v1-12-qdq-p9e1.so

[checkpoint] 2/10
  samples_used=2
  samples_failed=0
  samples_missing_label=0
  avg_latency_us=257770000
  GT Top1(%)=100 Top5(%)=100

[progress] 2/10
=== sample[3/10] ./temp/imagenette_val_224/img_00002.txt rc=0 ===
MAIN type=f32 avg=2.57639e+08 us (iters=1, warmup=0)
  top1=0 top5=[0,389,391,392,390]
  label=0 top1_hit=yes top5_hit=yes
COMPARE baseline=f32 so=./temp/resnet_extra_all//resnet50-v1-12-qdq-p9e1.so

[checkpoint] 3/10
  samples_used=3
  samples_failed=0
  samples_missing_label=0
  avg_latency_us=2.57726e+08
  GT Top1(%)=100 Top5(%)=100

[progress] 3/10
=== sample[4/10] ./temp/imagenette_val_224/img_00003.txt rc=0 ===
MAIN type=f32 avg=2.57692e+08 us (iters=1, warmup=0)
  top1=0 top5=[0,389,394,391,390]
  label=0 top1_hit=yes top5_hit=yes
COMPARE baseline=f32 so=./temp/resnet_extra_all//resnet50-v1-12-qdq-p9e1.so

[checkpoint] 4/10
  samples_used=4
  samples_failed=0
  samples_missing_label=0
  avg_latency_us=257717750
  GT Top1(%)=100 Top5(%)=100

[progress] 4/10
=== sample[5/10] ./temp/imagenette_val_224/img_00004.txt rc=0 ===
MAIN type=f32 avg=2.57925e+08 us (iters=1, warmup=0)
  top1=0 top5=[0,389,391,395,394]
  label=0 top1_hit=yes top5_hit=yes
COMPARE baseline=f32 so=./temp/resnet_extra_all//resnet50-v1-12-qdq-p9e1.so

[checkpoint] 5/10
  samples_used=5
  samples_failed=0
  samples_missing_label=0
  avg_latency_us=257759200
  GT Top1(%)=100 Top5(%)=100

[progress] 5/10
=== sample[6/10] ./temp/imagenette_val_224/img_00005.txt rc=0 ===
MAIN type=f32 avg=2.55774e+08 us (iters=1, warmup=0)
  top1=0 top5=[0,389,390,391,392]
  label=0 top1_hit=yes top5_hit=yes
COMPARE baseline=f32 so=./temp/resnet_extra_all//resnet50-v1-12-qdq-p9e1.so

[checkpoint] 6/10
  samples_used=6
  samples_failed=0
  samples_missing_label=0
  avg_latency_us=2.57428e+08
  GT Top1(%)=100 Top5(%)=100

[progress] 6/10
=== sample[7/10] ./temp/imagenette_val_224/img_00006.txt rc=0 ===
MAIN type=f32 avg=2.60005e+08 us (iters=1, warmup=0)
  top1=0 top5=[0,389,391,394,395]
  label=0 top1_hit=yes top5_hit=yes
COMPARE baseline=f32 so=./temp/resnet_extra_all//resnet50-v1-12-qdq-p9e1.so

[checkpoint] 7/10
  samples_used=7
  samples_failed=0
  samples_missing_label=0
  avg_latency_us=2.57796e+08
  GT Top1(%)=100 Top5(%)=100

[progress] 7/10
=== sample[8/10] ./temp/imagenette_val_224/img_00007.txt rc=0 ===
MAIN type=f32 avg=2.55918e+08 us (iters=1, warmup=0)
  top1=0 top5=[0,389,395,391,758]
  label=0 top1_hit=yes top5_hit=yes
COMPARE baseline=f32 so=./temp/resnet_extra_all//resnet50-v1-12-qdq-p9e1.so

[checkpoint] 8/10
  samples_used=8
  samples_failed=0
  samples_missing_label=0
  avg_latency_us=257561625
  GT Top1(%)=100 Top5(%)=100

[progress] 8/10
=== sample[9/10] ./temp/imagenette_val_224/img_00008.txt rc=0 ===
MAIN type=f32 avg=2.51805e+08 us (iters=1, warmup=0)
  top1=0 top5=[0,389,391,395,394]
  label=0 top1_hit=yes top5_hit=yes
COMPARE baseline=f32 so=./temp/resnet_extra_all//resnet50-v1-12-qdq-p9e1.so

[checkpoint] 9/10
  samples_used=9
  samples_failed=0
  samples_missing_label=0
  avg_latency_us=256922000
  GT Top1(%)=100 Top5(%)=100

[progress] 9/10
=== sample[10/10] ./temp/imagenette_val_224/img_00009.txt rc=0 ===
MAIN type=f32 avg=2.50875e+08 us (iters=1, warmup=0)
  top1=0 top5=[0,389,390,29,114]
  label=0 top1_hit=yes top5_hit=yes
COMPARE baseline=f32 so=./temp/resnet_extra_all//resnet50-v1-12-qdq-p9e1.so

[checkpoint] 10/10
  samples_used=10
  samples_failed=0
  samples_missing_label=0
  avg_latency_us=256317300
  GT Top1(%)=100 Top5(%)=100

[progress] 10/10

Summary
  target=resnet50-v1-12-p9e1
  samples_used=10
  samples_failed=0
  samples_missing_label=0
  avg_latency_us=256317300
  total_wall_time_sec=2564.01
  GT Top1(%)=100 Top5(%)=100
  log_file=./temp/resnet_extra_all//extra_parallel_logs/resnet50-v1-12-p9e1.dataset.log
