time_model_single_format config
  model_name=resnet50-v1-12
  format=p6e0
  target_so=./temp/resnet_extra_all//resnet50-v1-12-qdq-p6e0.so
  target_type=f32
  txt_dir=./temp/imagenette_val_224
  limit=10
  shape=1x3x224x224
  warmup=0
  iters=1
  timeout_sec=0
  baseline=none
  label_map=./temp/imagenette_val_224_labels.txt
  mode=no-benchmark

=== sample[1/10] ./temp/imagenette_val_224/img_00000.txt rc=0 ===
MAIN type=f32 avg=1.64876e+08 us (iters=1, warmup=0)
  top1=506 top5=[506,733,600,421,489]
  label=0 top1_hit=no top5_hit=no
COMPARE baseline=f32 so=./temp/resnet_extra_all//resnet50-v1-12-qdq-p6e0.so

[checkpoint] 1/10
  samples_used=1
  samples_failed=0
  samples_missing_label=0
  avg_latency_us=164876000
  GT Top1(%)=0 Top5(%)=0

[progress] 1/10
=== sample[2/10] ./temp/imagenette_val_224/img_00001.txt rc=0 ===
MAIN type=f32 avg=1.64477e+08 us (iters=1, warmup=0)
  top1=506 top5=[600,733,506,632,559]
  label=0 top1_hit=no top5_hit=no
COMPARE baseline=f32 so=./temp/resnet_extra_all//resnet50-v1-12-qdq-p6e0.so

[checkpoint] 2/10
  samples_used=2
  samples_failed=0
  samples_missing_label=0
  avg_latency_us=164676500
  GT Top1(%)=0 Top5(%)=0

[progress] 2/10
=== sample[3/10] ./temp/imagenette_val_224/img_00002.txt rc=0 ===
MAIN type=f32 avg=1.64087e+08 us (iters=1, warmup=0)
  top1=559 top5=[559,733,488,600,506]
  label=0 top1_hit=no top5_hit=no
COMPARE baseline=f32 so=./temp/resnet_extra_all//resnet50-v1-12-qdq-p6e0.so

[checkpoint] 3/10
  samples_used=3
  samples_failed=0
  samples_missing_label=0
  avg_latency_us=164480000
  GT Top1(%)=0 Top5(%)=0

[progress] 3/10
=== sample[4/10] ./temp/imagenette_val_224/img_00003.txt rc=0 ===
MAIN type=f32 avg=1.65365e+08 us (iters=1, warmup=0)
  top1=506 top5=[506,733,559,600,489]
  label=0 top1_hit=no top5_hit=no
COMPARE baseline=f32 so=./temp/resnet_extra_all//resnet50-v1-12-qdq-p6e0.so

[checkpoint] 4/10
  samples_used=4
  samples_failed=0
  samples_missing_label=0
  avg_latency_us=164701250
  GT Top1(%)=0 Top5(%)=0

[progress] 4/10
=== sample[5/10] ./temp/imagenette_val_224/img_00004.txt rc=0 ===
MAIN type=f32 avg=1.65216e+08 us (iters=1, warmup=0)
  top1=506 top5=[506,600,488,632,559]
  label=0 top1_hit=no top5_hit=no
COMPARE baseline=f32 so=./temp/resnet_extra_all//resnet50-v1-12-qdq-p6e0.so

[checkpoint] 5/10
  samples_used=5
  samples_failed=0
  samples_missing_label=0
  avg_latency_us=164804200
  GT Top1(%)=0 Top5(%)=0

[progress] 5/10
=== sample[6/10] ./temp/imagenette_val_224/img_00005.txt rc=0 ===
MAIN type=f32 avg=1.64768e+08 us (iters=1, warmup=0)
  top1=506 top5=[600,559,733,506,632]
  label=0 top1_hit=no top5_hit=no
COMPARE baseline=f32 so=./temp/resnet_extra_all//resnet50-v1-12-qdq-p6e0.so

[checkpoint] 6/10
  samples_used=6
  samples_failed=0
  samples_missing_label=0
  avg_latency_us=1.64798e+08
  GT Top1(%)=0 Top5(%)=0

[progress] 6/10
=== sample[7/10] ./temp/imagenette_val_224/img_00006.txt rc=0 ===
MAIN type=f32 avg=1.65795e+08 us (iters=1, warmup=0)
  top1=506 top5=[506,600,733,559,488]
  label=0 top1_hit=no top5_hit=no
COMPARE baseline=f32 so=./temp/resnet_extra_all//resnet50-v1-12-qdq-p6e0.so

[checkpoint] 7/10
  samples_used=7
  samples_failed=0
  samples_missing_label=0
  avg_latency_us=1.64941e+08
  GT Top1(%)=0 Top5(%)=0

[progress] 7/10
=== sample[8/10] ./temp/imagenette_val_224/img_00007.txt rc=0 ===
MAIN type=f32 avg=1.66218e+08 us (iters=1, warmup=0)
  top1=506 top5=[506,600,632,733,559]
  label=0 top1_hit=no top5_hit=no
COMPARE baseline=f32 so=./temp/resnet_extra_all//resnet50-v1-12-qdq-p6e0.so

[checkpoint] 8/10
  samples_used=8
  samples_failed=0
  samples_missing_label=0
  avg_latency_us=165100250
  GT Top1(%)=0 Top5(%)=0

[progress] 8/10
=== sample[9/10] ./temp/imagenette_val_224/img_00008.txt rc=0 ===
MAIN type=f32 avg=1.65415e+08 us (iters=1, warmup=0)
  top1=506 top5=[506,733,600,559,489]
  label=0 top1_hit=no top5_hit=no
COMPARE baseline=f32 so=./temp/resnet_extra_all//resnet50-v1-12-qdq-p6e0.so

[checkpoint] 9/10
  samples_used=9
  samples_failed=0
  samples_missing_label=0
  avg_latency_us=1.65135e+08
  GT Top1(%)=0 Top5(%)=0

[progress] 9/10
=== sample[10/10] ./temp/imagenette_val_224/img_00009.txt rc=0 ===
MAIN type=f32 avg=1.64738e+08 us (iters=1, warmup=0)
  top1=506 top5=[559,506,632,733,600]
  label=0 top1_hit=no top5_hit=no
COMPARE baseline=f32 so=./temp/resnet_extra_all//resnet50-v1-12-qdq-p6e0.so

[checkpoint] 10/10
  samples_used=10
  samples_failed=0
  samples_missing_label=0
  avg_latency_us=165095500
  GT Top1(%)=0 Top5(%)=0

[progress] 10/10

Summary
  target=resnet50-v1-12-p6e0
  samples_used=10
  samples_failed=0
  samples_missing_label=0
  avg_latency_us=165095500
  total_wall_time_sec=1651.74
  GT Top1(%)=0 Top5(%)=0
  log_file=./temp/resnet_extra_all//extra_parallel_logs/resnet50-v1-12-p6e0.dataset.log
